warning: profiles for the non root package will be ignored, specify profiles at the workspace root:
package:   /home/ormastes/dev/pub/simple/src/stub/Cargo.toml
workspace: /home/ormastes/dev/pub/simple/Cargo.toml
   Compiling simple-parser v0.1.0 (/home/ormastes/dev/pub/simple/src/parser)
   Compiling simple-runtime v0.1.0 (/home/ormastes/dev/pub/simple/src/runtime)
   Compiling simple-type v0.1.0 (/home/ormastes/dev/pub/simple/src/type)
   Compiling simple-dependency-tracker v0.1.0 (/home/ormastes/dev/pub/simple/src/dependency_tracker)
   Compiling arch_test v0.1.0 (/home/ormastes/dev/pub/simple/src/util/arch_test)
   Compiling simple-native-loader v0.1.0 (/home/ormastes/dev/pub/simple/src/native_loader)
   Compiling simple-ui v0.1.0 (/home/ormastes/dev/pub/simple/src/ui)
   Compiling simple-wasm-runtime v0.1.0 (/home/ormastes/dev/pub/simple/src/wasm-runtime)
   Compiling simple-compiler v0.1.0 (/home/ormastes/dev/pub/simple/src/compiler)
   Compiling simple-term-io v0.1.0 (/home/ormastes/dev/pub/simple/src/lib)
   Compiling simple-driver v0.1.0 (/home/ormastes/dev/pub/simple/src/driver)
   Compiling simple-dap v0.1.0 (/home/ormastes/dev/pub/simple/src/dap)
   Compiling simple-lsp v0.1.0 (/home/ormastes/dev/pub/simple/src/lsp)
   Compiling simple-tests v0.1.0 (/home/ormastes/dev/pub/simple/tests)
    Finished `test` profile [optimized + debuginfo] target(s) in 30.39s
     Running unittests src/lib.rs (target/debug/deps/arch_test-a0eb15157ede7373)

running 16 tests
test analyzer::tests::test_module_tree_creation ... ok
test layer::tests::test_layer_contains ... ok
test layer::tests::test_layer_contains_module ... ok
test layer::tests::test_layer_ref_builder ... ok
test rules::tests::test_may_not_access ... ok
test rules::tests::test_may_only_access ... ok
test rules::tests::test_no_mock_in_production ... ok
test rules::tests::test_no_skip_layer ... ok
test tests::test_architecture_creation ... ok
test tests::test_layer_names ... ok
test visualize::tests::test_dot_output ... ok
test visualize::tests::test_layer_graph_building ... ok
test visualize::tests::test_mermaid_output ... ok
test visualize::tests::test_text_output ... ok
test analyzer::tests::test_use_pattern_extraction ... ok
test analyzer::tests::test_analyzer_scans_files ... ok

test result: ok. 16 passed; 0 failed; 0 ignored; 0 measured; 0 filtered out; finished in 0.00s

     Running unittests src/lib.rs (target/debug/deps/simple_common-d2eb4d1232af7749)

running 39 tests
test config_env::tests::test_contains ... ok
test config_env::tests::test_default_trait ... ok
test config_env::tests::test_from_args_key_equals_value ... ok
test config_env::tests::test_from_args_key_space_value ... ok
test config_env::tests::test_from_args_boolean_flags ... ok
test config_env::tests::test_from_args_positional ... ok
test config_env::tests::test_from_args_short_flags ... ok
test config_env::tests::test_get_bool ... ok
test config_env::tests::test_get_bool_or ... ok
test config_env::tests::test_get_int ... ok
test config_env::tests::test_get_int_or ... ok
test config_env::tests::test_get_or_default ... ok
test config_env::tests::test_keys_and_iter ... ok
test config_env::tests::test_merge ... ok
test config_env::tests::test_new_is_empty ... ok
test config_env::tests::test_remove ... ok
test config_env::tests::test_set_and_get ... ok
test config_env::tests::test_with_args_chain ... ok
test diagnostic::tests::test_diagnostics_collection ... ok
test diagnostic::tests::test_error_format ... ok
test diagnostic::tests::test_json_compact ... ok
test diagnostic::tests::test_json_serialization ... ok
test diagnostic::tests::test_multi_file_diagnostics ... ok
test diagnostic::tests::test_source_registry ... ok
test diagnostic::tests::test_warning_format ... ok
test runtime_symbols::tests::test_abi_version_compatibility ... ok
test runtime_symbols::tests::test_abi_version_u32_roundtrip ... ok
test runtime_symbols::tests::test_symbol_list_not_empty ... ok
test runtime_symbols::tests::test_abi_version_display ... ok
test target::tests::test_pointer_size ... ok
test file_reader::tests::test_file_reader ... ok
test file_reader::tests::test_mapped_file ... ok
test file_reader::tests::test_read_small_file ... ok
test target::tests::test_host_arch ... ok
test target::tests::test_parse_arch ... ok
test target::tests::test_target_config ... ok
test target::tests::test_target_display ... ok
test file_reader::tests::test_read_large_file_mmap ... ok
test target::tests::test_parse_target ... ok

test result: ok. 39 passed; 0 failed; 0 ignored; 0 measured; 0 filtered out; finished in 0.00s

     Running tests/dyn_loader_tests.rs (target/debug/deps/dyn_loader_tests-3db23e9c4cbfb433)

running 6 tests
test dyn_loader_load_failure ... ok
test dyn_loader_load_success ... ok
test dyn_loader_load_with_resolver_propagates_error ... ok
test dyn_loader_load_with_resolver_uses_default_impl ... ok
test dyn_module_entry_fn_behavior ... ok
test dyn_module_get_fn_returns_none_for_unknown ... ok

test result: ok. 6 passed; 0 failed; 0 ignored; 0 measured; 0 filtered out; finished in 0.00s

     Running tests/manual_memory_tests.rs (target/debug/deps/manual_memory_tests-82188d352896b29d)

running 5 tests
test into_inner_consumes_pointer_and_updates_tracking ... ok
test handle_pool_allocates_and_resolves ... ok
test shared_and_weak_round_trip ... ok
test manual_gc_tracks_unique_lifetimes ... ok
test standalone_unique_allows_mutation_without_tracking ... ok

test result: ok. 5 passed; 0 failed; 0 ignored; 0 measured; 0 filtered out; finished in 0.00s

     Running unittests src/lib.rs (target/debug/deps/simple_compiler-986c52d068255869)

running 1021 tests
test aop_config::tests::parse_runtime_aop_config ... ok
test api_surface::tests::test_extract_public_function ... ok
test api_surface::tests::test_extract_public_struct ... ok
test api_surface::tests::test_api_diff ... ok
test api_surface::tests::test_yaml_export ... ok
test api_surface::tests::test_json_export ... ok
test arch_rules::tests::test_allow_overrides_forbid ... ok
test arch_rules::tests::test_combined_use_and_within ... ok
test arch_rules::tests::test_arch_rules_disabled ... ok
test arch_rules::tests::test_forbid_import ... ok
test arch_rules::tests::test_import_selector ... ok
test arch_rules::tests::test_type_usage_extraction ... ok
test arch_rules::tests::test_use_selector ... ok
test arch_rules::tests::test_use_selector_for_types ... ok
test arch_rules::tests::test_wildcard_import_pattern ... ok
test blocks::math::ast::tests::test_latex_array_matrix ... ok
test blocks::math::ast::tests::test_latex_array_vector ... ok
test blocks::math::ast::tests::test_latex_basic_arithmetic ... ok
test blocks::math::ast::tests::test_latex_complex_expr ... ok
test blocks::math::ast::tests::test_latex_fraction ... ok
test blocks::math::ast::tests::test_latex_greek_letters ... ok
test blocks::math::ast::tests::test_latex_integral ... ok
test blocks::math::ast::tests::test_latex_power ... ok
test blocks::math::ast::tests::test_latex_sqrt ... ok
test blocks::math::ast::tests::test_latex_sum ... ok
test blocks::math::eval::tests::test_eval_add ... ok
test blocks::math::eval::tests::test_eval_array ... ok
test blocks::math::eval::tests::test_eval_factorial ... ok
test blocks::math::eval::tests::test_eval_frac ... ok
test blocks::math::eval::tests::test_eval_gcd ... ok
test blocks::math::eval::tests::test_eval_int ... ok
test blocks::math::eval::tests::test_eval_matmul ... ok
test blocks::math::eval::tests::test_eval_mul ... ok
test blocks::math::eval::tests::test_eval_pi ... ok
test blocks::math::eval::tests::test_eval_pow ... ok
test blocks::math::eval::tests::test_eval_prod ... ok
test blocks::math::eval::tests::test_eval_sqrt ... ok
test blocks::math::eval::tests::test_eval_sum ... ok
test blocks::math::eval::tests::test_eval_zeros ... ok
test blocks::math::lexer::tests::test_tokenize_float ... ok
test blocks::math::lexer::tests::test_tokenize_identifier ... ok
test blocks::math::lexer::tests::test_tokenize_latex_warns ... ok
test blocks::math::lexer::tests::test_tokenize_number ... ok
test blocks::math::lexer::tests::test_tokenize_operators ... ok
test blocks::math::lexer::tests::test_tokenize_range ... ok
test blocks::math::lexer::tests::test_tokenize_unicode_greek ... ok
test blocks::math::parser::tests::test_parse_absolute ... ok
test blocks::math::parser::tests::test_parse_addition ... ok
test blocks::math::parser::tests::test_parse_array_literal ... ok
test blocks::math::parser::tests::test_parse_frac_function ... ok
test blocks::math::parser::tests::test_parse_function ... ok
test blocks::math::parser::tests::test_parse_grouping ... ok
test blocks::math::parser::tests::test_parse_integer ... ok
test blocks::math::parser::tests::test_parse_latex_frac ... ok
test blocks::math::parser::tests::test_parse_multiplication ... ok
test blocks::math::parser::tests::test_parse_nested_array ... ok
test blocks::math::parser::tests::test_parse_power ... ok
test blocks::math::parser::tests::test_parse_subscript ... ok
test blocks::math::parser::tests::test_parse_variable ... ok
test blocks::math::tensor::tests::test_add ... ok
test blocks::math::tensor::tests::test_arange ... ok
test blocks::math::tensor::tests::test_broadcast_add ... ok
test blocks::math::tensor::tests::test_eye ... ok
test blocks::math::tensor::tests::test_linspace ... ok
test blocks::math::tensor::tests::test_matmul ... ok
test blocks::math::tensor::tests::test_mean ... ok
test blocks::math::tensor::tests::test_ones ... ok
test blocks::math::tensor::tests::test_relu ... ok
test blocks::math::tensor::tests::test_reshape ... ok
test blocks::math::tensor::tests::test_sigmoid ... ok
test blocks::math::tensor::tests::test_sum ... ok
test blocks::math::tensor::tests::test_tensor_creation ... ok
test blocks::math::tensor::tests::test_transpose ... ok
test blocks::math::tensor::tests::test_zeros ... ok
test blocks::math::tests::test_frac_function ... ok
test blocks::math::tests::test_implicit_multiplication ... ok
test blocks::math::tests::test_latex_compat_frac ... ok
test blocks::math::tests::test_latex_compat_sqrt ... ok
test blocks::math::tests::test_pi_constant ... ok
test blocks::math::tests::test_power_operator ... ok
test blocks::math::tests::test_simple_addition ... ok
test blocks::math::tests::test_simple_integer ... ok
test blocks::math::tests::test_sqrt_function ... ok
test blocks::math::tests::test_to_latex_complex ... ok
test blocks::math::tests::test_to_latex_fraction ... ok
test blocks::math::tests::test_to_latex_from_latex_input ... ok
test blocks::math::tests::test_to_latex_simple ... ok
test blocks::math::tests::test_to_latex_sqrt ... ok
test blocks::regex::tests::test_capture_groups ... ok
test blocks::regex::tests::test_capture_groups_short_form ... ok
test blocks::regex::tests::test_flags_extraction ... ok
test blocks::regex::tests::test_invalid_quantifier_start ... ok
test blocks::regex::tests::test_regex_block_evaluate ... ok
test blocks::regex::tests::test_simple_pattern ... ok
test blocks::regex::tests::test_unbalanced_parens ... ok
test blocks::shell::tests::test_parse_assignment ... ok
test blocks::shell::tests::test_parse_pipeline ... ok
test blocks::shell::tests::test_parse_simple_command ... ok
test blocks::shell::tests::test_shell_block_evaluate ... ok
test blocks::sql::tests::test_detect_insert ... ok
test blocks::sql::tests::test_detect_select ... ok
test blocks::sql::tests::test_extract_named_params ... ok
test blocks::sql::tests::test_extract_positional_params ... ok
test blocks::sql::tests::test_mixed_params ... ok
test blocks::sql::tests::test_sql_block_evaluate ... ok
test blocks::sql::tests::test_validation_unbalanced_parens ... ok
test build_log::tests::test_add_dependency ... ok
test build_log::tests::test_add_source_file ... ok
test build_log::tests::test_build_logger_new ... ok
test build_log::tests::test_diagnostics ... ok
test build_log::tests::test_error_warning_count ... ok
test build_log::tests::test_finalize ... ok
test build_log::tests::test_phase_failure ... ok
test build_mode::tests::test_as_str ... ok
test build_mode::tests::test_default ... ok
test build_mode::tests::test_deterministic_config_default ... ok
test build_mode::tests::test_deterministic_config_disabled ... ok
test build_mode::tests::test_deterministic_config_new ... ok
test build_mode::tests::test_deterministic_config_with_normalize_paths ... ok
test build_mode::tests::test_deterministic_config_with_seed ... ok
test build_mode::tests::test_deterministic_config_with_timestamp ... ok
test build_mode::tests::test_get_timestamp_with_override ... ok
test build_mode::tests::test_get_timestamp_without_override ... ok
test build_mode::tests::test_is_debug ... ok
test build_mode::tests::test_is_release ... ok
test build_mode::tests::test_parse_debug ... ok
test build_mode::tests::test_parse_invalid ... ok
test build_mode::tests::test_parse_release ... ok
test codegen::backend_trait::tests::test_backend_kind_clone ... ok
test codegen::backend_trait::tests::test_backend_kind_copy ... ok
test codegen::backend_trait::tests::test_backend_kind_debug ... ok
test codegen::backend_trait::tests::test_backend_kind_equality ... ok
test codegen::backend_trait::tests::test_backend_kind_partial_eq ... ok
test codegen::backend_trait::tests::test_backend_selection_32bit ... ok
test codegen::backend_trait::tests::test_backend_selection_64bit ... ok
test codegen::backend_trait::tests::test_for_gpu_kernel_aarch64 ... ok
test codegen::backend_trait::tests::test_for_gpu_kernel_consistency ... ok
test codegen::backend_trait::tests::test_for_gpu_kernel_without_vulkan_feature ... ok
test codegen::backend_trait::tests::test_for_gpu_kernel_x86_64 ... ok
test codegen::backend_trait::tests::test_for_target_never_returns_software ... ok
test codegen::backend_trait::tests::test_force_backends ... ok
test codegen::buffer_pool::tests::test_buffer_pool_acquire_release ... ok
test codegen::buffer_pool::tests::test_buffer_pool_capacity ... ok
test codegen::buffer_pool::tests::test_buffer_pool_clear ... ok
test codegen::buffer_pool::tests::test_buffer_pool_into_vec ... ok
test codegen::buffer_pool::tests::test_buffer_pool_max_size ... ok
test codegen::buffer_pool::tests::test_buffer_pool_preallocate ... ok
test codegen::buffer_pool::tests::test_buffer_pool_reuse ... ok
test codegen::buffer_pool::tests::test_buffer_pool_stats ... ok
test codegen::buffer_pool::tests::test_local_buffer_pool ... ok
test codegen::buffer_pool::tests::test_pooled_buffer_deref ... ok
test codegen::buffer_pool::tests::test_thread_buffer_pool ... ok
test codegen::lean::contracts::tests::test_lean_forall_output ... ok
test codegen::lean::contracts::tests::test_lean_theorem_output ... ok
test codegen::lean::contracts::tests::test_lean_prop_output ... ok
test codegen::lean::emitter::tests::test_emit_header ... ok
test codegen::lean::emitter::tests::test_emit_complete_module ... ok
test codegen::lean::emitter::tests::test_emit_inductive ... ok
test codegen::lean::functions::tests::test_lean_function_output ... ok
test codegen::lean::functions::tests::test_lean_name_conversion ... ok
test codegen::cranelift::tests::test_compile_add_function ... ok
test codegen::lean::runner::tests::test_check_result_status ... ok
test codegen::lean::expressions::tests::test_lean_if_output ... ok
test codegen::lean::emitter::tests::test_emit_structure ... ok
test codegen::cranelift::tests::test_compile_if_else ... ok
test codegen::cranelift::tests::test_cranelift_target_support ... ok
test codegen::cranelift::tests::test_compile_comparison ... ok
test codegen::lean::expressions::tests::test_lean_expr_output ... ok
test codegen::lean::traits::tests::test_lean_class_output ... ok
test codegen::lean::traits::tests::test_lean_binding_output ... ok
test codegen::lean::traits::tests::test_lean_instance_output ... ok
test codegen::lean::emitter::tests::test_emit_function ... ok
test codegen::lean::runner::tests::test_lean_runner_creation ... ok
test codegen::cranelift::tests::test_compile_simple_function ... ok
test codegen::parallel::tests::test_parallel_codegen ... ok
test codegen::lean::verification_diagnostics::tests::test_error_codes ... ok
test codegen::lean::expressions::tests::test_lean_list_output ... ok
test codegen::lean::runner::tests::test_verification_summary ... ok
test codegen::llvm::wasm_imports::tests::test_fd_constants ... ok
test codegen::llvm::wasm_imports::tests::test_clock_id_constants ... ok
test codegen::lean::verification_diagnostics::tests::test_diagnostics_collector ... ok
test codegen::llvm::wasm_tests::tests::test_non_wasm_target_no_runtime ... ok
test codegen::parallel::tests::test_batch_codegen ... ok
test codegen::parallel::tests::test_codegen_stats ... ok
test codegen::lean::tests::test_codegen_creation ... ok
test codegen::parallel::tests::test_compiled_module_cache_clone ... ok
test codegen::lean::types::tests::test_lean_name_conversion ... ok
test codegen::lean::tests::test_codegen_with_module_name ... ok
test codegen::parallel::tests::test_compiled_module_cache ... ok
test codegen::lean::verification_diagnostics::tests::test_diagnostic_creation ... ok
test codegen::lean::verification_checker::tests::test_mutating_function_detection ... ok
test codegen::lean::types::tests::test_primitive_types ... ok
test codegen::lean::verification_checker::tests::test_io_function_detection ... ok
test codegen::llvm::wasm_imports::tests::test_wasi_module_name ... ok
test codegen::parallel::tests::test_parallel_codegen_config ... ok
test codegen::runtime_ffi::tests::build_signature_works ... ok
test codegen::runtime_ffi::tests::all_funcs_have_unique_names ... ok
test codegen::types_util::tests::test_type_id_size ... ok
test codegen::types_util::tests::test_type_to_cranelift ... ok
test codegen::parallel::tests::test_compile_empty_modules ... ok
test codegen::wasm_bindgen_gen::tests::test_extract_browser_binding ... ok
test codegen::types_util::tests::test_type_id_to_cranelift ... ok
test codegen::wasm_bindgen_gen::tests::test_extract_async_binding ... ok
test codegen::wasm_bindgen_gen::tests::test_generate_bindgen_code ... ok
test codegen::wasm_bindgen_gen::tests::test_html_loader_generation ... ok
test codegen::wasm_bindgen_gen::tests::test_js_glue_generation ... ok
test codegen::wasm_bindgen_gen::tests::test_type_conversion ... ok
test codegen::jit::tests::test_jit_multiply ... ok
test compilability::tests::test_compilability_status_merge ... ok
test compilability::tests::test_actor_builtins ... ok
test compilability::tests::test_blocking_builtins ... ok
test compilability::tests::test_function_with_array_not_compilable ... ok
test compilability::tests::test_function_with_method_call_not_compilable ... ok
test context_pack::tests::test_context_stats ... ok
test compilability::tests::test_simple_function_compilable ... ok
test context_pack::tests::test_from_target_full_transitive ... ok
test codegen::jit::tests::test_jit_conditional ... ok
test context_pack::tests::test_from_target_minimal ... ok
test context_pack::tests::test_symbol_usage_analyzer_method_calls ... ok
test context_pack::tests::test_context_pack_creation ... ok
test context_pack::tests::test_context_pack_no_target ... ok
test context_pack::tests::test_json_export ... ok
test context_pack::tests::test_symbol_usage_analyzer_struct_init ... ok
test context_pack::tests::test_symbol_usage_arrays_and_tuples ... ok
test context_pack::tests::test_symbol_usage_binary_ops ... ok
test context_pack::tests::test_symbol_usage_conditionals ... ok
test context_pack::tests::test_symbol_usage_empty_function ... ok
test context_pack::tests::test_token_savings ... ok
test codegen::jit::tests::test_jit_recursive_factorial ... ok
test coverage::tests::test_condition_coverage ... ok
test coverage::tests::test_coverage_collector_basic ... ok
test coverage::tests::test_coverage_merge ... ok
test codegen::jit::tests::test_jit_negate ... ok
test coverage::tests::test_coverage_summary ... ok
test coverage::tests::test_coverage_summary_report ... ok
test context_pack::tests::test_markdown_export ... ok
test coverage::tests::test_coverage_validation ... ok
test codegen::jit::tests::test_jit_add ... ok
test context_pack::tests::test_text_export ... ok
test context_pack::tests::test_symbol_usage_analyzer_function_calls ... ok
test coverage::tests::test_decision_coverage ... ok
test coverage::tests::test_coverage_report_sdn_output ... ok
test coverage::tests::test_execution_path ... ok
test coverage::tests::test_coverage_save_to_file ... ok
test coverage::tests::test_manual_coverage_collection ... ok
test coverage::tests::test_function_coverage_metrics ... ok
test di::tests::dependency_graph_circular_detection ... ok
test di::tests::dependency_graph_get_deps ... ok
test di::tests::dependency_graph_implementations ... ok
test codegen::jit::tests::test_jit_simple_return ... ok
test di::tests::dependency_graph_no_circular ... ok
test di::tests::di_container_no_binding ... ok
test di::tests::di_container_resolve_type ... ok
test codegen::jit::tests::test_jit_subtract ... ok
test di::tests::parse_di_config_basic ... ok
test di::tests::match_pattern_segments ... ok
test di::tests::parse_predicate_basic ... ok
test effects_cache::tests::test_effect_cache_function ... ok
test effects_cache::tests::test_effect_cache_invalidate ... ok
test codegen::jit::tests::test_jit_println_capture ... ok
test effects_cache::tests::test_effect_cache_stats ... ok
test effects_cache::tests::test_effect_cache_clear ... ok
test effects_cache::tests::test_function_effect_info ... ok
test effects_cache::tests::test_effect_cache_update ... ok
test effects_cache::tests::test_effect_cache_operation ... ok
test effects_cache::tests::test_function_effect_violations ... ok
test error::tests::test_backward_compatibility ... ok
test effects_cache::tests::test_local_effect_cache ... ok
test error::tests::test_diagnostic_format ... ok
test error::tests::test_error_with_context ... ok
test effects_cache::tests::test_operation_effect_info ... ok
test error::tests::test_error_creation ... ok
test error::typo::tests::test_find_similar ... ok
test effects_cache::tests::test_effect_cache_prewarm ... ok
test error::typo::tests::test_format_suggestion ... ok
test error::typo::tests::test_levenshtein_distance ... ok
test error::typo::tests::test_suggest_name ... ok
test error_explanations::tests::test_error_explanation_builder ... ok
test error_explanations::tests::test_error_registry ... ok
test formatter::tests::test_format_invalid_source ... ok
test error_explanations::tests::test_json_serialization ... ok
test error_explanations::tests::test_json_compact ... ok
test hir::arena::tests::test_hir_arena_basic ... ok
test hir::arena::tests::test_hir_arena_slices ... ok
test formatter::tests::test_format_valid_source ... ok
test hir::arena::tests::test_hir_arena_stats ... ok
test hir::capability::tests::test_invalid_conversions ... ok
test hir::capability::tests::test_isolated_no_aliasing ... ok
test hir::arena::tests::test_hir_arena_with_capacity ... ok
test hir::capability::tests::test_mode_allows_iso ... ok
test hir::capability::tests::test_exclusive_no_aliasing ... ok
test hir::capability::tests::test_mode_compatibility_lock_base ... ok
test hir::capability::tests::test_mode_compatibility_unsafe ... ok
test hir::capability::tests::test_mode_from_attr ... ok
test hir::capability::tests::test_mode_allows_mut ... ok
test hir::arena::tests::test_hir_thread_arena ... ok
test hir::capability::tests::test_mode_compatibility_actor ... ok
test hir::capability::tests::test_shared_always_acquirable ... ok
test hir::capability::tests::test_valid_conversions ... ok
test hir::capability::tests::test_release_allows_reacquire ... ok
test hir::lower::parallel::tests::test_lower_modules_parallel_single ... ok
test hir::lower::parallel::tests::test_batch_lowerer_stats ... ok
test hir::lower::parallel::tests::test_parallel_lower_config ... ok
test hir::lower::parallel::tests::test_lower_single ... ok
test hir::lower::parallel::tests::test_parallel_module_lowerer_with_errors ... ok
test hir::lower::parallel::tests::test_sequential_below_threshold ... ok
test hir::lower::tests::advanced::gpu_ops::test_gpu_atomic_add ... ok
test hir::lower::tests::advanced::gpu_ops::test_gpu_atomic_exchange ... ok
test hir::lower::tests::advanced::gpu_ops::test_gpu_atomic_min_max ... ok
test hir::lower::tests::advanced::gpu_ops::test_gpu_atomic_bitwise ... ok
test hir::lower::tests::advanced::gpu_ops::test_gpu_atomic_sub ... ok
test hir::lower::tests::advanced::gpu_ops::test_gpu_atomic_compare_exchange ... ok
test hir::lower::tests::advanced::gpu_ops::test_gpu_global_id ... ok
test hir::lower::tests::advanced::gpu_ops::test_gpu_barrier ... ok
test hir::lower::tests::advanced::gpu_ops::test_gpu_local_size ... ok
test hir::lower::tests::advanced::simd_intrinsics::test_simd_group_index_intrinsic ... ok
test hir::lower::tests::advanced::gpu_ops::test_gpu_global_id_with_dim ... ok
test hir::lower::tests::advanced::simd_intrinsics::test_simd_this_index_intrinsic ... ok
test hir::lower::tests::advanced::simd_intrinsics::test_simd_thread_index_intrinsic ... ok
test hir::lower::tests::advanced::simd_intrinsics::test_simd_left_neighbor_access ... ok
test hir::lower::tests::advanced::simd_intrinsics::test_thread_group_id ... ok
test hir::lower::tests::advanced::simd_intrinsics::test_simd_right_neighbor_access ... ok
test hir::lower::tests::advanced::simd_intrinsics::test_thread_group_size ... ok
test hir::lower::tests::advanced::simd_memory::test_simd_clamp ... ok
test hir::lower::tests::advanced::simd_intrinsics::test_thread_group_barrier ... ok
test hir::lower::tests::advanced::simd_memory::test_simd_gather ... ok
test hir::lower::tests::advanced::simd_memory::test_simd_masked_load ... ok
test hir::lower::tests::advanced::simd_memory::test_simd_max_vec ... ok
test hir::lower::tests::advanced::simd_memory::test_simd_fma ... ok
test hir::lower::tests::advanced::simd_memory::test_simd_masked_store ... ok
test hir::lower::tests::advanced::simd_memory::test_simd_min_vec ... ok
test hir::lower::tests::advanced::simd_memory::test_simd_load ... ok
test hir::lower::tests::advanced::simd_memory::test_simd_store ... ok
test hir::lower::tests::advanced::simd_swizzle::test_simd_swizzle_partial ... ok
test hir::lower::tests::advanced::simd_memory::test_simd_recip ... ok
test hir::lower::tests::advanced::simd_swizzle::test_simd_swizzle_reverse ... ok
test hir::lower::tests::advanced::simd_memory::test_simd_scatter ... ok
test hir::lower::tests::advanced::simd_vectors::test_simd_vec_addition ... ok
test hir::lower::tests::advanced::simd_vectors::test_simd_vec_abs ... ok
test hir::lower::tests::advanced::simd_vectors::test_simd_decorator_with_bounds ... ok
test hir::lower::tests::advanced::simd_vectors::test_simd_vec_all_any_reduction ... ok
test hir::lower::tests::advanced::simd_vectors::test_simd_vec_comparison ... ok
test hir::lower::tests::advanced::simd_swizzle::test_simd_swizzle_broadcast ... ok
test hir::lower::tests::advanced::simd_vectors::test_simd_vec_extract ... ok
test hir::lower::tests::advanced::simd_swizzle::test_simd_swizzle_rgba ... ok
test hir::lower::tests::advanced::simd_vectors::test_simd_vec_inferred_type ... ok
test hir::lower::tests::advanced::simd_vectors::test_simd_vec_floor_ceil_round ... ok
test hir::lower::tests::advanced::simd_vectors::test_simd_vec_literal ... ok
test hir::lower::tests::advanced::simd_vectors::test_simd_vec_min_max_reduction ... ok
test hir::lower::tests::advanced::simd_swizzle::test_simd_swizzle_single ... ok
test hir::lower::tests::advanced::simd_vectors::test_simd_vec_select ... ok
test hir::lower::tests::advanced::simd_vectors::test_simd_vec_shuffle ... ok
test hir::lower::tests::class_tests::test_lower_struct ... ok
test hir::lower::tests::advanced::simd_vectors::test_simd_vec_blend ... ok
test hir::lower::tests::class_tests::test_unknown_variable_error ... ok
test hir::lower::tests::control_flow_tests::test_lower_if_statement ... ok
test hir::lower::tests::advanced::simd_swizzle::test_simd_swizzle_xyzw ... ok
test hir::lower::tests::control_flow_tests::test_lower_while_loop ... ok
test hir::lower::tests::expression_tests::test_infer_type_from_binary_arithmetic ... ok
test hir::lower::tests::advanced::simd_vectors::test_simd_vec_sum_reduction ... ok
test hir::lower::tests::expression_tests::test_lower_array_expression ... ok
test hir::lower::tests::expression_tests::test_lower_binary_ops ... ok
test hir::lower::tests::advanced::simd_vectors::test_simd_vec_type ... ok
test hir::lower::tests::expression_tests::test_lower_empty_array ... ok
test hir::lower::tests::expression_tests::test_lower_expression_statement ... ok
test hir::lower::tests::advanced::simd_vectors::test_simd_vec_with ... ok
test hir::lower::tests::class_tests::test_unknown_type_error ... ok
test hir::lower::tests::expression_tests::test_lower_comparison_operators ... ok
test hir::lower::tests::expression_tests::test_lower_field_access ... ok
test hir::lower::tests::expression_tests::test_lower_float_literal ... ok
test hir::lower::tests::expression_tests::test_lower_function_call ... ok
test hir::lower::tests::expression_tests::test_lower_if_expression ... ok
test hir::lower::tests::advanced::simd_vectors::test_simd_vec_sqrt ... ok
test hir::lower::tests::expression_tests::test_lower_assignment ... ok
test hir::lower::tests::expression_tests::test_lower_bool_literal ... ok
test hir::lower::tests::expression_tests::test_lower_logical_operators ... ok
test hir::lower::tests::expression_tests::test_lower_nil_literal ... ok
test hir::lower::tests::expression_tests::test_lower_return_without_value ... ok
test hir::lower::tests::expression_tests::test_lower_string_literal ... ok
test hir::lower::tests::expression_tests::test_lower_tuple_expression ... ok
test hir::lower::tests::expression_tests::test_lower_index_expression ... ok
test hir::lower::tests::expression_tests::test_lower_unary_negation ... ok
test hir::lower::tests::function_tests::test_basic_types ... ok
test hir::lower::tests::function_tests::test_function_with_multiple_params ... ok
test hir::lower::tests::function_tests::test_lower_function_with_locals ... ok
test hir::lower::tests::function_tests::test_multiple_functions ... ok
test hir::memory_model::tests::test_atomic_synchronization ... ok
test hir::lower::tests::expression_tests::test_lower_literals ... ok
test hir::memory_model::tests::test_program_order ... ok
test hir::memory_model::tests::test_thread_spawn_join ... ok
test hir::lower::tests::expression_tests::test_lower_logical_not ... ok
test hir::memory_model::tests::test_transitive_happens_before ... ok
test hir::memory_model::tests::test_data_race_detection ... ok
test hir::types::code_layout::tests::test_function_layout_hint ... ok
test hir::lower::tests::function_tests::test_lower_simple_function ... ok
test hir::types::code_layout::tests::test_layout_anchor_from_str ... ok
test hir::memory_model::tests::test_lock_synchronization ... ok
test hir::memory_model::tests::test_no_race_with_synchronization ... ok
test hir::types::code_layout::tests::test_page_budget ... ok
test hir::types::code_layout::tests::test_layout_phase_from_str ... ok
test hir::types::layout_config::tests::test_anchor_patterns ... ok
test hir::types::layout_config::tests::test_layout_config_get_phase ... ok
test hir::types::layout_config::tests::test_layout_config_to_sdn ... ok
test hir::types::code_layout::tests::test_layout_phase_section_suffix ... ok
test hir::types::code_layout::tests::test_layout_phase_priority ... ok
test hir::types::layout_config::tests::test_pattern_matches ... ok
test hir::types::tests::test_all_numeric_types ... ok
test hir::types::tests::test_hir_expr_binary ... ok
test hir::types::tests::test_hir_expr_integer ... ok
test hir::types::layout_config::tests::test_phase_patterns ... ok
test hir::types::layout_config::tests::test_phase_budgets ... ok
test hir::types::tests::test_hir_function ... ok
test hir::types::tests::test_hir_module ... ok
test hir::types::tests::test_type_registry_builtins ... ok
test hir::types::tests::test_type_registry_lookup ... ok
test hir::types::tests::test_type_registry_register ... ok
test hir::types::verification::tests::test_context_ghost ... ok
test hir::types::verification::tests::test_context_scope_inheritance ... ok
test hir::types::verification::tests::test_trusted_mode ... ok
test hir::types::verification::tests::test_verification_mode_default ... ok
test hir::types::verification::tests::test_verified_mode ... ok
test hydration_manifest::tests::test_add_binding ... ok
test hydration_manifest::tests::test_builder ... ok
test hydration_manifest::tests::test_create_manifest ... ok
test hydration_manifest::tests::test_add_export ... ok
test hydration_manifest::tests::test_add_export_dedup ... ok
test hydration_manifest::tests::test_generate_hydration_script ... ok
test hydration_manifest::tests::test_sanitize_var_name ... ok
test hydration_manifest::tests::test_binding_with_options ... ok
test hydration_manifest::tests::test_set_state ... ok
test hydration_manifest::tests::test_to_json ... ok
test i18n::extractor::tests::test_extract_i18n_string ... ok
test i18n::extractor::tests::test_extract_with_line_numbers ... ok
test i18n::extractor::tests::test_extract_with_scope ... ok
test i18n::locale::tests::test_extract_locale_from_path ... ok
test i18n::locale::tests::test_escape_simple_string ... ok
test i18n::locale::tests::test_locale_file_to_simple_source ... ok
test i18n::locale::tests::test_parse_val_declaration ... ok
test hydration_manifest::tests::test_escape_js_string ... ok
test i18n::registry::tests::test_load_and_lookup ... ok
test incremental::tests::test_builder_complete_and_stats ... ok
test incremental::tests::test_cached_artifact ... ok
test incremental::tests::test_cached_artifact_expiration ... ok
test incremental::tests::test_content_hash_consistency ... ok
test incremental::tests::test_builder_parse_complex_source ... ok
test incremental::tests::test_dependency_chain_invalidation ... ok
test i18n::registry::tests::test_locale_fallback ... ok
test incremental::tests::test_in_progress_status ... ok
test incremental::tests::test_get_dirty_files ... ok
test incremental::tests::test_incremental_config ... ok
test incremental::tests::test_incremental_builder ... ok
test incremental::tests::test_builder_fail ... ok
test incremental::tests::test_incremental_state_clear ... ok
test incremental::tests::test_incremental_state_complete ... ok
test i18n::registry::tests::test_loaded_locales ... ok
test incremental::tests::test_incremental_state_dirty ... ok
test incremental::tests::test_stats_ratios ... ok
test incremental::tests::test_incremental_stats ... ok
test i18n::registry::tests::test_lookup_or_placeholder ... ok
test incremental::tests::test_incremental_state_register ... ok
test interpreter_contract::tests::test_check_contract_passes ... ok
test interpreter_contract::tests::test_check_contract_fails - should panic ... ok
test interpreter_contract::tests::test_check_contract_with_message - should panic ... ok
test interpreter_contract::tests::test_old_value_capture ... ok
test incremental::tests::test_invalidate_all ... ok
test interpreter_ffi::tests::test_compiled_fn_registry ... ok
test incremental::tests::test_multiple_dependents ... ok
test interpreter_ffi::tests::test_init_clear_state ... ok
test incremental::tests::test_source_info_content_hash ... ok
test interpreter_ffi::tests::test_set_get_var ... ok
test layout_recorder::tests::test_function_record_phase_inference ... ok
test layout_recorder::tests::test_export_sdn ... ok
test ir_export::tests::test_export_ast_json_simple ... ok
test layout_recorder::tests::test_recording_markers ... ok
test build_log::tests::test_phase_tracking ... ok
test build_log::tests::test_total_duration ... ok
test layout_recorder::tests::test_recording_session ... ok
test ir_export::tests::test_export_hir_json ... ok
test linker::analysis::analyzer::tests::test_address_of_reference ... ok
test linker::analysis::analyzer::tests::test_analysis_stats ... ok
test incremental::tests::test_source_info_definitions ... ok
test ir_export::tests::test_export_mir_json ... ok
test linker::analysis::analyzer::tests::test_analyzed_symbol ... ok
test linker::analysis::analyzer::tests::test_dead_ratio_edge_cases ... ok
test layout_recorder::tests::test_global_recording ... ok
test linker::analysis::analyzer::tests::test_deep_call_chain ... ok
test linker::analysis::analyzer::tests::test_empty_graph ... ok
test linker::analysis::analyzer::tests::test_find_cycles ... ok
test linker::analysis::analyzer::tests::test_data_vs_call_references ... ok
test linker::builder::tests::test_builder_libraries_batch ... ok
test linker::builder::tests::test_builder_linker_name ... ok
test linker::builder::tests::test_link_validation_no_objects ... ok
test linker::analysis::analyzer::tests::test_complex_cycle_detection ... ok
test linker::builder::tests::test_link_validation_no_output ... ok
test linker::analysis::analyzer::tests::test_grouped_symbols_order ... ok
test linker::analysis::analyzer::tests::test_hidden_visibility ... ok
test linker::interner::tests::test_common_symbols ... ok
test linker::interner::tests::test_hashed_interner ... ok
test linker::interner::tests::test_hash_precomputation_performance ... ok
test linker::analysis::analyzer::tests::test_imports_exports ... ok
test linker::interner::tests::test_hashed_interner_get ... ok
test linker::interner::tests::test_hashed_symbol ... ok
test linker::interner::tests::test_interned_symbol_table ... ok
test linker::analysis::analyzer::tests::test_imports_not_marked_dead ... ok
test linker::interner::tests::test_o1_comparison ... ok
test linker::interner::tests::test_precomputed_hash ... ok
test linker::analysis::analyzer::tests::test_multiple_entry_points ... ok
test linker::analysis::analyzer::tests::test_reverse_refs ... ok
test linker::analysis::analyzer::tests::test_self_referencing_symbol ... ok
test linker::analysis::analyzer::tests::test_symbol_graph_reachability ... ok
test linker::analysis::analyzer::tests::test_symbol_names_iterator ... ok
test linker::analysis::analyzer::tests::test_type_reference ... ok
test linker::builder::tests::test_builder_creation ... ok
test linker::builder::tests::test_builder_fluent_api ... ok
test linker::analysis::analyzer::tests::test_find_dead_symbols ... ok
test linker::builder::tests::test_builder_objects_batch ... ok
test linker::builder::tests::test_builder_auto_map ... ok
test linker::layout::tests::test_layout_symbol_priority ... ok
test linker::layout::tests::test_sort_by_phase ... ok
test linker::layout::tests::test_split_hot_cold ... ok
test linker::analysis::analyzer::tests::test_symbol_analyzer ... ok
test linker::layout::tests::test_with_config ... ok
test linker::analysis::analyzer::tests::test_symbol_grouping ... ok
test linker::native::tests::test_extract_multiple_definition ... ok
test linker::analysis::analyzer::tests::test_section_tracking ... ok
test linker::analysis::analyzer::tests::test_symbol_size_tracking ... ok
test linker::native::tests::test_extract_undefined_symbol ... ok
test linker::interner::tests::test_prehashed_table_iteration ... ok
test linker::interner::tests::test_prehashed_table_update ... ok
test linker::native::tests::test_linker_from_name ... ok
test linker::interner::tests::test_symbol_interner_basic ... ok
test hir::lower::parallel::tests::test_lower_modules_parallel_multiple ... ok
test linker::interner::tests::test_symbol_interner_section_value ... ok
test linker::native::tests::test_linker_name ... ok
test linker::interner::tests::test_symbol_table_iteration_order ... ok
test linker::layout::tests::test_group_for_locality ... ok
test linker::layout::tests::test_layout_segments ... ok
test linker::interner::tests::test_prehashed_table ... ok
test linker::native_binary::tests::test_builder_creation ... ok
test linker::object_parser::tests::test_parsed_object_new ... ok
test linker::parallel::tests::test_batch_linker ... ok
test linker::parallel::tests::test_link_empty_modules ... ok
test linker::native::tests::test_linker_command ... ok
test linker::parallel::tests::test_link_module ... ok
test linker::native::tests::test_link_options_builder ... ok
test linker::native_binary::tests::test_options_default ... ok
test linker::parallel::tests::test_parallel_link_config ... ok
test linker::parallel::tests::test_link_single_module ... ok
test linker::native_binary::tests::test_options_builder ... ok
test linker::parallel::tests::test_parallel_linker ... ok
test linker::object_parser::tests::test_map_relocation_type ... ok
test linker::parallel::tests::test_parallel_symbol_table ... ok
test linker::parallel::tests::test_parallel_symbol_table_dedup ... ok
test linker::smf_writer::tests::test_smf_header_format ... ok
test linker::smf_writer::tests::test_string_table ... ok
test linker::smf_writer::tests::test_add_code_section ... ok
test linker::parallel::tests::test_link_stats ... ok
test lint::tests::test_allow_suppresses_warning ... ok
test lint::tests::test_bare_bool_warning ... ok
test lint::tests::test_deny_makes_error ... ok
test linker::smf_writer::tests::test_add_symbol ... ok
test lint::tests::test_lint_checker_json_export ... ok
test lint::tests::test_lint_name_from_str ... ok
test lint::tests::test_lint_level_from_str ... ok
test lint::tests::test_lint_to_diagnostic_conversion ... ok
test linker::smf_writer::tests::test_write_smf ... ok
test linker::interner::tests::test_shared_interner_thread_safe ... ok
test lint::tests::test_lint_checker_json_compact ... ok
test lint::tests::test_private_function_no_warning ... ok
test lint::tests::test_option_type_checks_inner ... ok
test lint::tests::test_public_function_with_primitive_param ... ok
test lint::tests::test_public_function_with_unit_type_no_warning ... ok
test lint::tests::test_sdn_config_parsing ... ok
test lint::tests::test_print_in_test_spec_lint ... ok
test lint::tests::test_public_struct_field ... ok
test lint::tests::test_sdn_config_empty ... ok
test lint::tests::test_sdn_config_with_unknown_lint ... ok
test lint::tests::test_string_type_no_warning ... ok
test lint::tests::test_print_in_test_spec_not_triggered_for_regular_files ... ok
test lint::tests::test_sdn_config_with_invalid_level ... ok
test lsp_mcp::tests::test_get_tool_definitions ... ok
test lsp_mcp::tests::test_references_params_default ... ok
test lsp_mcp::types::tests::test_diagnostic_builder ... ok
test lsp_mcp::types::tests::test_json_serialization ... ok
test lsp_mcp::types::tests::test_position_from_one_based ... ok
test lsp_mcp::types::tests::test_range_single_line ... ok
test lsp_mcp::types::tests::test_symbol_info_builder ... ok
test macro_contracts::tests::test_eval_const_int_expr ... ok
test macro_contracts::tests::test_substitute_template ... ok
test macro_validation::tests::test_block_context_transitions ... ok
test macro_validation::tests::test_symbol_scope_contains ... ok
test macro_validation::tests::test_symbol_scope_get_namespace ... ok
test macro_validation::tests::test_validate_intro_no_shadowing_existing_class ... ok
test mcp::tests::test_collapsed_class ... ok
test mcp::tests::test_expanded_class ... ok
test lsp_mcp::tests::test_definition_params_deserialize ... ok
test macro_validation::tests::test_validate_intro_no_shadowing_existing_variable ... ok
test macro_validation::tests::test_validate_intro_no_shadowing_previously_introduced ... ok
test mcp::tests::test_search ... ok
test mir::arena::tests::test_mir_arena_basic ... ok
test macro_validation::tests::test_validate_intro_no_shadowing_success ... ok
test macro_validation::tests::test_validate_macro_defined_before_use_failure ... ok
test macro_validation::tests::test_validate_macro_defined_before_use_success ... ok
test mir::arena::tests::test_mir_thread_arena ... ok
test mir::async_sm::tests::splits_blocks_at_await_points ... ok
test mir::function::tests::test_block_creation ... ok
test lint::tests::test_todo_format_lint_invalid_area ... ok
test mir::function::tests::test_mir_function_creation ... ok
test mir::function::tests::test_mir_function_visibility ... ok
test lint::tests::test_todo_format_lint_invalid ... ok
test mcp::tests::test_block_guides ... ok
test mcp::tests::test_collapsed_function ... ok
test lint::tests::test_todo_format_lint_invalid_priority ... ok
test lint::tests::test_todo_format_lint_valid ... ok
test mcp::tests::test_expanded_function ... ok
test mir::function::tests::test_vreg_allocation ... ok
test macro_validation::tests::test_validate_intro_no_shadowing_existing_function ... ok
test mir::arena::tests::test_mir_arena_slices ... ok
test mir::generator::tests::splits_blocks_and_collects_states ... ok
test mir::arena::tests::test_mir_arena_stats ... ok
test mir::function::tests::test_mir_instructions ... ok
test mir::ghost_erasure::tests::test_ghost_erasure_empty_function ... ok
test mir::ghost_erasure::tests::test_ghost_erasure_removes_ghost_locals ... ok
test mir::ghost_erasure::tests::test_ghost_erasure_removes_ghost_params ... ok
test mir::ghost_erasure::tests::test_ghost_variable_count ... ok
test mcp::tests::test_json_output ... ok
test mir::ghost_erasure::tests::test_has_ghost_variables ... ok
test mir::hybrid::tests::test_needs_hybrid_support ... ok
test mir::hybrid::tests::test_transform_replaces_non_compilable_calls ... ok
test mir::lower::tests::test_contract_mode_as_str ... ok
test mir::arena::tests::test_mir_arena_with_capacity ... ok
test mir::lower::tests::test_contract_mode_checks_all ... ok
test mir::lower::tests::test_builtin_math_in_contract_allowed ... ok
test mir::lower::tests::test_contract_mode_boundary_private_function ... ok
test mir::lower::tests::test_contract_mode_boundary_public_function ... ok
test mir::lower::tests::test_contract_mode_all_checks_all_functions ... ok
test mir::lower::tests::test_contract_mode_default_is_all ... ok
test mir::lower::tests::test_contract_mode_from_str ... ok
test mir::lower::tests::test_contract_mode_test_has_rich_diagnostics ... ok
test mir::lower::tests::test_contract_mode_off_no_checks ... ok
test mir::lower::tests::test_get_type_name ... ok
test mir::lower::tests::test_di_injects_builtin_param_in_mir ... ok
test mir::lower::tests::test_impure_function_in_contract_rejected ... ok
test mir::lower::tests::test_lower_function_with_invariant ... ok
test mir::lower::tests::test_lower_function_with_precondition ... ok
test mir::lower::tests::test_lower_binary_op ... ok
test mir::lower::tests::test_lower_local_variable ... ok
test mir::lower::tests::test_lower_simple_return ... ok
test mir::lower::tests::test_lower_while_loop ... ok
test mir::lower::tests::test_module_boundary_parameter_invariant ... ok
test mir::lower::tests::test_lower_if_statement ... ok
test macro_validation::tests::test_validate_qident_invalid ... ok
test mir::lower::tests::test_module_boundary_return_invariant ... ok
test mir::lower::tests::test_refinement_type_parsing ... ok
test mir::lower::tests::test_snapshot_annotation_on_primitive_struct ... ok
test mir::lower::tests::test_snapshot_safe_primitives ... ok
test mir::lower::tests::test_lower_function_with_postcondition ... ok
test mir::lower::tests::test_snapshot_safe_struct ... ok
test mir::lower::tests::test_snapshot_unsafe_function_type ... ok
test mir::lower::tests::test_refined_type_const_eval_greater_than ... ok
test mir::lower::tests::test_subtype_result_incompatible ... ok
test mir::lower::tests::test_pure_function_in_contract_allowed ... ok
test mir::lower::tests::test_refined_type_const_eval_range ... ok
test mir::parallel::tests::test_batch_mir_lowerer ... ok
test mir::lower::tests::test_subtype_result_same ... ok
test mir::lower::tests::test_snapshot_annotation_makes_type_safe ... ok
test mir::parallel::tests::test_mir_lower_stats ... ok
test mock::tests::test_invocation_recording ... ok
test mir::parallel::tests::test_parallel_mir_config ... ok
test mock::tests::test_match_mock_by_function_name ... ok
test mock::tests::test_mock_config_validation ... ok
test mir::parallel::tests::test_parallel_mir_lowerer ... ok
test mir::lower::tests::test_simple_type_alias_no_predicate ... ok
test mock::tests::test_mock_priority_resolution ... ok
test mock::tests::test_mock_verification ... ok
test mir::state_machine_utils::tests::test_live_after_each_inst ... ok
test mock::tests::test_reset_invocations ... ok
test module_resolver::tests::test_capabilities_subset_inherit_from_parent ... ok
test module_resolver::tests::test_capabilities_subset_invalid_expansion ... ok
test mir::parallel::tests::test_lower_empty_modules ... ok
test module_resolver::tests::test_capabilities_subset_unrestricted_parent ... ok
test module_resolver::tests::test_capabilities_subset_valid_restriction ... ok
test mir::state_machine_utils::tests::test_reachable_from_branch ... ok
test mock::tests::test_match_mock_by_module_path ... ok
test mock::tests::test_mock_config_test_profile ... ok
test module_resolver::tests::test_effective_capabilities_inherit ... ok
test mir::state_machine_utils::tests::test_reachable_from_simple ... ok
test module_resolver::tests::test_effective_capabilities_intersection ... ok
test module_resolver::tests::test_effective_capabilities_unrestricted_parent ... ok
test module_resolver::tests::test_single_file_mode ... ok
test module_resolver::tests::test_validate_effects_allowed ... ok
test module_resolver::tests::test_validate_effects_async_always_allowed ... ok
test module_resolver::tests::test_validate_effects_blocked ... ok
test module_resolver::tests::test_validate_effects_unrestricted ... ok
test monomorphize::binding_specializer::tests::test_no_bindings ... ok
test monomorphize::cache::tests::test_cache_entry_meta_default ... ok
test monomorphize::cache::tests::test_local_mono_cache ... ok
test monomorphize::cache::tests::test_mono_cache_clear ... ok
test macro_validation::tests::test_validate_qident_valid ... ok
test monomorphize::cache::tests::test_mono_cache_prewarm ... ok
test monomorphize::cache::tests::test_mono_cache_function ... ok
test monomorphize::cache::tests::test_mono_cache_config ... ok
test monomorphize::parallel::tests::test_mono_stats ... ok
test monomorphize::cache::tests::test_mono_cache_stats ... ok
test monomorphize::parallel::tests::test_parallel_mono_config ... ok
test monomorphize::parallel::tests::test_parallel_monomorphize_empty_modules ... ok
test monomorphize::util::tests::test_ast_type_to_concrete ... ok
test monomorphize::parallel::tests::test_table_queue_and_take ... ok
test monomorphize::util::tests::test_concrete_type_display ... ok
test monomorphize::parallel::tests::test_parallel_mono_table ... ok
test monomorphize::parallel::tests::test_parallel_monomorphizer ... ok
test monomorphize::util::tests::test_monomorphization_table ... ok
test monomorphize::cache::tests::test_mono_cache_struct ... ok
test monomorphize::util::tests::test_specialization_key ... ok
test monomorphize::util::tests::test_monomorphize_identity_function ... ok
test parallel::tests::test_parallel_parse_cache ... ok
test monomorphize::util::tests::test_type_parameter_substitution ... ok
test pattern_analysis::tests::test_empty_match ... ok
test pattern_analysis::tests::test_enum_exhaustiveness_complete ... ok
test pattern_analysis::tests::test_enum_exhaustiveness_missing_variant ... ok
test pattern_analysis::tests::test_duplicate_pattern ... ok
test pattern_analysis::tests::test_enum_exhaustiveness_with_wildcard ... ok
test pattern_analysis::tests::test_exhaustive_with_wildcard ... ok
test pattern_analysis::tests::test_exhaustiveness_check_struct ... ok
test pattern_analysis::tests::test_exhaustiveness_check_with_wildcard ... ok
test pattern_analysis::tests::test_non_exhaustive_without_wildcard ... ok
test pattern_analysis::tests::test_pattern_subsumes_enum ... ok
test pattern_analysis::tests::test_exhaustiveness_check_non_exhaustive ... ok
test parallel::tests::test_extract_use_path_simple ... ok
test parallel::tests::test_parallel_config ... ok
test pattern_analysis::tests::test_pattern_subsumes_identifier ... ok
test pattern_analysis::tests::test_pattern_subsumes_literal ... ok
test pattern_analysis::tests::test_pattern_subsumes_tuple ... ok
test pattern_analysis::tests::test_pattern_subsumes_wildcard ... ok
test module_resolver::tests::test_load_manifest_with_capability_check_no_manifest ... ok
test pattern_analysis::tests::test_union_exhaustiveness_complete ... ok
test pattern_analysis::tests::test_union_exhaustiveness_missing ... ok
test pattern_analysis::tests::test_unreachable_after_wildcard ... ok
test pipeline::module_loader::tests::test_extract_startup_config_combined ... ok
test pipeline::module_loader::tests::test_extract_startup_config_main_no_decorators ... ok
test pipeline::module_loader::tests::test_extract_startup_config_no_main ... ok
test pipeline::module_loader::tests::test_extract_startup_config_partial_window_hints ... ok
test pipeline::module_loader::tests::test_extract_startup_config_with_app_type ... ok
test pipeline::module_loader::tests::test_extract_startup_config_with_window_hints ... ok
test module_resolver::tests::test_load_manifest_with_capability_check_invalid_expansion ... ok
test pipeline::module_loader::tests::test_startup_config_default ... ok
test pipeline::module_loader::tests::test_startup_app_type_parsing ... ok
test pipeline::module_loader::tests::test_startup_window_hints_default ... ok
test pipeline::tests::test_build_mode_default ... ok
test pipeline::module_loader::tests::test_startup_app_type_to_smf_byte ... ok
test pipeline::tests::interpreter_pipeline_executes_top_level_match ... ok
test pipeline::tests::script_detection_handles_top_level_match ... ok
test pipeline::tests::test_build_mode_set ... ok
test pipeline::tests::test_pipeline_coherence_detects_errors_in_ast ... ok
test pipeline::tests::test_pipeline_contract_mode_default ... ok
test pipeline::tests::test_pipeline_contract_mode_set ... ok
test pipeline::tests::test_pipeline_32bit_target_requires_llvm ... ok
test pipeline::tests::test_debug_mode_allows_runtime_aop ... ok
test pipeline::tests::test_debug_mode_allows_test_profile ... ok
test pipeline::tests::test_pipeline_diagnostics_cleared_on_recompile ... ok
test pipeline::tests::test_pipeline_lint_allow_suppresses ... ok
test pipeline::tests::test_pipeline_lint_deny_fails_compilation ... ok
test module_resolver::tests::test_effective_visibility_formal_model ... ok
test pipeline::tests::test_pipeline_native_lint_integration ... ok
test module_resolver::tests::test_resolve_directory_module ... ok
test pipeline::tests::test_pipeline_lint_warnings_collected ... ok
test pipeline::tests::test_release_mode_allows_empty_test_profile ... ok
test pipeline_parallel::tests::test_pipeline_config ... ok
test pipeline::tests::test_pipeline_private_function_no_lint ... ok
test pipeline_parallel::tests::test_parallel_pipeline ... ok
test pipeline::tests::test_release_mode_allows_disabled_runtime_aop ... ok
test module_resolver::tests::test_circular_dependency_detection ... ok
test pipeline_parallel::tests::test_pipeline_queue ... ok
test pipeline_parallel::tests::test_pipeline_stage_next ... ok
test pipeline_parallel::tests::test_pipeline_stage_order ... ok
test pipeline::tests::test_release_mode_rejects_test_profile ... ok
test pipeline::tests::test_release_mode_rejects_runtime_aop ... ok
test pipeline_parallel::tests::test_pipeline_stats ... ok
test predicate::tests::test_context_validation ... ok
test pipeline_parallel::tests::test_pipeline_coordinator ... ok
test predicate::tests::test_signature_pattern_matching ... ok
test predicate::tests::test_predicate_matching ... ok
test predicate::tests::test_specificity ... ok
test predicate_parser::tests::test_parse_architecture_selectors ... ok
test predicate_parser::tests::test_parse_combinators ... ok
test module_resolver::tests::test_load_manifest_with_capability_check_unrestricted_parent ... ok
test predicate_parser::tests::test_parse_complex_expression ... ok
test predicate_parser::tests::test_parse_execution_selector ... ok
test predicate_parser::tests::test_parse_signature_pattern ... ok
test predicate_parser::tests::test_parse_negation ... ok
test predicate::tests::test_pattern_matching ... ok
test pipeline::tests::test_elf_extraction_from_codegen ... ok
test predicate_parser::tests::test_parse_simple_selector ... ok
test project::tests::test_single_file_mode ... ok
test runtime_bridge::tests::test_bridge_to_runtime_int ... ok
test runtime_bridge::tests::test_runtime_to_bridge_int ... ok
test runtime_bridge::tests::test_runtime_to_value_simple ... ok
test runtime_bridge::tests::test_value_to_runtime_simple ... ok
test runtime_profile::diagram::tests::test_create_alias ... ok
test runtime_profile::diagram::tests::test_matches_pattern ... ok
test runtime_profile::diagram::tests::test_sanitize_id ... ok
test runtime_profile::tests::tests::test_collect_metrics ... ok
test runtime_profile::tests::tests::test_feedback_to_sdn ... ok
test runtime_profile::tests::tests::test_layout_feedback ... ok
test runtime_profile::tests::tests::test_metrics_top_hot ... ok
test runtime_profile::tests::tests::test_sample_rate ... ok
test module_resolver::tests::test_load_manifest_with_capability_check_empty_child ... ok
test semantic_diff::tests::test_function_added ... ok
test semantic_diff::tests::test_function_removed ... ok
test semantic_diff::tests::test_no_changes ... ok
test semantic_diff::tests::test_parameter_added ... ok
test semantic_diff::tests::test_return_type_changed ... ok
test text_diff::tests::test_addition_only ... ok
test text_diff::tests::test_deletion_only ... ok
test text_diff::tests::test_no_changes ... ok
test module_resolver::tests::test_load_manifest_with_capability_check_valid_subset ... ok
test text_diff::tests::test_simple_diff ... ok
test trait_coherence::tests::test_orphan_rule_local_trait ... ok
test module_resolver::tests::test_parse_manifest ... ok
test trait_coherence::tests::test_orphan_rule_local_type ... ok
test trait_coherence::tests::test_orphan_rule_violation ... ok
test module_resolver::tests::test_features ... ok
test type_check::tests::test_promise_type_helpers ... ok
test type_check::tests::test_needs_promise_wrapping ... ok
test value::tests::test_borrow_mut_value_clone ... ok
test project::tests::test_lint_configuration_warn ... ok
test parallel::tests::test_load_module_parallel ... ok
test value::tests::test_borrow_value_clone ... ok
test module_resolver::tests::test_macro_auto_import_formal_model ... ok
test value::tests::test_borrow_value_equality ... ok
test value::tests::test_borrow_value_from_arc ... ok
test module_resolver::tests::test_resolve_module_not_found ... ok
test value::tests::test_borrow_value_get_arc ... ok
test module_resolver::tests::test_resolver_creation ... ok
test value::tests::test_borrow_mut_value_from_arc ... ok
test value::tests::test_borrow_mut_value_inner_mut ... ok
test module_resolver::tests::test_resolve_file_module ... ok
test value::tests::test_borrow_mut_value_new ... ok
test value::tests::test_borrow_mut_value_equality ... ok
test parallel::tests::test_parse_files_parallel_single ... ok
test value::tests::test_borrow_value_new ... ok
test value::tests::test_builtin_array_constant ... ok
test value::tests::test_builtin_range_constant ... ok
test value::tests::test_class_name_from_str ... ok
test value::tests::test_class_name_from_string ... ok
test value::tests::test_class_name_new ... ok
test value::tests::test_enum_type_name_from_str ... ok
test parallel::tests::test_load_module_parallel_with_imports ... ok
test value::tests::test_enum_type_name_from_string ... ok
test value::tests::test_enum_type_name_new ... ok
test value::tests::test_future_value_new_and_await ... ok
test value::tests::test_future_value_clone ... ok
test value::tests::test_generator_clone ... ok
test value::tests::test_future_value_equality ... ok
test value::tests::test_generator_equality ... ok
test value::tests::test_generator_new_with_values ... ok
test value::tests::test_generator_collect_remaining ... ok
test value::tests::test_generator_state_equality ... ok
test value::tests::test_generator_next ... ok
test value::tests::test_manual_handle_value_clone ... ok
test value::tests::test_manual_handle_value_equality ... ok
test parallel::tests::test_parse_files_parallel_multiple ... ok
test value::tests::test_manual_handle_value_new ... ok
test value::tests::test_manual_shared_value_equality ... ok
test value::tests::test_manual_shared_value_clone ... ok
test value::tests::test_manual_shared_value_new ... ok
test value::tests::test_manual_unique_value_clone ... ok
test value::tests::test_manual_unique_value_equality ... ok
test value::tests::test_manual_unique_value_into_inner ... ok
test value::tests::test_manual_unique_value_new ... ok
test value::tests::test_manual_weak_value_clone ... ok
test value::tests::test_manual_weak_value_equality ... ok
test value::tests::test_manual_weak_value_new_from_shared ... ok
test value::tests::test_value_as_float_from_bool ... ok
test value::tests::test_value_as_float_from_float ... ok
test value::tests::test_manual_shared_value_into_inner ... ok
test value::tests::test_value_as_float_from_nil ... ok
test value::tests::test_value_as_int_from_float ... ok
test value::tests::test_value_as_float_from_int ... ok
test value::tests::test_value_as_int_from_int ... ok
test parallel::tests::test_parse_files_parallel_with_error ... ok
test value::tests::test_value_as_int_from_bool ... ok
test value::tests::test_value_as_int_from_nil ... ok
test value::tests::test_value_as_int_from_string_fails ... ok
test value::tests::test_value_as_int_from_symbol_fails ... ok
test value::tests::test_value_borrow_as_int ... ok
test value::tests::test_value_borrow_mut_as_int ... ok
test value::tests::test_value_borrow_mut_to_display_string ... ok
test value::tests::test_value_borrow_mut_truthy ... ok
test value::tests::test_value_borrow_to_display_string ... ok
test value::tests::test_value_borrow_truthy ... ok
test value::tests::test_value_clone_array ... ok
test value::tests::test_value_clone_bool ... ok
test value::tests::test_value_clone_dict ... ok
test value::tests::test_value_clone_enum ... ok
test value::tests::test_value_clone_float ... ok
test value::tests::test_value_clone_int ... ok
test value::tests::test_value_clone_nil ... ok
test value::tests::test_value_clone_object ... ok
test value::tests::test_value_clone_str ... ok
test value::tests::test_value_clone_symbol ... ok
test value::tests::test_value_clone_tuple ... ok
test value::tests::test_value_deref_borrow ... ok
test value::tests::test_value_deref_borrow_mut ... ok
test value::tests::test_value_deref_pointer_non_pointer ... ok
test value::tests::test_value_deref_shared ... ok
test value::tests::test_value_deref_unique ... ok
test value::tests::test_value_equality_mismatch ... ok
test value::tests::test_value_matches_type_array ... ok
test value::tests::test_value_matches_type_bool ... ok
test parallel::tests::test_discover_single_file ... ok
test value::tests::test_value_matches_type_dict ... ok
test module_resolver::tests::test_resolve_nested_module ... ok
test project::tests::test_detect_with_project ... ok
test project::tests::test_package_alias ... ok
test parallel::tests::test_discover_with_imports ... ok
test value::tests::test_value_shared_as_int ... ok
test value::tests::test_value_shared_to_display_string ... ok
test value::tests::test_value_shared_to_key_string ... ok
test project::tests::test_default_source_root ... ok
test value::tests::test_value_shared_truthy ... ok
test project::tests::test_detect_no_project ... ok
test value::tests::test_value_to_display_string_array ... ok
test value::tests::test_value_to_display_string_bool ... ok
test value::tests::test_value_to_display_string_float ... ok
test value::tests::test_value_matches_type_enum ... ok
test project::tests::test_lint_configuration ... ok
test value::tests::test_value_to_display_string_int ... ok
test value::tests::test_value_matches_type_float ... ok
test project::tests::test_parse_manifest_with_profiles ... ok
test value::tests::test_value_to_display_string_nil ... ok
test value::tests::test_value_to_display_string_str ... ok
test value::tests::test_value_matches_type_int ... ok
test project::tests::test_di_configuration ... ok
test project::tests::test_lint_default_without_section ... ok
test value::tests::test_value_matches_type_nil ... ok
test value::tests::test_value_matches_type_object ... ok
test value::tests::test_value_matches_type_str ... ok
test value::tests::test_value_matches_type_tuple ... ok
test value::tests::test_value_to_display_string_tuple ... ok
test value::tests::test_value_to_key_string_bool ... ok
test value::tests::test_value_to_display_string_symbol ... ok
test value::tests::test_value_to_key_string_float ... ok
test value::tests::test_value_to_key_string_int ... ok
test value::tests::test_value_to_key_string_nil ... ok
test value::tests::test_value_to_key_string_str ... ok
test value::tests::test_value_to_key_string_symbol ... ok
test value::tests::test_value_truthy_array ... ok
test value::tests::test_value_truthy_bool ... ok
test value::tests::test_value_truthy_dict ... ok
test value::tests::test_value_truthy_enum ... ok
test value::tests::test_value_truthy_float ... ok
test value::tests::test_value_truthy_int ... ok
test value::tests::test_value_truthy_nil ... ok
test value::tests::test_value_truthy_object ... ok
test value::tests::test_value_truthy_str ... ok
test value::tests::test_value_truthy_symbol ... ok
test value::tests::test_value_truthy_tuple ... ok
test value::tests::test_value_type_name ... ok
test value::tests::test_value_unique_as_int ... ok
test value::tests::test_value_unique_to_display_string ... ok
test value::tests::test_value_unique_to_key_string ... ok
test value::tests::test_value_unique_truthy ... ok
test value::tests::test_variant_name_from_str ... ok
test value::tests::test_variant_name_from_string ... ok
test value::tests::test_variant_name_new ... ok
test value_bridge::tests::test_bridge_to_value_float ... ok
test value_bridge::tests::test_bridge_to_value_int ... ok
test value_bridge::tests::test_bridge_value_bool ... ok
test value_bridge::tests::test_bridge_value_float ... ok
test value_bridge::tests::test_bridge_value_int ... ok
test value_bridge::tests::test_bridge_value_nil ... ok
test value_bridge::tests::test_bridge_value_string ... ok
test value_bridge::tests::test_debug_format ... ok
test value_bridge::tests::test_default ... ok
test value_bridge::tests::test_value_to_bridge_float ... ok
test value_bridge::tests::test_value_to_bridge_int ... ok
test value_bridge::tests::test_value_to_bridge_nil ... ok
test value_bridge::tests::test_value_to_bridge_str ... ok
test verification_checker::tests::test_can_call_trusted ... ok
test verification_checker::tests::test_can_call_unverified ... ok
test verification_checker::tests::test_can_call_verified ... ok
test verification_checker::tests::test_has_unsafe_effect ... ok
test verification_checker::tests::test_is_pure_effects ... ok
test verification_checker::tests::test_verification_rule_codes ... ok
test weaving::tests::test_after_error_advice ... ok
test weaving::tests::test_before_and_after_success_ordering ... ok
test weaving::tests::test_combined_after_success_and_after_error ... ok
test weaving::tests::test_condition_join_point_detection ... ok
test weaving::tests::test_detect_execution_join_point ... ok
test weaving::tests::test_diagnostic_ambiguous_ordering ... ok
test weaving::tests::test_diagnostic_has_predicates_and_locations ... ok
test weaving::tests::test_diagnostic_info_messages ... ok
test weaving::tests::test_diagnostic_invalid_selector ... ok
test weaving::tests::test_diagnostic_predicate_parse_error ... ok
test weaving::tests::test_diagnostic_unused_advice ... ok
test weaving::tests::test_error_join_point_detection ... ok
test weaving::tests::test_match_advice_to_join_point ... ok
test weaving::tests::test_match_execution_selector ... ok
test weaving::tests::test_multiple_advices_priority_ordering ... ok
test weaving::tests::test_weave_function_inserts_instructions ... ok
test weaving::tests::test_weaver_disabled ... ok
test weaving::tests::test_wildcard_pattern_matching ... ok
test web_compiler::tests::test_extract_event_bindings ... ok
test web_compiler::tests::test_generate_wasm_loader ... ok
test web_compiler::tests::test_compile_client_only ... ok
test web_compiler::tests::test_inject_hydration_before_body_tag ... ok
test web_compiler::tests::test_complete_sui_compilation_with_injection ... ok
test web_compiler::tests::test_inject_hydration_before_html_tag ... ok
test web_compiler::tests::test_combine_multiple_blocks ... ok
test web_compiler::tests::test_hydration_manifest_generation ... ok
test web_compiler::tests::test_compile_simple_sui_file ... ok
test web_compiler::tests::test_web_compiler_creation ... ok
test web_compiler::tests::test_wrap_template_in_html_document ... ok
test web_compiler::tests::test_template_rendering ... ok
test web_compiler::tests::test_compile_server_only ... ok
test web_compiler::tests::test_sui_compilation_without_client_blocks ... ok
test runtime_profile::tests::tests::test_phase_inference ... ok
test value::tests::test_future_value_is_ready ... ok
test linker::native::tests::test_detect_linker ... ok
test linker::builder::tests::test_builder_is_ready ... ok

test result: ok. 1021 passed; 0 failed; 0 ignored; 0 measured; 0 filtered out; finished in 0.23s

     Running unittests src/bin/simple-context.rs (target/debug/deps/simple_context-3de48bda4aced970)

running 0 tests

test result: ok. 0 passed; 0 failed; 0 ignored; 0 measured; 0 filtered out; finished in 0.00s

     Running tests/aop_codegen.rs (target/debug/deps/aop_codegen-b337a330cf013c96)

running 1 test
test jit_can_call_rt_aop_invoke_around ... ok

test result: ok. 1 passed; 0 failed; 0 ignored; 0 measured; 0 filtered out; finished in 0.00s

     Running tests/aop_parser_integration.rs (target/debug/deps/aop_parser_integration-46baff8ccda2da49)

running 3 tests
test test_metadata_plumbing_works ... ok
test test_zero_overhead_when_disabled ... ok
test test_weaving_diagnostics_collection ... ok

test result: ok. 3 passed; 0 failed; 0 ignored; 0 measured; 0 filtered out; finished in 0.00s

     Running tests/aop_runtime_init_interpreter.rs (target/debug/deps/aop_runtime_init_interpreter-0c60fcf9652396b9)

running 1 test
test interpreter_applies_runtime_around_init ... ok

test result: ok. 1 passed; 0 failed; 0 ignored; 0 measured; 0 filtered out; finished in 0.00s

     Running tests/class_invariant_test.rs (target/debug/deps/class_invariant_test-bd59f2ca84983b1c)

running 18 tests
test test_constructor_with_invariant ... ok
test test_constructor_with_precondition_and_invariant ... ok
test test_class_without_invariant ... ok
test test_private_constructor_gets_invariant ... ok
test test_constructor_with_multiple_invariants ... ok
test test_invariant_with_method_call ... ok
test test_explicitly_private_constructor ... ok
test test_inherited_invariants ... ok
test test_non_constructor_static_method ... ok
test test_private_method_skips_invariants ... ok
test test_complete_class_with_all_contract_types ... ok
test test_method_with_complex_invariant ... ok
test test_factory_methods_get_invariant_checks ... ok
test test_public_method_checks_invariants ... ok
test test_explicitly_public_constructor ... ok
test test_constructor_detection_by_name ... ok
test test_multiple_classes_with_invariants ... ok
test test_struct_with_invariants ... ok

test result: ok. 18 passed; 0 failed; 0 ignored; 0 measured; 0 filtered out; finished in 0.01s

     Running tests/compile_and_run.rs (target/debug/deps/compile_and_run-8297e3e6041b6a16)

running 31 tests
test compile_and_run_main ... ok
test compile_addition ... ok
test compile_integer_literal ... ok
test compile_comparison_gt ... ok
test compile_logical_or ... ok
test compile_boolean_false ... ok
test native_compile_nested_if ... ok
test compile_comparison_lte ... ok
test native_compile_while_loop ... ok
test compile_negative_integer ... ok
test compile_multiple_lets ... ok
test compile_nested_arithmetic ... ok
test compile_subtraction ... ok
test compile_division ... ok
test compile_comparison_ne ... ok
test compile_boolean_true ... ok
test compile_let_binding ... ok
test compile_function_definition ... ok
test compile_modulo ... ok
test compile_comparison_eq ... ok
test compile_multiplication ... ok
test native_compile_addition ... ok
test native_compile_simple_return ... ok
test native_compile_binary_with_locals ... ok
test native_compile_comparison ... ok
test compile_comparison_gte ... ok
test native_compile_multiplication ... ok
test compile_comparison_lt ... ok
test native_compile_subtraction ... ok
test native_compile_local_variable ... ok
test compile_logical_and ... ok

test result: ok. 31 passed; 0 failed; 0 ignored; 0 measured; 0 filtered out; finished in 0.01s

     Running tests/context_blocks_test.rs (target/debug/deps/context_blocks_test-2f8f1c7bed17640f)

running 4 tests
test test_context_with_parameters ... ok
test test_context_fluent_chaining ... ok
test test_context_basic_method_dispatch ... ok
test test_context_scope_isolation ... ok

test result: ok. 4 passed; 0 failed; 0 ignored; 0 measured; 0 filtered out; finished in 0.00s

     Running tests/contract_runtime_test.rs (target/debug/deps/contract_runtime_test-8575eeea36d69307)

running 27 tests
test test_contract_with_arithmetic ... ok
test test_combined_contracts_with_old ... ok
test test_contract_with_comparison_chain ... ok
test test_all_contract_types_together ... ok
test test_contract_with_boolean_logic ... ok
test test_contract_with_custom_postcondition_binding ... ok
test test_function_with_old_field_access ... ok
test test_error_postcondition_with_message ... ok
test test_function_with_old_capture ... ok
test test_combined_success_and_error_postconditions ... ok
test test_contract_with_conditional_logic ... ok
test test_invariant_lowering ... ok
test test_function_with_multiple_old_captures ... ok
test test_contract_with_negation ... ok
test test_contract_with_early_return ... ok
test test_function_with_complex_old_expression ... ok
test test_error_and_success_postconditions_both ... ok
test test_multiple_postconditions ... ok
test test_old_with_arithmetic_expression ... ok
test test_multiple_preconditions ... ok
test test_error_postcondition_syntax ... ok
test test_postcondition_with_parameter_reference ... ok
test test_multiple_old_same_expression ... ok
test test_multiple_old_different_params ... ok
test test_postcondition_lowering ... ok
test test_precondition_lowering ... ok
test test_nested_old_expressions ... ok

test result: ok. 27 passed; 0 failed; 0 ignored; 0 measured; 0 filtered out; finished in 0.01s

     Running tests/di_inject_interpreter.rs (target/debug/deps/di_inject_interpreter-25e37dd33372316d)

running 4 tests
test test_inject_decorator_parsing ... ok
test test_di_binding_with_inject ... ok
test test_inject_attribute_variant ... ok
test test_no_inject_decorator ... ok

test result: ok. 4 passed; 0 failed; 0 ignored; 0 measured; 0 filtered out; finished in 0.00s

     Running tests/di_injection_test.rs (target/debug/deps/di_injection_test-4a1bd377355ae7a6)

running 13 tests
test test_di_basic_constructor_injection ... ok
test test_di_circular_dependency_direct ... ok
test test_di_binding_selection ... ok
test test_di_missing_binding_error ... ok
test test_di_circular_dependency_indirect ... ok
test test_di_per_parameter_inject_missing_manual_arg ... ok
test test_di_per_parameter_inject_mixed ... ok
test test_di_no_circular_dependency ... ok
test test_di_scope_handling ... ok
test test_di_per_parameter_inject_order ... ok
test test_di_per_parameter_inject_all ... ok
test test_di_singleton_caching ... ok
test test_di_transient_creates_multiple_instances ... ok

test result: ok. 13 passed; 0 failed; 0 ignored; 0 measured; 0 filtered out; finished in 0.00s

     Running tests/generator_codegen.rs (target/debug/deps/generator_codegen-ad40e6d5e62ae3ff)

running 1 test
test jit_generator_dispatcher_yields_and_restores ... ok

test result: ok. 1 passed; 0 failed; 0 ignored; 0 measured; 0 filtered out; finished in 0.00s

     Running tests/macro_decorator.rs (target/debug/deps/macro_decorator-bba7b26775d74cc3)

running 0 tests

test result: ok. 0 passed; 0 failed; 0 ignored; 0 measured; 0 filtered out; finished in 0.00s

     Running tests/macro_validation_test.rs (target/debug/deps/macro_validation_test-9a9ea61f5952ab57)

running 14 tests
test test_intro_type_annotation_required ... ok
test test_macro_used_before_definition_error ... ok
test test_intro_no_shadowing_success ... ok
test test_intro_for_loop_with_const_range ... ok
test test_intro_with_type_annotation_success ... ok
test test_macro_defined_before_use_success ... ok
test test_qident_template_with_const_param ... ok
test test_intro_shadowing_existing_function ... ok
test test_intro_conditional_with_const_condition ... ok
test test_intro_shadowing_existing_variable ... ok
test test_multiple_macros_ordering ... ok
test test_intro_multiple_symbols_no_conflict ... ok
test test_qident_template_without_const_param ... ok
test test_intro_duplicate_symbols_within_macro ... ok

test result: ok. 14 passed; 0 failed; 0 ignored; 0 measured; 0 filtered out; finished in 0.01s

     Running tests/trait_coherence.rs (target/debug/deps/trait_coherence-abd59099f4e28036)

running 17 tests
test test_associated_type_coherence_same_type ... ok
test test_blanket_impl_conflict ... ok
test test_check_module_integration ... ok
test test_check_module_with_orphan_error ... ok
test test_extension_trait_pattern ... ok
test test_extension_trait_with_generics ... ok
test test_generic_type_extraction ... ok
test test_inherent_impl_allowed ... ok
test test_multiple_traits_same_type ... ok
test test_negative_bounds_infrastructure ... ok
test test_no_overlap_different_types ... ok
test test_orphan_rule_allows_foreign_trait_local_type ... ok
test test_orphan_rule_allows_local_trait_foreign_type ... ok
test test_orphan_rule_rejects_foreign_trait_foreign_type ... ok
test test_overlap_detection_generic_vs_concrete ... ok
test test_overlap_detection_same_type ... ok
test test_specialization_with_default_attribute ... ok

test result: ok. 17 passed; 0 failed; 0 ignored; 0 measured; 0 filtered out; finished in 0.00s

     Running unittests src/lib.rs (target/debug/deps/simple_dap-49443d3a83a54c91)

running 0 tests

test result: ok. 0 passed; 0 failed; 0 ignored; 0 measured; 0 filtered out; finished in 0.00s

     Running unittests src/bin/simple-dap.rs (target/debug/deps/simple_dap-eec14ad1c75d8f80)

running 0 tests

test result: ok. 0 passed; 0 failed; 0 ignored; 0 measured; 0 filtered out; finished in 0.00s

     Running tests/integration_test.rs (target/debug/deps/integration_test-c4fa0f9e11f337cd)

running 3 tests
test test_dap_initialize ... ok
test test_dap_breakpoints ... ok
test test_dap_threads_and_stack ... ok

test result: ok. 3 passed; 0 failed; 0 ignored; 0 measured; 0 filtered out; finished in 0.00s

     Running unittests src/lib.rs (target/debug/deps/simple_db-99bcfc531f4359e8)

running 16 tests
test ffi::tests::test_build_params ... ok
test ffi::tests::test_sql_value_creation ... ok
test pool::tests::test_pool_config_builder ... ok
test row::tests::test_row_columns ... ok
test row::tests::test_row_get_by_index ... ok
test row::tests::test_row_get_by_name ... ok
test row::tests::test_row_get_opt ... ok
test schema::tests::test_column_type_from_postgres ... ok
test schema::tests::test_column_type_from_sqlite ... ok
test schema::tests::test_column_type_unknown ... ok
test types::tests::test_from_sql_bool ... ok
test types::tests::test_from_sql_integer ... ok
test types::tests::test_from_sql_option ... ok
test types::tests::test_from_sql_real ... ok
test types::tests::test_from_sql_text ... ok
test types::tests::test_to_sql ... ok

test result: ok. 16 passed; 0 failed; 0 ignored; 0 measured; 0 filtered out; finished in 0.00s

     Running unittests src/lib.rs (target/debug/deps/simple_dependency_tracker-8102b0e0424e5be9)

running 56 tests
test graph::tests::add_type_use_convenience_method ... ok
test graph::tests::detailed_edges ... ok
test graph::tests::diamond_no_cycle ... ok
test graph::tests::empty_graph_no_cycles ... ok
test graph::tests::imported_by ... ok
test graph::tests::imports_of ... ok
test graph::tests::linear_chain_no_cycles ... ok
test graph::tests::mixed_use_and_type_use ... ok
test graph::tests::simple_cycle_detected ... ok
test graph::tests::topological_order_cycle_returns_none ... ok
test graph::tests::topological_order_linear ... ok
test graph::tests::transitive_imports ... ok
test graph::tests::triangle_cycle_detected ... ok
test graph::tests::type_use_allows_circular_type_references ... ok
test graph::tests::type_use_in_detailed_edges ... ok
test graph::tests::type_use_no_cycle_detection ... ok
test graph::tests::type_use_with_real_cycle_still_detects ... ok
test macro_import::tests::explicit_import_finds_macro ... ok
test macro_import::tests::explicit_import_finds_non_macro ... ok
test macro_import::tests::explicit_import_not_found ... ok
test macro_import::tests::is_auto_imported_checks_kind ... ok
test macro_import::tests::theorem_auto_imported_combine ... ok
test macro_import::tests::theorem_auto_imported_in_glob ... ok
test macro_import::tests::theorem_empty_auto_import_no_macros ... ok
test macro_import::tests::theorem_glob_doesnt_leak_macros ... ok
test macro_import::tests::theorem_glob_subset ... ok
test macro_import::tests::theorem_nonmacros_always_globbed ... ok
test resolution::tests::modpath_is_absolute ... ok
test resolution::tests::modpath_parse_simple ... ok
test resolution::tests::modpath_rejects_empty ... ok
test resolution::tests::resolve_deterministic ... ok
test resolution::tests::segment_accepts_nonempty ... ok
test resolution::tests::segment_rejects_empty ... ok
test resolution::tests::theorem_notfound_means_neither ... ok
test resolution::tests::theorem_unique_implies_exists ... ok
test resolution::tests::theorem_unique_path_form ... ok
test resolution::tests::theorem_wellformed_not_ambiguous ... ok
test resolution::tests::to_dir_path_test ... ok
test resolution::tests::to_file_path_test ... ok
test symbol::tests::aliased_import ... ok
test symbol::tests::project_symbols_lookup_qualified ... ok
test symbol::tests::symbol_kinds ... ok
test symbol::tests::symbol_table_conflict ... ok
test symbol::tests::symbol_table_define_and_lookup ... ok
test symbol::tests::symbol_table_public_symbols ... ok
test visibility::tests::empty_path_is_public ... ok
test visibility::tests::fully_public_symbol ... ok
test visibility::tests::meet_private_absorbs ... ok
test visibility::tests::meet_public_identity ... ok
test visibility::tests::theorem_all_public_means_public ... ok
test visibility::tests::theorem_any_private_means_private ... ok
test visibility::tests::theorem_meet_assoc ... ok
test visibility::tests::theorem_meet_comm ... ok
test visibility::tests::theorem_must_be_exported ... ok
test visibility::tests::theorem_private_module_restricts ... ok
test visibility::tests::theorem_private_stays_private ... ok

test result: ok. 56 passed; 0 failed; 0 ignored; 0 measured; 0 filtered out; finished in 0.00s

     Running unittests src/lib.rs (target/debug/deps/simple_driver-187f535bdd487cab)

running 125 tests
test cli::check::tests::test_check_nonexistent_file ... ok
test cli::env::tests::test_environment_base_dir ... ok
test cli::env::tests::test_environment_env_dir ... ok
test cli::check::tests::test_check_syntax_error ... ok
test cli::migrate::tests::test_array_indexing ... ok
test cli::migrate::tests::test_comprehensive_mixed ... ok
test cli::migrate::tests::test_const_generic ... ok
test cli::migrate::tests::test_enum_generic ... ok
test cli::check::tests::test_check_valid_code ... ok
test cli::migrate::tests::test_fixed_array_type ... ok
test cli::migrate::tests::test_ignore_in_comment ... ok
test cli::migrate::tests::test_ignore_in_string ... ok
test cli::migrate::tests::test_impl_generic ... ok
test cli::migrate::tests::test_migrate_nested ... ok
test cli::lock::tests::test_generate_empty_lock ... ok
test cli::migrate::tests::test_migrate_simple_generic ... ok
test cli::migrate::tests::test_migrate_type_annotation ... ok
test cli::migrate::tests::test_multiple_generics_on_line ... ok
test cli::migrate::tests::test_preserve_array_literal ... ok
test cli::migrate::tests::test_preserve_array_type ... ok
test cli::migrate::tests::test_preserve_indexing ... ok
test cli::migrate::tests::test_struct_generic ... ok
test cli::migrate::tests::test_trait_generic ... ok
test cli::migrate_sspec::tests::test_context_with_describe_in_text ... ok
test cli::migrate_sspec::tests::test_convert_print_context ... ok
test cli::migrate_sspec::tests::test_convert_print_describe ... ok
test cli::migrate_sspec::tests::test_convert_print_it ... ok
test cli::migrate_sspec::tests::test_describe_as_first_word_only ... ok
test cli::migrate_sspec::tests::test_full_migration ... ok
test cli::migrate_sspec::tests::test_is_banner_print ... ok
test cli::migrate_sspec::tests::test_is_manual_tracking_line ... ok
test cli::migrate_sspec::tests::test_it_containing_describe_keyword ... ok
test cli::migrate_sspec::tests::test_it_with_context_in_text ... ok
test cli::migrate_sspec::tests::test_keyword_in_middle_not_converted ... ok
test cli::migrate_sspec::tests::test_non_bdd_print_not_converted ... ok
test cli::migrate_sspec::tests::test_pass_fail_not_converted_to_blocks ... ok
test cli::sspec_docgen::metadata::tests::test_extract_field_value ... ok
test cli::sspec_docgen::parser::tests::test_parse_id_attr ... ok
test cli::sspec_docgen::validation::tests::test_validate_empty_spec ... ok
test cli::web::tests::test_web_build_options_default ... ok
test compile_options::tests::test_build_timestamp ... ok
test compile_options::tests::test_coverage_output_path_custom ... ok
test compile_options::tests::test_coverage_output_path_default ... ok
test compile_options::tests::test_default_no_coverage ... ok
test compile_options::tests::test_default_options ... ok
test compile_options::tests::test_deterministic_flag ... ok
test compile_options::tests::test_emit_ast_file ... ok
test compile_options::tests::test_emit_ast_stdout ... ok
test cli::web::tests::test_web_init_fails_if_exists ... ok
test compile_options::tests::test_emit_hir ... ok
test compile_options::tests::test_emit_mir ... ok
test compile_options::tests::test_log_path_flag ... ok
test compile_options::tests::test_parse_coverage ... ok
test compile_options::tests::test_parse_coverage_with_output ... ok
test compile_options::tests::test_parse_mmap ... ok
test compile_options::tests::test_parse_parallel ... ok
test compile_options::tests::test_parse_parallel_with_threads ... ok
test compile_options::tests::test_parse_profile ... ok
test compile_options::tests::test_with_build_timestamp ... ok
test compile_options::tests::test_with_coverage ... ok
test compile_options::tests::test_with_deterministic ... ok
test compile_options::tests::test_with_log ... ok
test early_startup::tests::test_app_type_parsing ... ok
test early_startup::tests::test_parse_early_args_app_type ... ok
test cli::web::tests::test_web_init_creates_project ... ok
test early_startup::tests::test_parse_early_args_default_prefetch ... ok
test early_startup::tests::test_parse_early_args_remaining ... ok
test early_startup::tests::test_parse_early_args_no_prefetch ... ok
test gpu_init::tests::test_gpu_context ... ok
test early_startup::tests::test_parse_early_args_window_hints ... ok
test gpu_init::tests::test_gpu_init_state ... ok
test gpu_init::tests::test_loading_indicator ... ok
test gpu_init::tests::test_gpu_init_state_error ... ok
test gpu_init::tests::test_startup_progress ... ok
test jj::jj::tests::test_format_description_failure ... ok
test jj::message::tests::test_failure_message ... ok
test jj::message::tests::test_info_message ... ok
test jj::jj::tests::test_format_description_success ... ok
test jj::message::tests::test_progress_message ... ok
test jj::message::tests::test_short_commit_truncation ... ok
test jj::message::tests::test_success_message ... ok
test jj_state::tests::build_mode_display ... ok
test lazy_init::tests::test_deferred_task ... ok
test jj_state::tests::test_level_display ... ok
test lazy_init::tests::test_global_scheduler ... ok
test lazy_init::tests::test_lazy_init_basic ... ok
test jj::jj::tests::test_init_and_store ... ok
test lazy_init::tests::test_deferred_task_with_dependencies ... ok
test lazy_init::tests::test_lazy_scheduler ... ok
test lazy_init::tests::test_lazy_init_try_get ... ok
test prefetch::tests::test_prefetch_nonexistent_file ... ok
test jj::store::tests::test_clear ... ok
test jj::store::tests::test_store_and_load ... ok
test jj::store::tests::test_latest ... ok
test repl_runner_ffi::tests::test_runner_clear_prelude ... ok
test jj::store::tests::test_load_for_commit ... ok
test prefetch::tests::test_prefetch_empty_file ... ok
test prefetch::tests::test_prefetch_single_file ... ok
test repl_runner_ffi::tests::test_runner_get_prelude ... ok
test repl_runner_ffi::tests::test_runner_init_cleanup ... ok
test resource_manager::tests::test_cli_resources ... ok
test resource_manager::tests::test_preallocated_resources_cli ... ok
test prefetch::tests::test_prefetch_multiple_files ... ok
test startup_metrics::tests::test_enable_metrics ... ok
test resource_manager::tests::test_service_resources ... ok
test startup_metrics::tests::test_json_format ... ok
test resource_manager::tests::test_preallocated_resources_repl ... ok
test startup_metrics::tests::test_metrics_disabled_by_default ... ok
test startup_metrics::tests::test_phase_names ... ok
test startup_metrics::tests::test_print_report ... ok
test startup_metrics::tests::test_startup_metrics_basic ... ok
test repl_runner_ffi::tests::test_runner_execute_simple ... ok
test simple_test::tests::test_discover_tests_empty_dir ... ok
test simple_test::tests::test_category_from_path ... ok
test simple_test::tests::test_simple_test_file_to_test_name ... ok
test simple_test::tests::test_parse_output_with_failures ... ok
test simple_test::tests::test_parse_output_all_pass ... ok
test simple_test::tests::test_discover_tests_nonexistent_dir ... ok
test simple_test::tests::test_result_is_success ... ok
test simple_test::tests::test_discover_tests_finds_spec_files ... ok
test startup_metrics::tests::test_phase_timer ... ok
test startup_metrics::tests::test_total_time ... ok
test compile_options::tests::test_profiler ... ok
test gpu_init::tests::test_gpu_init_handle ... ok
test resource_manager::tests::test_gui_resources ... ok

test result: ok. 125 passed; 0 failed; 0 ignored; 0 measured; 0 filtered out; finished in 0.23s

     Running unittests ../../src/bin/gen_sspec_docs.rs (target/debug/deps/gen_sspec_docs-0c2d21a9856fcf04)

running 0 tests

test result: ok. 0 passed; 0 failed; 0 ignored; 0 measured; 0 filtered out; finished in 0.00s

     Running unittests src/main.rs (target/debug/deps/simple-5876c1f54d039578)

running 0 tests

test result: ok. 0 passed; 0 failed; 0 ignored; 0 measured; 0 filtered out; finished in 0.00s

     Running tests/aop_tests.rs (target/debug/deps/aop_tests-d8c33b650b7830ff)

running 0 tests

test result: ok. 0 passed; 0 failed; 0 ignored; 0 measured; 0 filtered out; finished in 0.00s

     Running tests/capability_integration_tests.rs (target/debug/deps/capability_integration_tests-2444b7f52f5ace83)

running 8 tests
test test_builder_pattern_with_mut ... ok
test test_actor_message_passing_pattern ... ok
test test_capability_with_array ... ok
test test_iso_transfer_semantics ... ok
test test_const_and_mut_parameters ... ok
test test_lock_based_concurrent_modification ... ok
test test_mixed_mode_functions ... ok
test test_unsafe_mode_escape_hatch ... ok

test result: ok. 8 passed; 0 failed; 0 ignored; 0 measured; 0 filtered out; finished in 0.00s

     Running tests/capability_tests.rs (target/debug/deps/capability_tests-cd7c3beaed497c45)

running 24 tests
test test_actor_mode_rejects_mut_in_params ... ok
test test_capability_env_aliasing_rules ... ok
test test_capability_conversion_rules ... ok
test test_capability_properties ... ok
test test_all_modes_with_shared_capability ... ok
test test_capability_release ... ok
test test_capability_with_generic ... ok
test test_capability_zero_cost_abstraction ... ok
test test_default_capability_is_shared ... ok
test test_error_message_quality ... ok
test test_class_method_capabilities ... ok
test test_iso_in_all_modes_succeeds ... ok
test test_multiple_parameters_mixed_capabilities ... ok
test test_mut_in_actor_mode_fails ... ok
test test_mut_in_lock_base_mode_succeeds ... ok
test test_nested_capabilities ... ok
test test_nested_capability_types ... ok
test test_parse_concurrency_mode_actor ... ok
test test_parse_concurrency_mode_lock_base ... ok
test test_parse_concurrency_mode_unsafe ... ok
test test_parse_iso_capability ... ok
test test_parse_mut_capability ... ok
test test_return_type_with_capability ... ok
test test_unsafe_mode_allows_all_capabilities ... ok

test result: ok. 24 passed; 0 failed; 0 ignored; 0 measured; 0 filtered out; finished in 0.00s

     Running tests/debug_test_wrapper.rs (target/debug/deps/debug_test_wrapper-d7d438201dee7f40)

running 4 tests
test test_json_no_spec_framework ... ok
test test_json_two_tests_with_cache_clear ... ok
test test_json_two_tests_without_cache_clear ... ok
test test_json_spec ... ok

test result: ok. 4 passed; 0 failed; 0 ignored; 0 measured; 0 filtered out; finished in 0.90s

     Running tests/dependency_tracker_tests.rs (target/debug/deps/dependency_tracker_tests-b19b75cbad4d6a23)

running 38 tests
test circular_complex_graph_with_cycle ... ok
test circular_no_cycle_diamond ... ok
test circular_no_cycle_linear ... ok
test circular_self_reference_detected ... ok
test circular_simple_cycle_detected ... ok
test circular_topological_order ... ok
test circular_topological_order_with_cycle_returns_none ... ok
test circular_transitive_imports ... ok
test circular_triangle_detected ... ok
test integration_glob_import_with_auto_import ... ok
test integration_import_graph_with_symbols ... ok
test integration_module_with_visibility_and_exports ... ok
test macro_auto_imported_in_glob ... ok
test macro_empty_auto_import_no_macros ... ok
test macro_explicit_import_always_works ... ok
test macro_glob_doesnt_leak ... ok
test macro_is_auto_imported_checks_kind ... ok
test macro_nonmacros_always_globbed ... ok
test project_symbols_qualified_lookup ... ok
test resolution_crate_prefix ... ok
test resolution_not_found ... ok
test symbol_aliased_import ... ok
test symbol_imported_vs_local ... ok
test symbol_table_basic ... ok
test symbol_table_conflict_detection ... ok
test symbol_table_macro_filtering ... ok
test symbol_table_visibility_filtering ... ok
test visibility_ancestor_chain ... ok
test visibility_fully_public ... ok
test visibility_meet_properties ... ok
test visibility_must_be_exported ... ok
test resolution_ambiguous_detected ... ok
test visibility_private_module_restricts ... ok
test visibility_private_symbol_stays_private ... ok
test resolution_file_module ... ok
test resolution_directory_module ... ok
test resolution_nested_module ... ok
test resolution_well_formed_filesystem ... ok

test result: ok. 38 passed; 0 failed; 0 ignored; 0 measured; 0 filtered out; finished in 0.00s

     Running tests/doctest_tests.rs (target/debug/deps/doctest_tests-c2980e592697e506)

running 14 tests
test doctest_discovers_md_doctests_from_fixtures ... ok
test doctest_parses_readme_config_excludes ... ok
test doctest_matches_errors ... ok
test doctest_parses_readme_config_lang_and_timeout ... ok
test doctest_parses_readme_subdirs_and_files ... ok
test doctest_parses_markdown_sdoctest_fences ... ok
test doctest_parses_markdown_fences ... ok
test doctest_readme_config_disabled ... ok
test doctest_runs_md_doctests_from_fixtures ... ok
test doctest_parses_spl_docstrings ... ok
test doctest_parses_multiple_spl_docstrings ... ok
test doctest_parses_and_runs_expression ... ok
test doctest_supports_multiline_blocks ... ok
test doctest_parses_spl_with_multiple_examples_per_block ... ok

test result: ok. 14 passed; 0 failed; 0 ignored; 0 measured; 0 filtered out; finished in 0.00s

     Running tests/effects_tests.rs (target/debug/deps/effects_tests-91bef214fb110e90)

running 47 tests
test capabilities_compile_time_fs_blocked ... ok
test capabilities_compile_time_multiple_effects_one_blocked ... ok
test capabilities_all ... ok
test capabilities_basic_parsing ... ok
test capabilities_compile_time_net_blocked ... ok
test capabilities_compile_time_async_always_allowed ... ok
test capabilities_compile_time_multiple_effects_partial_allowed ... ok
test capabilities_compile_time_unsafe_blocked ... ok
test capabilities_compile_time_validation_allowed ... ok
test capabilities_compile_time_validation_blocked ... ok
test capabilities_compile_time_unrestricted_allows_all ... ok
test capabilities_empty ... ok
test capabilities_multiple ... ok
test capabilities_invalid_name ... ok
test effects_async_allows_non_blocking_io ... ok
test capabilities_trailing_comma ... ok
test effects_async_decorator_syntax ... ok
test effects_io_can_call_io ... ok
test effects_fs_function_basic ... ok
test effects_pure_blocks_print ... ok
test effects_parsed_correctly ... ok
test effects_io_can_call_pure ... ok
test effects_net_function_basic ... ok
test effects_io_function_basic ... ok
test effects_pure_cannot_call_fs ... ok
test effects_pure_blocks_println ... ok
test effects_pure_cannot_call_io ... ok
test effects_pure_cannot_call_unsafe ... ok
test effects_pure_cannot_call_net ... ok
test effects_pure_function_basic ... ok
test effects_pure_can_call_pure ... ok
test effects_transitive_pure_violation ... ok
test effects_stacked_all ... ok
test import_validation_check_compatibility_allowed ... ok
test effects_stacked_io_net ... ok
test import_validation_extract_function_effects ... ok
test import_validation_extract_module_capabilities ... ok
test import_validation_multiple_effects_one_blocked ... ok
test import_validation_unrestricted_module ... ok
test effects_unrestricted_can_call_anything ... ok
test import_validation_async_always_allowed ... ok
test import_validation_check_compatibility_blocked ... ok
test effects_unsafe_function_basic ... ok
test effects_stacked_pure_async ... ok
test effects_with_other_decorators ... ok
test effects_with_attributes ... ok
test effects_unrestricted_function ... ok

test result: ok. 47 passed; 0 failed; 0 ignored; 0 measured; 0 filtered out; finished in 0.01s

     Running tests/interpreter_advanced_features_tests.rs (target/debug/deps/interpreter_advanced_features_tests-661d205492035113)

running 35 tests
test interpreter_attribute_deprecated ... ok
test interpreter_attribute_inline ... ok
test interpreter_attribute_with_value ... ok
test interpreter_binary_literal ... ok
test interpreter_hex_literal ... ok
test interpreter_decorator_no_parens ... ok
test interpreter_if_let_none_else ... ok
test interpreter_hex_arithmetic ... ok
test interpreter_binary_with_underscores ... ok
test interpreter_attribute_on_class ... ok
test interpreter_match_guard_basic ... ok
test interpreter_if_let_ok ... ok
test interpreter_match_guard_negative ... ok
test interpreter_match_guard_fallthrough ... ok
test interpreter_if_let_some ... ok
test interpreter_match_guard_uses_binding ... ok
test interpreter_multiple_attributes ... ok
test interpreter_multiple_decorators ... ok
test interpreter_or_pattern_basic ... ok
test interpreter_octal_literal ... ok
test interpreter_or_pattern_medium ... ok
test interpreter_or_pattern_with_wildcard ... ok
test interpreter_question_mark_operator ... ok
test interpreter_question_mark_chained ... ok
test interpreter_question_mark_propagates_error ... ok
test interpreter_range_pattern_exclusive ... ok
test interpreter_range_pattern_exclusive_boundary ... ok
test interpreter_result_err_handling ... ok
test interpreter_result_unwrap_or ... ok
test interpreter_result_from_function ... ok
test interpreter_result_ok_unwrap ... ok
test interpreter_result_is_err ... ok
test interpreter_range_pattern_inclusive ... ok
test interpreter_result_is_ok ... ok
test interpreter_while_let_basic ... ok

test result: ok. 35 passed; 0 failed; 0 ignored; 0 measured; 0 filtered out; finished in 0.01s

     Running tests/interpreter_async_tests.rs (target/debug/deps/interpreter_async_tests-bc86aeee02c8f903)

running 20 tests
test interpreter_async_can_call_async ... ok
test interpreter_await_non_future ... ok
test interpreter_async_allows_print ... ok
test interpreter_async_basic ... ok
test interpreter_async_fn_basic ... ok
test interpreter_future_function_call ... ok
test interpreter_future_basic ... ok
test interpreter_future_multiple ... ok
test interpreter_generator_basic ... ok
test interpreter_generator_exhausted ... ok
test interpreter_lambda_closure ... ok
test interpreter_async_allows_await ... ok
test interpreter_generator_collect ... ok
test interpreter_future_with_computation ... ok
test interpreter_lambda_immediate_call ... ok
test interpreter_generator_single ... ok
test interpreter_lambda_simple ... ok
test interpreter_lambda_no_params ... ok
test interpreter_lambda_multiple_params ... ok
test interpreter_lambda_nested ... ok

test result: ok. 20 passed; 0 failed; 0 ignored; 0 measured; 0 filtered out; finished in 0.00s

     Running tests/interpreter_basic.rs (target/debug/deps/interpreter_basic-62627505ab51db2e)

running 23 tests
test interpreter_captures_multiple_prints ... ok
test interpreter_captures_print_with_multiple_args ... ok
test interpreter_captures_mixed_stdout_stderr ... ok
test interpreter_captures_stderr ... ok
test interpreter_captures_print_output ... ok
test interpreter_captures_print_with_values ... ok
test compiler_mode_with_arithmetic ... ok
test compiler_mode_runs_simple_code ... ok
test compiler_mode_in_memory ... ok
test interpreter_result_has_empty_stdout_when_no_capture ... ok
test interpreter_returns_zero ... ok
test compiler_mode_captures_multiple_args ... ok
test interpreter_with_enums ... ok
test interpreter_run_with_stdin ... ok
test compiler_mode_captures_print ... ok
test interpreter_runs_simple_code ... ok
test interpreter_with_config ... ok
test interpreter_with_structs ... ok
test compiler_mode_captures_stderr ... ok
test interpreter_with_nested_function_calls ... ok
test interpreter_with_functions ... ok
test interpreter_with_variables ... ok
test interpreter_with_variable_expressions ... ok

test result: ok. 23 passed; 0 failed; 0 ignored; 0 measured; 0 filtered out; finished in 0.01s

     Running tests/interpreter_bindings.rs (target/debug/deps/interpreter_bindings-fd16afd19f73534a)

running 11 tests
test interpreter_let_immutable_prevents_reassignment ... ok
test interpreter_let_immutable_tuple_prevents_reassignment ... ok
test interpreter_const_in_expression ... ok
test interpreter_let_mut_allows_reassignment ... ok
test interpreter_multiple_immutable_borrows ... ok
test interpreter_const_declaration ... ok
test interpreter_global_len_function ... ok
test interpreter_static_declaration ... ok
test interpreter_mut_let_syntax ... ok
test interpreter_let_mut_tuple_destructure ... ok
test interpreter_using_struct ... ok

test result: ok. 11 passed; 0 failed; 0 ignored; 0 measured; 0 filtered out; finished in 0.00s

     Running tests/interpreter_collections.rs (target/debug/deps/interpreter_collections-27ad9884f9618e15)

running 54 tests
test interpreter_array_filter ... ok
test interpreter_array_contains ... ok
test interpreter_array_any_all ... ok
test interpreter_array_concat ... ok
test interpreter_array_is_empty ... ok
test interpreter_array_join ... ok
test interpreter_array_first_last ... ok
test interpreter_array_len ... ok
test interpreter_array_push ... ok
test interpreter_array_literal ... ok
test interpreter_array_map ... ok
test interpreter_array_reduce ... ok
test interpreter_array_slice ... ok
test interpreter_array_reverse ... ok
test interpreter_array_spread ... ok
test interpreter_array_spread_mixed ... ok
test interpreter_chained_comparison_basic ... ok
test interpreter_array_sum ... ok
test interpreter_chained_comparison_false ... ok
test interpreter_chained_comparison_mixed ... ok
test interpreter_chained_comparison_three_way ... ok
test interpreter_decorator_with_args ... ok
test interpreter_decorator_basic ... ok
test interpreter_dict_comprehension_basic ... ok
test interpreter_dict_contains_key ... ok
test interpreter_dict_len ... ok
test interpreter_dict_get_or ... ok
test interpreter_dict_literal ... ok
test interpreter_dict_get ... ok
test interpreter_dict_remove ... ok
test interpreter_dict_merge ... ok
test interpreter_negative_index_array ... ok
test interpreter_slice_end_only ... ok
test interpreter_list_comprehension_basic ... ok
test interpreter_negative_index_second_from_end ... ok
test interpreter_tuple_destructure ... ok
test interpreter_dict_set ... ok
test interpreter_list_comprehension_with_condition ... ok
test interpreter_negative_index_string ... ok
test interpreter_slice_with_step ... ok
test interpreter_list_comprehension_squares ... ok
test interpreter_string_len ... ok
test interpreter_tuple_unpacking_swap ... ok
test interpreter_with_as_binding ... ok
test interpreter_slice_start_only ... ok
test interpreter_string_index ... ok
test interpreter_with_class_enter_exit ... ok
test interpreter_tuple_unpacking_from_array ... ok
test interpreter_slice_basic ... ok
test interpreter_string_contains ... ok
test interpreter_tuple_literal ... ok
test interpreter_tuple_len ... ok
test interpreter_with_basic ... ok
test interpreter_tuple_unpacking_basic ... ok

test result: ok. 54 passed; 0 failed; 0 ignored; 0 measured; 0 filtered out; finished in 0.01s

     Running tests/interpreter_control.rs (target/debug/deps/interpreter_control-6b8135b0a25b9cb3)

running 5 tests
test interpreter_for_loop ... ok
test interpreter_if_else ... ok
test interpreter_while_loop ... ok
test interpreter_match_tuple ... ok
test interpreter_match_array ... ok

test result: ok. 5 passed; 0 failed; 0 ignored; 0 measured; 0 filtered out; finished in 0.00s

     Running tests/interpreter_expressions.rs (target/debug/deps/interpreter_expressions-5f63e2b1904cd19b)

running 19 tests
test interpreter_functional_update_array_concat ... ok
test interpreter_arithmetic ... ok
test interpreter_arithmetic_complex ... ok
test interpreter_functional_update_array_filter ... ok
test interpreter_functional_update_chained ... ok
test interpreter_functional_update_dict_set ... ok
test interpreter_named_arguments_mixed ... ok
test interpreter_named_arguments_reorder ... ok
test interpreter_no_paren_call_simple_statement ... ok
test interpreter_named_arguments_basic ... ok
test interpreter_no_paren_call_with_int_arg ... ok
test interpreter_functional_update_array_map ... ok
test interpreter_no_paren_call_with_string_arg ... ok
test interpreter_symbols ... ok
test interpreter_symbols_comparison ... ok
test interpreter_trailing_block_filter ... ok
test interpreter_trailing_block_method_call ... ok
test interpreter_trailing_block_multi_param ... ok
test interpreter_trailing_block_with_args ... ok

test result: ok. 19 passed; 0 failed; 0 ignored; 0 measured; 0 filtered out; finished in 0.00s

     Running tests/interpreter_extern.rs (target/debug/deps/interpreter_extern-1a59e25de92feade)

running 7 tests
test interpreter_error_handling_syntax ... ok
test interpreter_error_handling_undefined_variable ... ok
test interpreter_extern_pow ... ok
test interpreter_extern_min_max ... ok
test interpreter_extern_abs ... ok
test interpreter_extern_to_int ... ok
test interpreter_extern_sqrt ... ok

test result: ok. 7 passed; 0 failed; 0 ignored; 0 measured; 0 filtered out; finished in 0.00s

     Running tests/interpreter_generics_tests.rs (target/debug/deps/interpreter_generics_tests-68c5d4ae78e1e4cf)

running 8 tests
test stdlib_impl_trait_for_type ... ok
test stdlib_generic_impl_with_where ... ok
test stdlib_const_generic_param ... ok
test stdlib_multiple_trait_bounds ... ok
test stdlib_associated_type ... ok
test stdlib_nested_generic_types ... ok
test stdlib_tuple_return_type ... ok
test stdlib_where_clause_on_function ... ok

test result: ok. 8 passed; 0 failed; 0 ignored; 0 measured; 0 filtered out; finished in 0.00s

     Running tests/interpreter_jit.rs (target/debug/deps/interpreter_jit-50ab60ec09a73181)

running 56 tests
test jit_arithmetic_add ... ok
test jit_arithmetic_mul ... ok
test jit_abs ... ok
test jit_arithmetic_mod ... ok
test jit_arithmetic_div ... ok
test jit_binary_literal ... ok
test jit_binary_in_expression ... ok
test jit_arithmetic_sub ... ok
test jit_binary_literal_uppercase ... ok
test jit_comparison_lt ... ok
test jit_bitwise_or ... ok
test jit_comparison_eq ... ok
test jit_bitwise_and ... ok
test jit_comparison_lte ... ok
test jit_comparison_gte ... ok
test jit_conditional_if_false ... ok
test jit_is_even_odd ... ok
test jit_complex_expression ... ok
test jit_conditional_if_true ... ok
test jit_if_elif_else_first ... ok
test jit_bitwise_xor ... ok
test jit_comparison_not_equal ... ok
test jit_hex_literal ... ok
test jit_function_call ... ok
test jit_let_binding_chain ... ok
test jit_let_binding_simple ... ok
test jit_if_elif_else_second ... ok
test jit_let_binding_expression ... ok
test jit_logical_and_false ... ok
test jit_hex_literal_uppercase ... ok
test jit_hex_in_expression ... ok
test jit_logical_and_true ... ok
test jit_iterative_power ... ok
test jit_logical_or_true ... ok
test jit_logical_or_false ... ok
test jit_if_elif_else_third ... ok
test jit_multiple_let_bindings ... ok
test jit_max_of_three ... ok
test jit_multiple_function_calls ... ok
test jit_gcd ... ok
test jit_mutable_variable ... ok
test jit_mutable_increment ... ok
test jit_octal_literal ... ok
test jit_shift_left ... ok
test jit_octal_literal_uppercase ... ok
test jit_while_loop_sum ... ok
test jit_sum_of_squares ... ok
test jit_while_loop_simple ... ok
test jit_shift_right ... ok
test jit_negation ... ok
test jit_nested_while_loops ... ok
test jit_while_loop_countdown ... ok
test jit_simple_return ... ok
test jit_nested_if ... ok
test jit_recursive_factorial ... ok
test jit_recursive_fibonacci ... ok

test result: ok. 56 passed; 0 failed; 0 ignored; 0 measured; 0 filtered out; finished in 0.02s

     Running tests/interpreter_macro_hygiene.rs (target/debug/deps/interpreter_macro_hygiene-8c0711a992a71f7a)

running 20 tests
test hygiene_empty_macro ... ok
test hygiene_function_with_outer_variable ... ok
test hygiene_array_destructuring_in_macro ... ok
test hygiene_complex_macro_with_multiple_scopes ... ok
test hygiene_function_parameters ... ok
test hygiene_gensym_unique_across_calls ... ok
test hygiene_macro_internal_variables_isolated ... ok
test hygiene_macro_parameter_no_capture ... ok
test hygiene_nested_functions ... ok
test hygiene_nested_macro_calls ... ok
test hygiene_macro_calling_macro_complex ... ok
test hygiene_nested_blocks ... ok
test hygiene_macro_with_return ... ok
test hygiene_nested_scopes_in_macro ... ok
test hygiene_multiple_variables_in_macro ... ok
test hygiene_pattern_matching_variables ... ok
test hygiene_outer_variable_not_affected_by_macro ... ok
test hygiene_variable_shadowing_in_macro ... ok
test hygiene_tuple_destructuring_in_macro ... ok
test hygiene_prevents_variable_capture_basic ... ok

test result: ok. 20 passed; 0 failed; 0 ignored; 0 measured; 0 filtered out; finished in 0.00s

     Running tests/interpreter_macros.rs (target/debug/deps/interpreter_macros-d97759ec94d85898)

running 62 tests
test builtin::interpreter_builtin_assert_eq_macro ... ok
test builtin::interpreter_macro_assert_eq_fail ... ok
test builtin::interpreter_builtin_format_macro ... ok
test builtin::interpreter_builtin_stringify_macro_complex ... ok
test builtin::interpreter_builtin_assert_macro ... ok
test builtin::interpreter_builtin_vec_macro ... ok
test builtin::interpreter_builtin_stringify_macro ... ok
test builtin::interpreter_macro_assert_fail ... ok
test builtin::interpreter_macro_assert_eq_pass ... ok
test builtin::interpreter_macro_dbg ... ok
test builtin::interpreter_macro_vec ... ok
test builtin::interpreter_macro_assert_pass ... ok
test builtin::interpreter_macro_format ... ok
test builtin::interpreter_macro_panic ... ok
test builtin::interpreter_macro_vec_sum ... ok
test builtin::interpreter_macro_vec_with_expressions ... ok
test field_intro::macro_invocation_in_class_body_parses ... ok
test full_syntax::macro_full_syntax_clamp_high ... ok
test full_syntax::macro_full_syntax_clamp_low ... ok
test full_syntax::macro_full_syntax_const_arithmetic ... ok
test full_syntax::macro_full_syntax_conditional_in_emit ... ok
test full_syntax::macro_full_syntax_const_and_non_const_params ... ok
test full_syntax::macro_full_syntax_const_eval_block ... ok
test full_syntax::macro_full_syntax_const_param ... ok
test full_syntax::macro_full_syntax_labeled_returns ... ok
test full_syntax::macro_full_syntax_function_call_in_emit ... ok
test full_syntax::macro_full_syntax_empty_contract ... ok
test full_syntax::macro_full_syntax_multiline_emit ... ok
test full_syntax::macro_full_syntax_loop_in_emit ... ok
test full_syntax::macro_full_syntax_multiple_params ... ok
test full_syntax::macro_full_syntax_string_template ... ok
test field_intro::macro_field_intro_parser_recognizes_macro_in_class_body ... ok
test ll1::ll1_parser_registers_multiple_macros ... ok
test ll1::ll1_parser_macro_registry_template_with_quotes ... ok
test variadic::macro_variadic_basic ... ok
test parser_validation::macro_parser_requires_param_type ... ok
test parser_validation::macro_parser_requires_arrow_contract ... ok
test user_defined::interpreter_user_defined_macro_two_params ... ok
test variadic::macro_variadic_with_regular_params ... ok
test user_defined::interpreter_user_defined_macro_max ... ok
test ll1::ll1_parser_macro_registry_const_eval ... ok
test variadic::macro_variadic_cannot_be_const ... ok
test ll1::ll1_parser_with_ll1_mode_enabled ... ok
test user_defined::macro_defined_in_same_file_works ... ok
test variadic::macro_variadic_empty ... ok
test inject::macro_inject_tail_basic ... ok
test variadic::macro_variadic_single_arg ... ok
test user_defined::interpreter_user_defined_macro_simple ... ok
test variadic::macro_variadic_must_be_last ... ok
test full_syntax::macro_full_syntax_nested_expressions ... ok
test user_defined::interpreter_user_defined_macro_with_param ... ok
test ll1::ll1_parser_registers_macro_definitions ... ok
test intro::macro_intro_with_const_for_loop ... ok
test inject::macro_inject_here_basic ... ok
test recursion::macro_recursive_expansion_basic ... ok
test parser_validation::macro_parser_empty_params_ok ... ok
test intro::macro_intro_function_basic ... ok
test intro::macro_intro_with_const_param_substitution ... ok
test parser_validation::macro_parser_multiple_contract_items ... ok
test intro::macro_intro_template_function_name ... ok
test intro::macro_intro_template_with_for_loop ... ok
test recursion::macro_recursive_expansion_depth_limit ... ok

test result: ok. 62 passed; 0 failed; 0 ignored; 0 measured; 0 filtered out; finished in 0.02s

     Running tests/interpreter_memory.rs (target/debug/deps/interpreter_memory-73dc04c6ce3166eb)

running 24 tests
test interpreter_borrow_through_function ... ok
test interpreter_handle_pointer_with_struct ... ok
test interpreter_handle_pointer_basic ... ok
test interpreter_borrow_in_expression ... ok
test interpreter_borrow_nested_deref ... ok
test interpreter_handle_pointer_arithmetic ... ok
test interpreter_mutable_borrow_modify ... ok
test interpreter_immutable_borrow ... ok
test interpreter_shared_pointer_basic ... ok
test interpreter_pointer_with_struct ... ok
test interpreter_mutable_borrow ... ok
test interpreter_shared_pointer_no_move ... ok
test interpreter_shared_pointer_with_struct ... ok
test interpreter_shared_pointer_multiple_refs ... ok
test interpreter_shared_pointer_arithmetic ... ok
test interpreter_shared_pointer_raii ... ok
test interpreter_unique_pointer_basic ... ok
test interpreter_unique_pointer_arithmetic ... ok
test interpreter_unique_pointer_move_error ... ok
test interpreter_unique_pointer_raii_nested_scope ... ok
test interpreter_unique_pointer_move_basic ... ok
test interpreter_unique_pointer_deref_no_move ... ok
test interpreter_weak_pointer_from_shared ... ok
test interpreter_unique_pointer_raii_function_scope ... ok

test result: ok. 24 passed; 0 failed; 0 ignored; 0 measured; 0 filtered out; finished in 0.01s

     Running tests/interpreter_multiline.rs (target/debug/deps/interpreter_multiline-d5c432533165b1fc)

running 16 tests
test continuation_line_call ... ok
test array_with_multiline_elements ... ok
test constructor_style_multiline ... ok
test continuation_line_in_function ... ok
test continuation_line_same_indent ... ok
test multiline_function_call_basic ... ok
test multiline_function_call_named_args ... ok
test multiline_array_literal ... ok
test multiline_with_nested_call ... ok
test multiline_named_arg_with_nested_call ... ok
test named_args_colon_multiline ... ok
test nested_function_call_single_line ... ok
test parser_spec_combined_patterns ... ok
test tuple_destructuring_assignment ... ok
test struct_init_single_line ... ok
test tuple_element_access ... ok

test result: ok. 16 passed; 0 failed; 0 ignored; 0 measured; 0 filtered out; finished in 0.00s

     Running tests/interpreter_native_io.rs (target/debug/deps/interpreter_native_io-74c579fd8b80a14a)

running 18 tests
test test_native_fs_not_found_error ... ok
test test_native_fs_metadata ... ok
test test_native_fs_create_and_remove_dir ... ok
test test_native_fs_metadata_file_type ... ok
test test_native_fs_copy ... ok
test test_native_fs_append ... ok
test test_native_fs_rename ... ok
test test_native_fs_open_and_close ... ok
testtest test_native_is_tty ... ok
test test_native_fs_write_bytes ... ok
test test_native_term_flush ... ok
test test_native_fs_create_dir_recursive ... ok
test test_native_term_write ... ok
test test_native_term_handles ... ok
test test_native_fs_remove_file ... ok
test test_native_get_term_size ... ok
test test_native_fs_write_and_read ... ok
test test_native_fs_read_dir ... ok

test result: ok. 18 passed; 0 failed; 0 ignored; 0 measured; 0 filtered out; finished in 0.01s

     Running tests/interpreter_oop.rs (target/debug/deps/interpreter_oop-78632c3bba59c5a4)

running 27 tests
test interpreter_class_methods ... ok
test interpreter_auto_property_getter ... ok
test interpreter_auto_property_combined ... ok
test interpreter_auto_property_is ... ok
test interpreter_auto_property_setter ... ok
test interpreter_context_block_basic ... ok
test interpreter_context_block_with_self ... ok
test interpreter_dyn_trait_function_parameter_coercion ... ok
test interpreter_dyn_trait_let_binding_coercion ... ok
test interpreter_dyn_trait_parsing_in_function ... ok
test interpreter_impl_blocks_with_args ... ok
test interpreter_dyn_trait_multiple_types ... ok
test interpreter_method_missing_basic ... ok
test interpreter_method_missing_with_args ... ok
test interpreter_method_missing_with_context ... ok
test interpreter_static_polymorphism_function_parameter ... ok
test interpreter_static_polymorphism_basic ... ok
test interpreter_static_polymorphism_multiple_methods ... ok
test interpreter_impl_blocks ... ok
test interpreter_static_polymorphism_with_fields ... ok
test interpreter_trait_polymorphism_without_dyn ... ok
test interpreter_trait_default_overridden ... ok
test interpreter_traits_basic ... ok
test interpreter_trait_default_method ... ok
test interpreter_traits_multiple_types ... ok
test interpreter_trait_mixed_abstract_default ... ok
test interpreter_traits_with_args ... ok

test result: ok. 27 passed; 0 failed; 0 ignored; 0 measured; 0 filtered out; finished in 0.01s

     Running tests/interpreter_primitive_types.rs (target/debug/deps/interpreter_primitive_types-96d94c817e71110c)

running 27 tests
test interpreter_generic_enum ... ok
test interpreter_float_suffix_f32 ... ok
test interpreter_enum_comparison_false ... ok
test interpreter_float_suffix_f64 ... ok
test interpreter_generic_struct ... ok
test interpreter_generic_function_pair ... ok
test interpreter_option_is_some ... ok
test interpreter_generic_function_identity ... ok
test interpreter_option_is_none ... ok
test interpreter_option_none_unwrap_or ... ok
test interpreter_option_map ... ok
test interpreter_strong_enum_wildcard_error ... ok
test interpreter_option_some ... ok
test interpreter_strong_enum_identifier_catchall_error ... ok
test interpreter_optional_type ... ok
test interpreter_strong_enum_exhaustive_match ... ok
test interpreter_type_suffix_i32 ... ok
test interpreter_type_alias ... ok
test interpreter_type_suffix_i64 ... ok
test interpreter_union_type_pattern_match_int ... ok
test interpreter_type_suffix_u32 ... ok
test interpreter_union_type_annotation ... ok
test interpreter_union_type_pattern_match_str ... ok
test interpreter_union_type_three_types ... ok
test interpreter_unit_suffix_km ... ok
test interpreter_unit_suffix_expression ... ok
test interpreter_weak_enum_allows_wildcard ... ok

test result: ok. 27 passed; 0 failed; 0 ignored; 0 measured; 0 filtered out; finished in 0.01s

     Running tests/interpreter_stdlib_syntax.rs (target/debug/deps/interpreter_stdlib_syntax-855eab9231d93aac)

running 6 tests
test stdlib_generic_enum_syntax ... ok
test stdlib_function_type_syntax ... ok
test stdlib_generic_type_in_field ... ok
test stdlib_list_generic_type ... ok
test stdlib_inline_method_in_struct ... ok
test stdlib_result_as_type_name ... ok

test result: ok. 6 passed; 0 failed; 0 ignored; 0 measured; 0 filtered out; finished in 0.00s

     Running tests/interpreter_strings.rs (target/debug/deps/interpreter_strings-f2e731875f7b34a8)

running 13 tests
test interpreter_default_string_interpolation ... ok
test interpreter_fstring_basic ... ok
test interpreter_default_arguments_override ... ok
test interpreter_fstring_expression ... ok
test interpreter_default_arguments ... ok
test interpreter_default_string_escaped_braces ... ok
test interpreter_fstring_multiple ... ok
test interpreter_line_continuation_function_call ... ok
test interpreter_raw_string_basic ... ok
test interpreter_fstring_no_interpolation ... ok
test interpreter_raw_string_backslashes ... ok
test interpreter_line_continuation_expression ... ok
test interpreter_raw_string_no_interpolation ... ok

test result: ok. 13 passed; 0 failed; 0 ignored; 0 measured; 0 filtered out; finished in 0.00s

     Running tests/interpreter_unit_types.rs (target/debug/deps/interpreter_unit_types-e000b98f78c0c45b)

running 53 tests
test interpreter_assert_unit_non_unit_value ... ok
test interpreter_assert_unit_invalid_type_name ... ok
test interpreter_assert_unit_wrong_type ... ok
test interpreter_assert_unit_correct_type ... ok
test interpreter_assert_unit_compound_type ... ok
test interpreter_compound_unit_basic_definition ... ok
test interpreter_compound_unit_area ... ok
test interpreter_compound_unit_complex ... ok
test interpreter_compound_unit_division_produces_compound ... ok
test interpreter_compound_unit_same_unit_cancellation ... ok
test interpreter_let_binding_unit_type_correct ... ok
test interpreter_let_binding_unit_type_non_unit_value ... ok
test interpreter_compound_unit_multiplication ... ok
test interpreter_let_binding_unit_type_wrong ... ok
test interpreter_primitive_warning_suppressed_with_attribute ... ok
test interpreter_si_prefix_conversion ... ok
test interpreter_semantic_type_no_warning ... ok
test interpreter_si_prefix_giga ... ok
test interpreter_si_prefix_directly_defined_takes_precedence ... ok
test interpreter_si_prefix_family_preserved ... ok
test interpreter_si_prefix_kilo ... ok
test interpreter_si_prefix_micro ... ok
test interpreter_si_prefix_mega ... ok
test interpreter_si_prefix_nano ... ok
test interpreter_si_prefix_milli ... ok
test interpreter_unit_arithmetic_default_deny ... ok
test interpreter_unit_arithmetic_cross_family_denied ... ok
test interpreter_unit_negation_default_deny ... ok
test interpreter_unit_arithmetic_subtraction_allowed ... ok
test interpreter_unit_inference_return_non_unit ... ok
test interpreter_unit_chained_conversion ... ok
test interpreter_unit_conversion_preserves_suffix ... ok
test interpreter_unit_comparison_always_allowed ... ok
test interpreter_si_prefix_tera ... ok
test interpreter_unit_conversion_m_to_km ... ok
test interpreter_unit_arithmetic_same_family_allowed ... ok
test interpreter_unit_inference_parameter_wrong_family ... ok
test interpreter_unit_float_suffix ... ok
test interpreter_unit_inference_non_unit_value ... ok
test interpreter_unit_inference_return_wrong_family ... ok
test interpreter_unit_inference_compound_unit ... ok
test interpreter_unit_to_string_method ... ok
test interpreter_unit_family_to_base ... ok
test interpreter_unit_inference_return_correct ... ok
test interpreter_unit_def_arithmetic ... ok
test interpreter_unit_scaling_allowed ... ok
test interpreter_unit_negation_allowed ... ok
test interpreter_unit_inference_parameter_correct ... ok
test interpreter_unit_def_basic ... ok
test interpreter_unit_suffix_method ... ok
test interpreter_unit_family_basic ... ok
test interpreter_unit_time_family ... ok
test interpreter_unit_value_method ... ok

test result: ok. 53 passed; 0 failed; 0 ignored; 0 measured; 0 filtered out; finished in 0.01s

     Running tests/jj_state_tests.rs (target/debug/deps/jj_state_tests-42c2d617075a188f)

running 15 tests
test build_metadata_serializes_correctly ... ok
test snapshot_includes_artifacts ... ok
test jj_state_manager_disabled_when_no_repo ... ok
test jj_state_manager_detects_repo ... ok
test snapshot_includes_duration ... ok
test snapshot_includes_timestamp ... ok
test snapshot_fails_gracefully_no_repo ... ok
test snapshot_message_format_correct ... ok
test test_metadata_serializes_correctly ... ok
test snapshot_preserves_git_state ... ok
test snapshot_test_creates_commit ... ok
test snapshot_build_creates_commit ... ok
test get_last_working_state_returns_latest ... ok
test snapshot_is_idempotent ... ok
test multiple_snapshots_track_history ... ok

test result: ok. 15 passed; 0 failed; 0 ignored; 0 measured; 0 filtered out; finished in 0.58s

     Running tests/module_tests.rs (target/debug/deps/module_tests-fb5f2e7fb51b440d)

running 19 tests
test export_use_group ... ok
test auto_import_macro ... ok
test auto_import_multiple ... ok
test common_use_glob ... ok
test export_use_glob ... ok
test common_use_single ... ok
test export_use_single ... ok
test mod_declaration_public ... ok
test mod_missing_name_error ... ok
test mod_declaration_simple ... ok
test init_spl_complete_pattern ... ok
test mod_declaration_with_attribute ... ok
test module_path_dot_separated_parsing ... ok
test use_glob ... ok
test module_path_multiple_segments ... ok
test use_group_items ... ok
test use_invalid_syntax_error ... ok
test use_with_alias ... ok
test use_single_item ... ok

test result: ok. 19 passed; 0 failed; 0 ignored; 0 measured; 0 filtered out; finished in 0.00s

     Running tests/networking_tests.rs (target/debug/deps/networking_tests-6a7db42317c447cb)

running 10 tests
test test_tcp_bind_returns_handle ... ok
test test_invalid_handle_errors ... ok
test test_tcp_accept ... ok
test test_udp_bind_returns_handle ... ok
test test_udp_broadcast_option ... ok
test test_udp_ttl_option ... ok
test test_tcp_bind_jit ... ok
test test_udp_bind_jit ... ok
test test_udp_loopback ... ok
test test_tcp_connect_to_local_server ... ok

test result: ok. 10 passed; 0 failed; 0 ignored; 0 measured; 0 filtered out; finished in 0.15s

     Running tests/normal_repl_e2e_test.rs (target/debug/deps/normal_repl_e2e_test-b64ea95c7cf81c2a)

running 1 test
test test_normal_repl_two_if_statements_backspace ... ok

test result: ok. 1 passed; 0 failed; 0 ignored; 0 measured; 0 filtered out; finished in 5.11s

     Running tests/pytorch_cuda_test.rs (target/debug/deps/pytorch_cuda_test-7b424194c2b385b2)

running 1 test
test pytorch_cuda_feature_disabled ... ok

test result: ok. 1 passed; 0 failed; 0 ignored; 0 measured; 0 filtered out; finished in 0.00s

     Running tests/pytorch_smoke_test.rs (target/debug/deps/pytorch_smoke_test-b23a5601050078ef)

running 1 test
test pytorch_feature_disabled ... ok

test result: ok. 1 passed; 0 failed; 0 ignored; 0 measured; 0 filtered out; finished in 0.00s

     Running tests/repl_backspace_pty_test.rs (target/debug/deps/repl_backspace_pty_test-38df0253a36e2e67)

running 0 tests

test result: ok. 0 passed; 0 failed; 0 ignored; 0 measured; 0 filtered out; finished in 0.00s

     Running tests/repl_backspace_test.rs (target/debug/deps/repl_backspace_test-cde614ed231cb2f4)

running 7 tests
test tests::test_backspace_after_text ... ok
test tests::test_backspace_at_start ... ok
test tests::test_backspace_in_4_spaces ... ok
test tests::test_backspace_in_8_spaces ... ok
test tests::test_backspace_in_2_spaces ... ok
test tests::test_backspace_with_tabs_and_spaces ... ok
test tests::test_backspace_in_mixed_whitespace ... ok

test result: ok. 7 passed; 0 failed; 0 ignored; 0 measured; 0 filtered out; finished in 0.00s

     Running tests/repl_comparison_test.rs (target/debug/deps/repl_comparison_test-2b09fc750ded7ef1)

running 0 tests

test result: ok. 0 passed; 0 failed; 0 ignored; 0 measured; 0 filtered out; finished in 0.00s

     Running tests/repl_interface_tests.rs (target/debug/deps/repl_interface_tests-17b44fa0695d58b3)

running 0 tests

test result: ok. 0 passed; 0 failed; 0 ignored; 0 measured; 0 filtered out; finished in 0.00s

     Running tests/runner_async_tests.rs (target/debug/deps/runner_async_tests-b05674e3d89e7b72)

running 36 tests
test parity_array_operations ... ok
test parity_dictionary_access ... ok
test parity_boolean_logic ... ok
test parity_control_flow_nested ... ok
test parity_enum_pattern_match ... ok
test parity_early_return ... ok
test parity_function_composition ... ok
test parity_future_with_capture ... ok
test parity_generator_basic_sequence ... ok
test parity_future_multiple_captures ... ok
test parity_generator_exhaustion_with_capture ... ok
test parity_future_basic ... ok
test parity_generator_capture_and_compute ... ok
test parity_generator_multiple_captures ... ok
test parity_future_with_function ... ok
test parity_generator_single_value ... ok
test parity_generator_state_and_capture ... ok
test parity_nested_generator_captures ... ok
test parity_recursive_function ... ok
test parity_struct_field_access ... ok
test runner_async_can_call_async ... ok
test parity_tuple_destructure ... ok
test runner_await_non_future ... ok
test runner_future_function_call ... ok
test runner_future_basic ... ok
test runner_async_fn_basic ... ok
test runner_future_multiple ... ok
test runner_future_with_computation ... ok
test runner_generator_multiple_yields ... ok
test runner_generator_single_yield ... ok
test runner_generator_nested_iteration ... ok
test runner_generator_with_captured_variable ... ok
test runner_generator_exhaustion_returns_nil ... ok
test runner_generator_arithmetic_in_yield ... ok
test runner_generator_state_preserved_across_yields ... ok
test parity_actor_basic_spawn ... ok

test result: ok. 36 passed; 0 failed; 0 ignored; 0 measured; 0 filtered out; finished in 0.02s

     Running tests/runner_operators_tests.rs (target/debug/deps/runner_operators_tests-9cf153ad7be35afd)

running 19 tests
test runner_handles_array_methods ... ok
test runner_handles_extern_functions ... ok
test runner_handles_early_return ... ok
test runner_handles_floor_division ... ok
test runner_handles_multiple_assignment ... ok
test runner_handles_lambda_higher_order ... ok
test runner_handles_bitwise_operations ... ok
test runner_handles_dict_methods ... ok
test runner_handles_nested_data_structures ... ok
test runner_handles_lambda_expressions ... ok
test runner_handles_in_operator ... ok
test runner_handles_recursive_functions ... ok
test runner_handles_string_operations ... ok
test runner_handles_comparison_operators ... ok
test runner_handles_logical_operators ... ok
test runner_handles_symbols ... ok
test runner_handles_power_operator ... ok
test runner_handles_mutability_control ... ok
test runner_handles_static_const_declarations ... ok

test result: ok. 19 passed; 0 failed; 0 ignored; 0 measured; 0 filtered out; finished in 0.01s

     Running tests/runner_tests.rs (target/debug/deps/runner_tests-23b6e6ab264fa9b1)

running 42 tests
test dependency_analysis_finds_imports_and_macros ... ok
test runner_can_use_system_term_lib ... ok
test runner_compiles_and_runs_stub ... ok
test runner_emits_gc_logs_in_verbose_mode ... ok
test runner_evaluates_arithmetic_expressions ... ok
test runner_cli_guard_outer_binding_rejects ... ok
test runner_handles_for_loop_and_break_continue ... ok
test runner_cli_case_match_rejects_spec_syntax ... ok
test runner_handles_class_methods ... ok
test runner_cli_array_destructuring_rejects ... ok
test cli_flag_emits_gc_logs ... ok
test runner_cli_case_guard_rejects_spec_syntax ... ok
test runner_cli_match_arrow_rejects_basic_syntax ... ok
test runner_handles_enums ... ok
test runner_cli_match_destructuring_rejects ... ok
test runner_handles_if_else_and_loops ... ok
test runner_handles_pointer_arithmetic ... ok
test runner_handles_option_type_functions ... ok
test runner_handles_multiple_shared_refs ... ok
test runner_handles_option_type ... ok
test runner_handles_shared_pointer_allocation ... ok
test runner_handles_functions ... ok
test runner_cli_match_mixed_syntax_rejects ... ok
test runner_cli_match_inside_function_rejects ... ok
test runner_handles_dictionary_types ... ok
test runner_cli_match_in_imported_module_dot_call ... ok
test runner_handles_structs ... ok
test runner_supports_gc_off_mode ... ok
test runner_handles_pattern_matching_functions ... ok
test runner_supports_unique_new ... ok
test runner_cli_match_in_imported_module_rejects ... ok
test runner_handles_actor_send_recv_join ... ok
test runner_cli_match_arrow_file_rejects_basic_syntax ... ok
test runner_handles_unique_pointer_allocation ... ok
test runner_handles_array_literals_and_indexing ... ok
test runner_returns_integer_literal_value ... ok
test runner_runs_from_file ... ok
test runner_supports_variables ... ok
test runner_handles_tuples ... ok
test runner_handles_pattern_matching ... ok
test runner_handles_spawn_expression ... ok
test runner_aot_executable_works ... ok

test result: ok. 42 passed; 0 failed; 0 ignored; 0 measured; 0 filtered out; finished in 0.15s

     Running tests/rustyline_backspace_expected_failure_test.rs (target/debug/deps/rustyline_backspace_expected_failure_test-a1ee1e01a5a53e34)

running 3 tests
test test_verify_indent_backspace_does_not_work ... ok
test test_expect_rustyline_bug_exists ... ok
test test_workaround_multiple_backspaces_needed ... ok

test result: ok. 3 passed; 0 failed; 0 ignored; 0 measured; 0 filtered out; finished in 2.11s

     Running tests/rustyline_repl_backspace_bug_test.rs (target/debug/deps/rustyline_repl_backspace_bug_test-e6b0be463c89a6eb)

running 4 tests
test test_rustyline_tab_behavior ... ok
test test_rustyline_backspace_after_text ... ok
test test_rustyline_multiple_tabs_and_backspaces ... ok
test test_rustyline_backspace_bug_reproduction ... ok

test result: ok. 4 passed; 0 failed; 0 ignored; 0 measured; 0 filtered out; finished in 2.21s

     Running tests/simple_stdlib_tests.rs (target/debug/deps/simple_stdlib_tests-761827519a6799e8)

running 255 tests
test simple_stdlib_features_codegen_llvm_backend_spec ... ok
test simple_stdlib_features_concurrency_effect_inference_spec ... ok
test simple_stdlib_features_codegen_generator_codegen_spec ... ok
test simple_stdlib_features_codegen_native_binary_spec ... ok
test simple_stdlib_features_control_flow_enumerate_shorthand_spec ... ok
test simple_stdlib_features_concurrency_suspension_operator_spec ... ok
test simple_stdlib_features_data_structures_comprehensions_spec ... ok
test simple_stdlib_features_concurrency_futures_spec ... ok
test simple_stdlib_features_codegen_buffer_pool_spec ... ok
test simple_stdlib_features_concurrency_actors_spec ... ok
test simple_stdlib_features_infrastructure_ast_spec ... ok
test simple_stdlib_features_data_structures_ranges_spec ... ok
test simple_stdlib_features_data_structures_tensor_dimensions_spec ... ok
test simple_stdlib_features_infrastructure_lexer_spec ... ok
test simple_stdlib_features_concurrency_promise_type_spec ... ok
test simple_stdlib_features_control_flow_with_statement_spec ... ok
test simple_stdlib_features_infrastructure_gc_spec ... ok
test simple_stdlib_features_infrastructure_smf_spec ... ok
test simple_stdlib_features_infrastructure_mir_spec ... ok
test simple_stdlib_features_infrastructure_package_manager_spec ... ok
test simple_stdlib_features_infrastructure_runtime_value_spec ... ok
test simple_stdlib_features_stdlib_json_spec ... ok
test simple_stdlib_features_stdlib_string_methods_spec ... ok
test simple_stdlib_features_stdlib_symbol_table_spec ... ok
test simple_stdlib_features_stdlib_try_operator_spec ... ok
test simple_stdlib_features_infrastructure_compiler_driver_spec ... ok
test simple_stdlib_features_infrastructure_cli_tools_spec ... ok
test simple_stdlib_e2e_feature_generation_spec ... ok
test simple_stdlib_features_infrastructure_native_loader_spec ... ok
test simple_stdlib_features_control_flow_error_handling_spec ... ok
test simple_stdlib_features_data_structures_dicts_spec ... ok
test simple_stdlib_features_testing_framework_after_each_spec ... ok
test simple_stdlib_features_control_flow_loops_spec ... ok
test simple_stdlib_features_infrastructure_dependency_tracker_spec ... ok
test simple_stdlib_features_testing_framework_context_blocks_spec ... ok
test simple_stdlib_features_testing_framework_expect_matchers_spec ... ok
test simple_stdlib_features_bugs_pointer_const_parsing_bug_spec ... ok
test simple_stdlib_features_testing_framework_doctest_spec ... ok
test simple_stdlib_features_testing_framework_describe_blocks_spec ... ok
test simple_stdlib_features_testing_framework_it_examples_spec ... ok
test simple_stdlib_features_types_generics_spec ... ok
test simple_stdlib_features_types_memory_types_spec ... ok
test simple_stdlib_features_stdlib_file_io_spec ... ok
test simple_stdlib_features_codegen_cranelift_spec ... ok
test simple_stdlib_features_types_borrowing_spec ... ok
test simple_stdlib_features_ml_experiment_tracking_spec ... ok
test simple_stdlib_features_control_flow_conditionals_spec ... ok
test simple_stdlib_features_infrastructure_interpreter_repl_spec ... ok
test simple_stdlib_features_ml_config_system_spec ... ok
test simple_stdlib_features_infrastructure_testing_framework_spec ... ok
test simple_stdlib_integration_doctest_discovery_spec ... ok
test simple_stdlib_features_data_structures_arrays_spec ... ok
test simple_stdlib_features_infrastructure_common_utilities_spec ... ok
test simple_stdlib_integration_console_console_basic_spec ... ok
test simple_stdlib_service_compiler_service_spec ... ok
test simple_stdlib_features_infrastructure_web_types_spec ... ok
test simple_stdlib_integration_diagram_call_flow_profiling_spec ... ok
test simple_stdlib_system_bugs_interpreter_bugs_spec ... ok
test simple_stdlib_features_ml_training_engine_spec ... ok
test simple_stdlib_system_doctest_doctest_advanced_spec ... ok
test simple_stdlib_features_types_basic_types_spec ... ok
test simple_stdlib_system_doctest_matcher_matcher_spec ... ok
test simple_stdlib_features_infrastructure_cli_check_spec ... ok
test simple_stdlib_system_doctest_runner_runner_spec ... ok
test simple_stdlib_features_data_structures_tensor_dimensions_placeholder_spec ... ok
test simple_stdlib_system_improvements_parser_improvements_spec ... ok
test simple_stdlib_system_improvements_stdlib_improvements_spec ... ok
test simple_stdlib_system_macros_macro_basic_spec ... ok
test simple_stdlib_system_feature_doc_spec ... ok
test simple_stdlib_integration_ui_tui_ratatui_backend_spec ... ok
test simple_stdlib_set_false_spec ... ok
test simple_stdlib_features_bugs_implicit_return_inline_if_bug_spec ... ok
test simple_stdlib_system_macros_macro_hygiene_spec ... ok
test simple_stdlib_features_control_flow_match_spec ... ok
test simple_stdlib_features_data_structures_tuples_spec ... ok
test simple_stdlib_features_syntax_inline_if_expr_spec ... ok
test simple_stdlib_features_testing_framework_bdd_basics_spec ... ok
test simple_stdlib_integration_ml_simple_math_integration_spec ... ok
test simple_stdlib_features_syntax_val_var_type_annotation_spec ... ok
test simple_stdlib_features_concurrency_async_default_spec ... ok
test simple_stdlib_features_infrastructure_effect_system_spec ... ok
test simple_stdlib_features_mcp_lsp_mcp_spec ... ok
test simple_stdlib_features_syntax_const_vs_val_spec ... ok
test simple_stdlib_system_mixins_mixin_basic_spec ... ok
test simple_stdlib_system_mixins_mixin_generic_spec ... ok
test simple_stdlib_system_sdn_cli_spec ... ok
test simple_stdlib_system_sdn_file_io_spec ... ok
test simple_stdlib_integration_ui_vulkan_window_spec ... ok
test simple_stdlib_features_concurrency_async_await_spec ... ok
test simple_stdlib_system_spec_matchers_spec_matchers_spec ... ok
test simple_stdlib_system_snapshot_comparison_spec ... ok
test simple_stdlib_features_infrastructure_type_inference_spec ... ok
test simple_stdlib_system_property_shrinking_spec ... ok
test simple_stdlib_system_spec_feature_doc_spec ... ok
test simple_stdlib_system_mixins_mixin_type_inference_spec ... ok
test simple_stdlib_integration_macros_macro_integration_spec ... ok
test simple_stdlib_system_snapshot_formats_spec ... ok
test simple_stdlib_system_spec_arch_spec ... ok
test simple_stdlib_unit_concurrency_concurrency_spec ... ok
test simple_stdlib_features_types_enums_spec ... ok
test simple_stdlib_unit_config_conf_spec ... ok
test simple_stdlib_unit_concurrency_actor_body_spec ... ok
test simple_stdlib_unit_concurrency_manual_mode_spec ... ok
test simple_stdlib_unit_core_arithmetic_spec ... ok
test simple_stdlib_system_macros_macro_advanced_spec ... ok
test simple_stdlib_system_macros_macro_contracts_spec ... ok
test simple_stdlib_unit_core_comparison_spec ... ok
test simple_stdlib_integration_diagram_diagram_gen_spec ... ok
test simple_stdlib_system_static_poly_mixin_integration_spec ... ok
test simple_stdlib_system_macros_macro_consteval_spec ... ok
test simple_stdlib_system_macros_macro_system_spec ... ok
test simple_stdlib_unit_core_hello_spec ... ok
test simple_stdlib_system_gherkin_gherkin_spec ... ok
test simple_stdlib_unit_core_attributes_spec ... ok
test simple_stdlib_system_macros_macro_templates_spec ... ok
test simple_stdlib_system_static_poly_static_polymorphism_spec ... ok
test simple_stdlib_system_macros_macro_errors_spec ... ok
test simple_stdlib_system_macros_macro_intro_spec ... ok
test simple_stdlib_system_macros_macro_consteval_simple_spec ... ok
test simple_stdlib_features_types_operators_spec ... ok
test simple_stdlib_unit_core_primitives_spec ... ok
test simple_stdlib_unit_core_context_spec ... ok
test simple_stdlib_unit_core_decorators_spec ... ok
test simple_stdlib_integration_screenshot_screenshot_ffi_spec ... ok
test simple_stdlib_unit_core_fluent_interface_spec ... ok
test simple_stdlib_unit_core_pattern_matching_spec ... ok
test simple_stdlib_features_testing_framework_before_each_spec ... ok
test simple_stdlib_unit_core_math_ffi_spec ... ok
test simple_stdlib_integration_diagram_diagram_integration_spec ... ok
test simple_stdlib_unit_core_dsl_spec ... ok
test simple_stdlib_unit_concurrency_promise_spec ... ok
test simple_stdlib_system_property_runner_spec ... ok
test simple_stdlib_system_snapshot_basic_spec ... ok
test simple_stdlib_system_spec_spec_framework_spec ... ok
test simple_stdlib_unit_file_file_io_spec ... ok
test simple_stdlib_unit_core_math_spec ... ok
test simple_stdlib_unit_core_random_spec ... ok
test simple_stdlib_features_types_option_result_spec ... ok
test simple_stdlib_unit_core_context_manager_spec ... ok
test simple_stdlib_system_snapshot_runner_spec ... ok
test simple_stdlib_unit_dap_protocol_spec ... ok
test simple_stdlib_unit_game_engine_assets_spec ... ok
test simple_stdlib_system_mixins_mixin_advanced_spec ... ok
test simple_stdlib_unit_game_engine_component_spec ... ok
test simple_stdlib_unit_game_engine_effects_spec ... ok
test simple_stdlib_unit_game_engine_material_spec ... ok
test simple_stdlib_unit_host_sys_ffi_spec ... ok
test simple_stdlib_unit_infra_atomic_spec ... ok
test simple_stdlib_unit_cli_spec ... ok
test simple_stdlib_unit_host_datetime_ffi_spec ... ok
test simple_stdlib_system_sdn_workflow_spec ... ok
test simple_stdlib_unit_game_engine_input_spec ... ok
test simple_stdlib_system_mixins_mixin_composition_spec ... ok
test simple_stdlib_unit_lms_server_spec ... ok
test simple_stdlib_unit_core_synchronization_spec ... ok
test simple_stdlib_unit_lsp_definition_spec ... ok
test simple_stdlib_unit_lsp_diagnostics_spec ... ok
test simple_stdlib_unit_dap_server_spec ... ok
test simple_stdlib_unit_lsp_hover_spec ... ok
test simple_stdlib_unit_ml_engine_engine_spec ... ok
test simple_stdlib_unit_core_pattern_analysis_spec ... ok
test simple_stdlib_unit_core_string_literals_spec ... ok
test simple_stdlib_unit_lsp_references_spec ... ok
test simple_stdlib_unit_game_engine_actor_model_spec ... ok
test simple_stdlib_unit_core_time_spec ... ok
test simple_stdlib_unit_game_engine_audio_spec ... ok
test simple_stdlib_unit_lsp_semantic_tokens_integration_spec ... ok
test simple_stdlib_unit_game_engine_physics_spec ... ok
test simple_stdlib_unit_ml_torch_dataset_spec ... ok
test simple_stdlib_unit_ml_torch_custom_autograd_spec ... ok
test simple_stdlib_unit_mcp_mcp_spec ... ok
test simple_stdlib_unit_dap_breakpoints_spec ... ok
test simple_stdlib_unit_ml_torch_recurrent_spec ... ok
test simple_stdlib_unit_ml_tracking_run_spec ... ok
test simple_stdlib_unit_ml_torch_simple_math_spec ... ok
test simple_stdlib_unit_game_engine_shader_spec ... ok
test simple_stdlib_unit_ml_torch_nn_activation_spec ... ok
test simple_stdlib_unit_game_engine_scene_node_spec ... ok
test simple_stdlib_unit_ml_torch_transformer_spec ... ok
test simple_stdlib_unit_lsp_completion_spec ... ok
test simple_stdlib_unit_parser_treesitter_cli_spec ... ok
test simple_stdlib_system_tools_lsp_spec ... ok
test simple_stdlib_unit_core_regex_spec ... ok
test simple_stdlib_unit_parser_treesitter_grammar_simple_spec ... ok
test simple_stdlib_system_tools_dap_spec ... ok
test simple_stdlib_unit_ml_torch_fft_spec ... ok
test simple_stdlib_unit_lsp_semantic_tokens_spec ... ok
test simple_stdlib_unit_ml_torch_tensor_spec ... ok
test simple_stdlib_unit_parser_treesitter_grammar_test_spec ... ok
test simple_stdlib_unit_host_datetime_spec ... ok
test simple_stdlib_unit_core_json_spec ... ok
test simple_stdlib_unit_parser_treesitter_highlights_spec ... ok
test simple_stdlib_unit_contracts_contracts_spec ... ok
test simple_stdlib_unit_parser_treesitter_lexer_spec ... ok
test simple_stdlib_unit_parser_treesitter_language_detect_spec ... ok
test simple_stdlib_unit_core_string_spec ... ok
test simple_stdlib_unit_parser_treesitter_parser_spec ... ok
test simple_stdlib_unit_parser_treesitter_query_spec ... ok
test simple_stdlib_unit_parser_treesitter_grammar_python_spec ... ok
test simple_stdlib_unit_physics_collision_spatial_hash_spec ... ok
test simple_stdlib_unit_ml_torch_autograd_spec ... ok
test simple_stdlib_unit_shell_file_system_spec ... ok
test simple_stdlib_unit_ml_torch_typed_tensor_spec ... ok
test simple_stdlib_unit_ml_engine_metrics_spec ... ok
test simple_stdlib_unit_physics_constraints_joints_spec ... ok
test simple_stdlib_unit_mcp_dependencies_spec ... ok
test simple_stdlib_unit_physics_dynamics_rigidbody_spec ... ok
test simple_stdlib_unit_spec_context_sharing_spec ... ok
test simple_stdlib_unit_spec_union_impl_spec ... ok
test simple_stdlib_unit_physics_core_vector_spec ... ok
test simple_stdlib_unit_ml_torch_linalg_spec ... ok
test simple_stdlib_unit_parser_treesitter_grammar_rust_spec ... ok
test simple_stdlib_unit_tooling_tooling_spec ... ok
test simple_stdlib_unit_shell_file_find_spec ... ok
test simple_stdlib_unit_shell_path_spec ... ok
test simple_stdlib_unit_shell_process_spec ... ok
test simple_stdlib_unit_parser_treesitter_grammar_compile_spec ... ok
test simple_stdlib_unit_sdn_lexer_spec ... ok
test simple_stdlib_unit_parser_treesitter_error_recovery_spec ... ok
test simple_stdlib_unit_parser_treesitter_incremental_spec ... ok
test simple_stdlib_unit_parser_treesitter_optimize_spec ... ok
test simple_stdlib_unit_spec_mock_spec ... ok
test simple_stdlib_unit_shell_env_spec ... ok
test simple_stdlib_unit_sdn_document_spec ... ok
test simple_stdlib_unit_verification_unified_attrs_spec ... ok
test simple_stdlib_unit_physics_collision_gjk_spec ... ok
test simple_stdlib_unit_core_collections_spec ... ok
test simple_stdlib_unit_verification_lean_codegen_spec ... ok
test simple_stdlib_unit_ui_patchset_spec ... ok
test simple_stdlib_unit_sdn_compatibility_spec ... ok
test simple_stdlib_unit_physics_collision_aabb_spec ... ok
test simple_stdlib_unit_sdn_roundtrip_spec ... ok
test simple_stdlib_unit_ui_element_spec ... ok
test simple_stdlib_unit_spec_given_working_spec ... ok
test simple_stdlib_unit_sdn_value_spec ... ok
test simple_stdlib_unit_verification_memory_capabilities_spec ... ok
test simple_stdlib_unit_ui_widgets_spec ... ok
test simple_stdlib_unit_diagram_class_gen_spec ... ok
test simple_stdlib_unit_ui_diff_spec ... ok
test simple_stdlib_unit_diagram_sequence_gen_spec ... ok
test simple_stdlib_unit_diagram_arch_gen_spec ... ok
test simple_stdlib_unit_core_try_operator_spec ... ok
test simple_stdlib_unit_diagram_recorder_spec ... ok
test simple_stdlib_unit_mcp_symbol_table_spec ... ok
test simple_stdlib_unit_ui_gui_html_spec ... ok
test simple_stdlib_unit_ui_vulkan_renderer_spec ... ok
test simple_stdlib_unit_diagram_filter_spec ... ok
test simple_stdlib_unit_ui_gui_gui_widgets_spec ... ok
test simple_stdlib_unit_spec_let_memoization_spec ... ok
test simple_stdlib_unit_ui_gui_theme_spec ... ok
test simple_stdlib_unit_units_units_spec ... ok
test simple_stdlib_unit_tooling_depgraph_spec ... ok
test simple_stdlib_unit_spec_shared_examples_spec ... ok
test simple_stdlib_features_ml_torch_caching_spec ... ok
test simple_stdlib_unit_verification_regeneration_spec ... ok

test result: ok. 255 passed; 0 failed; 0 ignored; 0 measured; 0 filtered out; finished in 24.05s

     Running tests/simple_tests.rs (target/debug/deps/simple_tests-2a82110684809fb1)

running 88 tests
test simple_test_system_compiler_sample_python_inspired_sample_basic_expressions_spec ... ok
test simple_test_system_compiler_sample_python_inspired_sample_collections_spec ... ok
test simple_test_system_compiler_sample_python_inspired_sample_classes_spec ... ok
test simple_test_system_features_actors_actors_spec ... ok
test simple_test_system_features_array_types_array_types_spec ... ok
test simple_test_system_compiler_sample_python_inspired_sample_functions_spec ... ok
test simple_test_system_features_async_effects_async_effects_spec ... ok
test simple_test_system_compiler_sample_python_inspired_sample_control_flow_spec ... ok
test simple_test_system_features_classes_classes_spec ... ok
test simple_test_system_features_borrowing_borrowing_spec ... ok
test simple_test_system_features_capture_buffer_vreg_remapping_capture_buffer_vreg_remapping_spec ... ok
test simple_test_system_features_code_quality_tools_code_quality_tools_spec ... ok
test simple_test_system_features_codegen_parity_completion_codegen_parity_completion_spec ... ok
test simple_test_system_features_context_blocks_context_blocks_spec ... ok
test simple_test_system_features_concurrency_primitives_concurrency_primitives_spec ... ok
test simple_test_system_features_config_env_config_env_spec ... ok
test simple_test_system_features_control_flow_if_else_control_flow_if_else_spec ... ok
test simple_test_system_features_extern_functions_extern_functions_spec ... ok
test simple_test_system_features_dictionary_types_dictionary_types_spec ... ok
test simple_test_system_features_llvm_backend_llvm_backend_spec ... ok
test simple_test_system_features_lambdas_closures_lambdas_closures_spec ... ok
test simple_test_system_features_named_arguments_named_arguments_spec ... ok
test simple_test_system_features_gpu_kernels_gpu_kernels_spec ... ok
test simple_test_system_features_method_missing_method_missing_spec ... ok
test simple_test_system_features_enums_enums_spec ... ok
test simple_test_system_features_functions_functions_spec ... ok
test simple_test_system_features_macros_macros_spec ... ok
test simple_test_system_features_futures_promises_futures_promises_spec ... ok
test simple_test_system_features_loops_loops_spec ... ok
test simple_test_system_features_gc_managed_default_gc_managed_default_spec ... ok
test simple_test_system_features_future_body_execution_future_body_execution_spec ... ok
test simple_test_system_features_line_continuation_line_continuation_spec ... ok
test simple_test_system_features_generics_generics_spec ... ok
test simple_test_system_features_interpreter_interface_interpreter_interface_spec ... ok
test simple_test_system_features_indentation_blocks_indentation_blocks_spec ... ok
test simple_test_system_features_handle_pointers_handle_pointers_spec ... ok
test simple_test_system_features_mutability_control_mutability_control_spec ... ok
test simple_test_system_features_pattern_matching_pattern_matching_spec ... ok
test simple_test_system_features_impl_blocks_impl_blocks_spec ... ok
test simple_test_system_features_generator_state_machine_codegen_generator_state_machine_codegen_spec ... ok
test simple_test_system_features_functional_update_functional_update_spec ... ok
test simple_test_system_features_sdoctest_sdoctest_spec ... ok
test simple_test_system_features_pipeline_components_pipeline_components_spec ... ok
test simple_test_system_features_option_type_option_type_spec ... ok
test simple_test_system_features_structs_structs_spec ... ok
test simple_test_system_features_static_const_declarations_static_const_declarations_spec ... ok
test simple_test_system_features_string_interpolation_string_interpolation_spec ... ok
test simple_test_system_features_shared_pointers_shared_pointers_spec ... ok
test simple_test_system_features_symbols_atoms_symbols_atoms_spec ... ok
test simple_test_system_features_stackless_coroutines_stackless_coroutines_spec ... ok
test simple_test_system_features_type_aliases_type_aliases_spec ... ok
test simple_test_system_features_traits_traits_spec ... ok
test simple_test_system_features_ui_structural_patchset_ui_structural_patchset_spec ... ok
test simple_test_system_features_ui_dynamic_structure_ui_dynamic_structure_spec ... ok
test simple_test_system_features_union_types_union_types_spec ... ok
test simple_test_system_interpreter_sample_python_inspired_sample_basic_expressions_spec ... ok
test simple_test_system_features_tuple_types_tuple_types_spec ... ok
test simple_test_system_features_variables_let_bindings_variables_let_bindings_spec ... ok
test simple_test_system_features_visibility_modifiers_visibility_modifiers_spec ... ok
test simple_test_system_interpreter_sample_python_inspired_sample_variables_assignment_spec ... ok
test simple_test_system_interpreter_sample_python_inspired_sample_functions_mixed_spec ... ok
test simple_test_system_features_ui_ssr_hydration_ui_ssr_hydration_spec ... ok
test simple_test_system_interpreter_sample_python_inspired_sample_functions_return_spec ... ok
test simple_test_system_interpreter_sample_python_inspired_sample_functions_print_spec ... ok
test simple_test_system_print_return_spec ... ok
test simple_test_system_interpreter_sample_python_inspired_sample_collections_spec ... ok
test simple_test_system_features_weak_pointers_weak_pointers_spec ... ok
test simple_test_system_interpreter_sample_python_inspired_sample_control_flow_spec ... ok
test simple_test_system_features_unique_pointers_unique_pointers_spec ... ok
test simple_test_system_interpreter_sample_python_inspired_sample_none_nil_handling_spec ... ok
test simple_test_system_features_context_managers_spec ... ok
test simple_test_system_features_arithmetic_spec ... ok
test simple_test_system_features_feature_done_spec ... ok
test simple_test_system_interpreter_interpreter_sample_spec ... ok
test simple_test_system_watcher_watcher_basics_spec ... ok
test simple_test_system_interpreter_interpreter_basics_spec ... ok
test simple_test_system_features_collections_spec ... ok
test simple_test_system_watcher_watcher_app_spec ... ok
test simple_test_system_compiler_compiler_basics_spec ... ok
test simple_test_system_compiler_compiler_sample_spec ... ok
test simple_test_system_features_config_config_loader_spec ... ok
test simple_test_system_features_math_blocks_math_blocks_spec ... ok
test simple_test_system_features_comments_comments_spec ... ok
test simple_test_system_features_type_inference_type_inference_spec ... ok
test simple_test_system_features_operators_arithmetic_operators_arithmetic_spec ... ok
test simple_test_system_features_no_paren_calls_no_paren_calls_spec ... ok
test simple_test_system_features_basic_types_integer_literals_basic_types_integer_literals_spec ... ok
test simple_test_system_features_trailing_blocks_trailing_blocks_spec ... ok

test result: ok. 88 passed; 0 failed; 0 ignored; 0 measured; 0 filtered out; finished in 3.04s

     Running tests/startup_optimization_test.rs (target/debug/deps/startup_optimization_test-fb7b73887b9a9d28)

running 38 tests
test test_app_type_string_conversion ... ok
test test_early_args_app_type_gui ... ok
test test_early_args_app_type_cli ... ok
test test_cli_resources_ready ... ok
test test_early_args_app_type_repl ... ok
test test_early_args_app_type_service ... ok
test test_early_args_app_type_tui ... ok
test test_early_args_default ... ok
test test_early_args_nonexistent_file ... ok
test test_early_args_window_hints ... ok
test test_early_args_prefetch_disabled ... ok
test test_early_config_default ... ok
test test_early_args_combined ... ok
test test_early_args_file_detection ... ok
test test_full_gui_startup_flow ... ok
test test_full_startup_flow_cli ... ok
test test_early_args_multiple_files ... ok
test test_full_startup_flow_gui ... ok
test test_gpu_init_state ... ok
test test_gpu_resources_with_init ... ok
test test_loading_indicator ... ok
test test_full_startup_flow_with_prefetch ... ok
test test_prefetch_nonexistent_file ... ok
test test_repl_resources_ready ... ok
test test_prefetch_empty_file ... ok
test test_resource_allocation_cli ... ok
test test_resource_allocation_repl ... ok
test test_resource_allocation_gui ... ok
test test_resource_allocation_service ... ok
test test_resource_allocation_tui ... ok
test test_prefetch_single_file ... ok
test test_startup_event_variants ... ok
test test_service_resources_ready ... ok
test test_window_hints_default ... ok
test test_startup_progress_events ... ok
test test_prefetch_multiple_files ... ok
test test_prefetch_large_file ... ok
test test_gpu_init_handle ... ok

test result: ok. 38 passed; 0 failed; 0 ignored; 0 measured; 0 filtered out; finished in 0.22s

     Running tests/test_helpers.rs (target/debug/deps/test_helpers-f265658490884ece)

running 0 tests

test result: ok. 0 passed; 0 failed; 0 ignored; 0 measured; 0 filtered out; finished in 0.00s

     Running tests/test_runner_tests.rs (target/debug/deps/test_runner_tests-e27bb84a47bd2578)

running 16 tests
test test_runner::doc_formatter_groups_by_directory ... ok
test test_runner::doc_formatter_shows_pass_fail_indicators ... ok
test test_runner::doc_formatter_shows_summary ... ok
test test_runner::json_formatter_escapes_special_characters ... ok
test test_runner::json_formatter_handles_empty_results ... ok
test test_runner::json_formatter_handles_failures ... ok
test test_runner::json_formatter_outputs_valid_json_structure ... ok
test test_runner::parse_args_combined ... ok
test test_runner::parse_args_default_values ... ok
test test_runner::parse_args_doc_format ... ok
test test_runner::parse_args_fail_fast ... ok
test test_runner::parse_args_json_format ... ok
test test_runner::parse_args_path ... ok
test test_runner::parse_args_seed ... ok
test test_runner::parse_args_tag ... ok
test test_runner::parse_args_test_level ... ok

test result: ok. 16 passed; 0 failed; 0 ignored; 0 measured; 0 filtered out; finished in 0.00s

     Running tests/tui_prompt_bug_test.rs (target/debug/deps/tui_prompt_bug_test-5743b8339d5efcde)

running 0 tests

test result: ok. 0 passed; 0 failed; 0 ignored; 0 measured; 0 filtered out; finished in 0.00s

     Running tests/tui_repl_e2e_test.rs (target/debug/deps/tui_repl_e2e_test-a241ebd10d3e41b6)

running 0 tests

test result: ok. 0 passed; 0 failed; 0 ignored; 0 measured; 0 filtered out; finished in 0.00s

     Running tests/tui_repl_indentation_bug_test.rs (target/debug/deps/tui_repl_indentation_bug_test-e88a1e319314deba)

running 0 tests

test result: ok. 0 passed; 0 failed; 0 ignored; 0 measured; 0 filtered out; finished in 0.00s

     Running tests/wasm_tests.rs (target/debug/deps/wasm_tests-deb48bbc3675d29b)

running 0 tests

test result: ok. 0 passed; 0 failed; 0 ignored; 0 measured; 0 filtered out; finished in 0.00s

     Running tests/watcher_tests.rs (target/debug/deps/watcher_tests-8058d5794994ab29)

running 1 test
test watcher_rebuilds_on_change ... ok

test result: ok. 1 passed; 0 failed; 0 ignored; 0 measured; 0 filtered out; finished in 0.40s

     Running tests/web_tests.rs (target/debug/deps/web_tests-8bad754294882a3e)

running 0 tests

test result: ok. 0 passed; 0 failed; 0 ignored; 0 measured; 0 filtered out; finished in 0.00s

     Running unittests src/lib.rs (target/debug/deps/simple_gpu-d00ddfd340b5f53e)

running 48 tests
test backend::software::tests::test_software_backend_alloc ... ok
test backend::software::tests::test_software_backend_event ... ok
test backend::software::tests::test_software_backend_init ... ok
test backend::software::tests::test_software_backend_kernel ... ok
test backend::software::tests::test_software_backend_memset ... ok
test backend::software::tests::test_software_backend_stream ... ok
test backend::tests::test_get_backend ... ok
test backend::tests::test_memcpy_kind ... ok
test buffer::tests::test_buffer_copy ... ok
test buffer::tests::test_buffer_creation ... ok
test buffer::tests::test_buffer_fill ... ok
test buffer::tests::test_buffer_range ... ok
test buffer::tests::test_buffer_upload_download ... ok
test buffer::tests::test_mapped_buffer ... ok
test context::tests::test_alloc_upload ... ok
test context::tests::test_buffer_allocation ... ok
test context::tests::test_context_creation ... ok
test context::tests::test_execute_binary ... ok
test context::tests::test_execute_on_buffers ... ok
test context::tests::test_software_execution ... ok
test context::tests::test_work_group_validation ... ok
test device::tests::test_capabilities ... ok
test device::tests::test_default_device ... ok
test device::tests::test_devices ... ok
test device::tests::test_gpu_available ... ok
test device::tests::test_software_device ... ok
test intrinsics::tests::test_intrinsic_classification ... ok
test intrinsics::tests::test_intrinsic_names ... ok
test intrinsics::tests::test_work_item_linear_id ... ok
test intrinsics::tests::test_work_item_state ... ok
test kernel::tests::test_compiled_kernel ... ok
test kernel::tests::test_kernel_creation ... ok
test kernel::tests::test_kernel_source ... ok
test kernel::tests::test_shared_memory ... ok
test optimize::tests::test_access_pattern_types ... ok
test kernel::tests::test_work_group_size ... ok
test optimize::tests::test_divergence_analysis_no_divergence ... ok
test optimize::tests::test_divergence_analysis_with_branch ... ok
test optimize::tests::test_bank_conflict_detection ... ok
test optimize::tests::test_memory_analysis_sequential ... ok
test optimize::tests::test_optimization_hints ... ok
test parallel::tests::test_parallel_scan ... ok
test parallel::tests::test_shared_memory ... ok
test parallel::tests::test_single_threaded_config ... ok
test parallel::tests::test_work_group_executor_1d ... ok
test parallel::tests::test_work_group_executor_2d ... ok
test parallel::tests::test_parallel_reduce_max ... ok
test parallel::tests::test_parallel_reduce_sum ... ok

test result: ok. 48 passed; 0 failed; 0 ignored; 0 measured; 0 filtered out; finished in 0.01s

     Running unittests src/lib.rs (target/debug/deps/simple_loader-58a9d8900d98582f)

running 73 tests
test arch_validate::tests::test_is_compatible ... ok
test arch_validate::tests::test_is_native ... ok
test arch_validate::tests::test_supported_targets ... ok
test arch_validate::tests::test_validation_error_display ... ok
test arch_validate::tests::test_validation_result_display ... ok
test arch_validate::tests::test_validator_32bit_on_64bit ... ok
test arch_validate::tests::test_validator_any_platform_warning ... ok
test arch_validate::tests::test_validator_mismatched_arch ... ok
test arch_validate::tests::test_validator_mismatched_platform ... ok
test arch_validate::tests::test_validator_native_target ... ok
test cross_test::tests::test_all_64bit_fixtures ... ok
test cross_test::tests::test_ci_config_github_actions ... ok
test cross_test::tests::test_cross_test_results ... ok
test cross_test::tests::test_cross_test_results_all_passed ... ok
test cross_test::tests::test_target_fixture_host ... ok
test cross_test::tests::test_target_fixture_mock_headers ... ok
test cross_test::tests::test_target_fixture_non_host ... ok
test cross_test::tests::test_test_matrix_comprehensive ... ok
test cross_test::tests::test_test_matrix_default ... ok
test cross_test::tests::test_test_matrix_minimal ... ok
test native_cross::tests::test_cross_compile_error_display ... ok
test native_cross::tests::test_native_lib_config ... ok
test native_cross::tests::test_output_file_names ... ok
test native_cross::tests::test_static_lib_output ... ok
test native_cross::tests::test_toolchain_host ... ok
test native_cross::tests::test_toolchain_prefix ... ok
test native_cross::tests::test_toolchain_registry ... ok
test package::format::tests::test_crc32 ... ok
test package::format::tests::test_manifest_section ... ok
test package::format::tests::test_manifest_section_no_lock ... ok
test package::format::tests::test_trailer_roundtrip ... ok
test package::format::tests::test_trailer_size ... ok
test package::reader::tests::test_decompress_literals ... ok
test package::reader::tests::test_decompress_rle ... ok
test package::reader::tests::test_simple_decompress_empty ... ok
test package::reader::tests::test_simple_decompress_uncompressed ... ok
test package::reader::tests::test_unpack_resources ... ok
test package::writer::tests::test_pack_resources ... ok
test package::writer::tests::test_package_options_default ... ok
test package::writer::tests::test_package_options_executable ... ok
test package::writer::tests::test_simple_compress_literals ... ok
test package::writer::tests::test_simple_compress_run ... ok
test settlement::builder::tests::test_build_options_default ... ok
test settlement::builder::tests::test_build_options_executable ... ok
test settlement::builder::tests::test_builder_creation ... ok
test settlement::builder::tests::test_string_table ... ok
test settlement::container::tests::tests::test_module_handle ... ok
test settlement::container::tests::tests::test_settlement_creation ... ok
test settlement::linker::tests::test_cycle_detection ... ok
test settlement::container::tests::tests::test_settlement_header ... ok
test settlement::linker::tests::test_linker_creation ... ok
test settlement::linker::tests::test_no_cycle ... ok
test settlement::native::tests::test_native_lib_manager ... ok
test settlement::linker::tests::test_dependency_tracking ... ok
test settlement::native::tests::test_native_handle ... ok
test settlement::slots::tests::test_basic_allocation ... ok
test settlement::slots::tests::test_defragment_plan ... ok
test settlement::native::tests::test_native_lib_spec ... ok
test settlement::slots::tests::test_fragmentation ... ok
test settlement::slots::tests::test_free ... ok
test settlement::slots::tests::test_slot_range ... ok
test settlement::slots::tests::test_allocation_failure ... ok
test settlement::tables::tests::test_function_table ... ok
test settlement::tables::tests::test_global_table ... ok
test settlement::tables::tests::test_indirection_table ... ok
test settlement::tables::tests::test_table_index ... ok
test settlement::tables::tests::test_type_table ... ok
test smf::settlement::tests::test_header_roundtrip ... ok
test smf::settlement::tests::test_header_flags ... ok
test smf::settlement::tests::test_header_size ... ok
test smf::settlement::tests::test_native_lib_entry ... ok
test startup::tests::test_startup_error_display ... ok
test startup::tests::test_startup_loader_creation ... ok

test result: ok. 73 passed; 0 failed; 0 ignored; 0 measured; 0 filtered out; finished in 0.00s

     Running tests/loader_tests.rs (target/debug/deps/loader_tests-567b0216f893a852)

running 21 tests
test dyn_module_trait_entry_fn_works ... ok
test loader_reads_minimal_module ... ok
test registry_load_nonexistent_fails ... ok
test dyn_module_trait_get_fn_works ... ok
test module_get_function_returns_none_for_data_symbol ... ok
test registry_unload_nonexistent_returns_false ... ok
test relocations_patch_local_symbol ... ok
test section_flags_correctly_identify_permissions ... ok
test registry_reload_replaces_module ... ok
test section_name_str_returns_trimmed_name ... ok
test loader_resolves_imports_via_registry ... ok
test smf_header_rejects_bad_magic ... ok
test symbol_table_resolves_by_name ... ok
test module_is_reloadable_checks_flag ... ok
test registry_resolve_symbol_finds_global ... ok
test module_entry_point_returns_none_for_non_executable ... ok
test module_exports_lists_global_symbols ... ok
test registry_caches_module ... ok
test registry_resolve_symbol_ignores_local_symbols ... ok
test registry_resolve_symbol_returns_none_for_unknown ... ok
test registry_unload_and_reload ... ok

test result: ok. 21 passed; 0 failed; 0 ignored; 0 measured; 0 filtered out; finished in 0.00s

     Running unittests src/lib.rs (target/debug/deps/simple_log-b904f57afd0725d5)

running 10 tests
test parse::tests::test_module_logging ... ok
test parse::tests::test_parser_logging ... ok
test parse::tests::test_token_logging ... ok
test run_time::tests::test_actor_logging ... ok
test run_time::tests::test_async_logging ... ok
test run_time::tests::test_exec_logging ... ok
test run_time::tests::test_gc_logging ... ok
test run_time::tests::test_io_logging ... ok
test run_time::tests::test_value_logging ... ok
test tests::test_modules_accessible ... ok

test result: ok. 10 passed; 0 failed; 0 ignored; 0 measured; 0 filtered out; finished in 0.00s

     Running unittests src/lib.rs (target/debug/deps/simple_lsp-2c65ff0e4a15c839)

running 0 tests

test result: ok. 0 passed; 0 failed; 0 ignored; 0 measured; 0 filtered out; finished in 0.00s

     Running unittests src/bin/simple-lsp.rs (target/debug/deps/simple_lsp-5f6d1de759f44b58)

running 0 tests

test result: ok. 0 passed; 0 failed; 0 ignored; 0 measured; 0 filtered out; finished in 0.00s

     Running tests/integration_test.rs (target/debug/deps/integration_test-0d217b911be8771b)

running 2 tests
test test_lsp_initialize ... ok
test test_lsp_diagnostics ... ok

test result: ok. 2 passed; 0 failed; 0 ignored; 0 measured; 0 filtered out; finished in 0.00s

     Running unittests src/lib.rs (target/debug/deps/simple_native_loader-c9426eadf0ccf355)

running 15 tests
test chained_provider::tests::test_empty_chain ... ok
test chained_provider::tests::test_find_provider_for ... ok
test chained_provider::tests::test_first_match_wins ... ok
test dynamic_provider::tests::test_default_library_name ... ok
test chained_provider::tests::test_fallback ... ok
test dynamic_provider::tests::test_load_nonexistent_returns_error ... ok
test chained_provider::tests::test_add_front ... ok
test provider::tests::test_chained_with_static_fallback ... ok
test provider::tests::test_default_mode ... ok
test provider::tests::test_default_provider ... ok
test provider::tests::test_static_mode ... ok
test provider::tests::test_static_provider_helper ... ok
test static_provider::tests::test_static_provider_abi_version ... ok
test static_provider::tests::test_static_provider_has_symbols ... ok
test static_provider::tests::test_static_provider_name ... ok

test result: ok. 15 passed; 0 failed; 0 ignored; 0 measured; 0 filtered out; finished in 0.00s

     Running tests/native_loader_tests.rs (target/debug/deps/native_loader_tests-f600b6eecfe14b32)

running 11 tests
test registry_load_nonexistent_fails ... ok
test registry_unload_nonexistent_returns_false ... ok
test loader_loads_native_function ... ok
test module_dyn_module_trait_works ... ok
test registry_caches_native_module ... ok
test loader_get_function_nonexistent_returns_none ... ok
test registry_reload_replaces_cached_module ... ok
test module_path_is_set ... ok
test registry_unload_removes_module ... ok
test module_version_is_set ... ok
test module_entry_point_returns_none_without_main ... ok

test result: ok. 11 passed; 0 failed; 0 ignored; 0 measured; 0 filtered out; finished in 0.04s

     Running unittests src/lib.rs (target/debug/deps/simple_parser-f26c934558a1d444)

running 125 tests
test arena::tests::test_arena_pool ... ok
test arena::tests::test_ast_arena_basic ... ok
test arena::tests::test_ast_arena_slices ... ok
test arena::tests::test_ast_arena_stats ... ok
test arena::tests::test_ast_arena_with_capacity ... ok
test arena::tests::test_thread_arena ... ok
test doc_gen::tests::test_function_signature_format ... ok
test doc_gen::tests::test_generate_function_docs ... ok
test doc_gen::tests::test_generate_html ... ok
test doc_gen::tests::test_generate_markdown ... ok
test error::tests::test_error_to_diagnostic ... ok
test error::tests::test_missing_token_diagnostic ... ok
test error::tests::test_syntax_error ... ok
test error_recovery::tests::test_mistake_messages ... ok
test error_recovery::tests::test_python_def_detection ... ok
test expressions::primary::i18n::tests::test_parse_i18n_fstring ... ok
test expressions::primary::i18n::tests::test_parse_i18n_string_simple ... ok
test expressions::primary::i18n::tests::test_parse_i18n_string_with_args ... ok
test interner::tests::test_o1_comparison ... ok
test interner::tests::test_pre_interned_keywords ... ok
test interner::tests::test_string_interner_basic ... ok
test interner::tests::test_string_interner_contains ... ok
test lexer::i18n::tests::test_i18n_fstring_with_interpolation ... ok
test lexer::i18n::tests::test_i18n_string_simple ... ok
test lexer::i18n::tests::test_i18n_triple_quoted ... ok
test lexer::tests::test_aop_advice_statement ... ok
test lexer::tests::test_architecture_rule_allow ... ok
test lexer::tests::test_aop_keywords ... ok
test lexer::tests::test_architecture_rule_forbid ... ok
test lexer::tests::test_arithmetic_operators ... ok
test lexer::tests::test_arrow_operators ... ok
test interner::tests::test_shared_interner_thread_safe ... ok
test lexer::tests::test_assignment_operators ... ok
test lexer::tests::test_binary_literals ... ok
test lexer::tests::test_bitwise_operators ... ok
test lexer::tests::test_block_comment ... ok
test lexer::tests::test_block_comment_at_line_start ... ok
test lexer::tests::test_block_comment_multiline ... ok
test lexer::tests::test_block_comment_nested ... ok
test lexer::tests::test_bool_literals ... ok
test lexer::tests::test_channel_arrow_disambiguation ... ok
test lexer::tests::test_comparison_operators ... ok
test lexer::tests::test_complex_expression ... ok
test lexer::tests::test_delimiters ... ok
test lexer::tests::test_di_binding_statement ... ok
test lexer::tests::test_doc_block_comment ... ok
test lexer::tests::test_doc_block_comment_multiline ... ok
test lexer::tests::test_doc_line_comment ... ok
test lexer::tests::test_double_quoted_string_unit_suffix ... ok
test lexer::tests::test_double_slash_still_floor_div ... ok
test lexer::tests::test_file_path_unit_suffix ... ok
test lexer::tests::test_float_literals ... ok
test lexer::tests::test_fstring_no_suffix_with_interpolation ... ok
test lexer::tests::test_function_call ... ok
test lexer::tests::test_function_definition ... ok
test lexer::tests::test_hex_literals ... ok
test lexer::tests::test_identifiers ... ok
test lexer::tests::test_indent_dedent ... ok
test lexer::tests::test_integer_literals ... ok
test lexer::tests::test_interpolated_strings ... ok
test lexer::tests::test_keywords ... ok
test lexer::tests::test_line_comment ... ok
test lexer::tests::test_mock_declaration ... ok
test lexer::tests::test_mod_declaration_tokens ... ok
test lexer::tests::test_module_keywords ... ok
test lexer::tests::test_nested_indent ... ok
test lexer::tests::test_nil_literal ... ok
test lexer::tests::test_numeric_unit_suffix_for_ip ... ok
test lexer::tests::test_octal_literals ... ok
test lexer::tests::test_pointcut_nested_braces ... ok
test lexer::tests::test_pointcut_simple ... ok
test lexer::tests::test_pointcut_unclosed ... ok
test lexer::tests::test_pointcut_with_operators ... ok
test lexer::tests::test_pointcut_with_negation ... ok
test lexer::tests::test_port_unit_suffix ... ok
test lexer::tests::test_raw_double_string_literals ... ok
test lexer::tests::test_raw_string_literals ... ok
test lexer::tests::test_raw_string_unit_suffix ... ok
test lexer::tests::test_raw_triple_string_literals ... ok
test lexer::tests::test_simple_expression ... ok
test lexer::tests::test_string_literals ... ok
test lexer::tests::test_suspension_keywords ... ok
test lexer::tests::test_symbol_literals ... ok
test lexer::tests::test_triple_fstring_literals ... ok
test lexer::tests::test_triple_quoted_strings ... ok
test lexer::tests::test_triple_slash_doc_comment ... ok
test lexer::tests::test_triple_slash_multiline_doc_block ... ok
test lexer::tests::test_triple_slash_multiline_with_import ... ok
test lexer::tests::test_use_statement_tokens ... ok
test macro_registry::tests::test_const_eval_binding ... ok
test macro_registry::tests::test_const_eval_integer ... ok
test macro_registry::tests::test_const_eval_string ... ok
test macro_registry::tests::test_template_substitution ... ok
test macro_registry::tests::test_template_with_quotes ... ok
test stmt_parsing::contract::tests::test_parse_class_invariant ... ok
test stmt_parsing::contract::tests::test_parse_combined_contracts ... ok
test stmt_parsing::contract::tests::test_parse_decreases_block ... ok
test stmt_parsing::contract::tests::test_parse_decreases_inline ... ok
test stmt_parsing::contract::tests::test_parse_full_verification_contract ... ok
test stmt_parsing::contract::tests::test_parse_invariant_in_function ... ok
test stmt_parsing::contract::tests::test_parse_in_block ... ok
test stmt_parsing::contract::tests::test_parse_out_block ... ok
test stmt_parsing::contract::tests::test_parse_out_err_block ... ok
test stmt_parsing::contract::tests::test_parse_out_err_underscore ... ok
test stmt_parsing::contract::tests::test_parse_out_underscore ... ok
test stmt_parsing::contract::tests::test_parse_requires_block ... ok
test stmt_parsing::gherkin::tests::test_parse_examples_as_call ... ok
test stmt_parsing::gherkin::tests::test_parse_feature_as_call ... ok
test stmt_parsing::gherkin::tests::test_parse_scenario_as_call ... ok
test stmt_parsing::gherkin::tests::test_parse_scenario_outline_as_call ... ok
test stmt_parsing::gherkin::tests::test_parse_step_as_call ... ok
test stmt_parsing::gherkin::tests::test_parse_step_with_placeholder ... ok
test sui_parser::tests::test_parse_client_block ... ok
test sui_parser::tests::test_parse_server_block ... ok
test sui_parser::tests::test_parse_shared_state_full ... ok
test sui_parser::tests::test_parse_multiple_blocks ... ok
test sui_parser::tests::test_parse_shared_state_name_only ... ok
test sui_parser::tests::test_parse_shared_state_val_keyword ... ok
test sui_parser::tests::test_parse_shared_state_var_keyword ... ok
test sui_parser::tests::test_parse_shared_state_with_initializer_only ... ok
test sui_parser::tests::test_parse_shared_state_with_type_only ... ok
test sui_parser::tests::test_parse_template_variables ... ok
test token::tests::test_span_creation ... ok
test sui_parser::tests::test_parse_simple_sui_file ... ok
test token::tests::test_token_creation ... ok

test result: ok. 125 passed; 0 failed; 0 ignored; 0 measured; 0 filtered out; finished in 0.01s

     Running tests/contract_tests.rs (target/debug/deps/contract_tests-7a8bd3d49872201f)

running 12 tests
test test_class_method_with_contract ... ok
test test_class_with_invariant ... ok
test test_class_with_multiple_invariants ... ok
test test_class_without_invariant ... ok
test test_function_with_ensures ... ok
test test_function_with_multiple_requires ... ok
test test_complex_contract_example ... ok
test test_function_with_old_expr ... ok
test test_function_with_requires ... ok
test test_function_with_requires_and_ensures ... ok
test test_function_without_contract ... ok
test test_multiple_invariants_error ... ok

test result: ok. 12 passed; 0 failed; 0 ignored; 0 measured; 0 filtered out; finished in 0.00s

     Running tests/control_flow.rs (target/debug/deps/control_flow-bf16b83a6cc31ccd)

running 14 tests
test parse_for_loop ... ok
test parse_complex_if_else ... ok
test parse_for_suspend_loop ... ok
test parse_if_statement ... ok
test parse_if_else_statement ... ok
test parse_if_suspend_statement ... ok
test parse_loop_statement ... ok
test parse_match_statement ... ok
test parse_match_with_guard ... ok
test parse_match_with_patterns ... ok
test parse_regular_vs_suspend_if ... ok
test parse_suspend_assignment ... ok
test parse_while_loop ... ok
test parse_while_suspend_loop ... ok

test result: ok. 14 passed; 0 failed; 0 ignored; 0 measured; 0 filtered out; finished in 0.00s

     Running tests/data_structures.rs (target/debug/deps/data_structures-4fbc73efcc3e2f62)

running 18 tests
test parse_array_repeat_basic ... ok
test parse_array_repeat_vs_regular_array ... ok
test parse_array_repeat_with_expression ... ok
test parse_class_with_doc_comment ... ok
test parse_class_definition ... ok
test parse_class_with_methods ... ok
test parse_class_without_doc_comment ... ok
test parse_enum_definition ... ok
test parse_generic_struct ... ok
test parse_enum_with_payload ... ok
test parse_impl_block ... ok
test parse_impl_generic_params ... ok
test parse_struct_definition ... ok
test parse_impl_where_clause ... ok
test parse_struct_init_expression ... ok
test parse_struct_where_clause ... ok
test parse_struct_with_doc_comment ... ok
test parse_struct_without_doc_comment ... ok

test result: ok. 18 passed; 0 failed; 0 ignored; 0 measured; 0 filtered out; finished in 0.00s

     Running tests/declaration_tests.rs (target/debug/deps/declaration_tests-0b48acc2946b7649)

running 29 tests
test test_auto_import ... ok
test test_bounds_boolean_and ... ok
test test_bounds_boolean_or ... ok
test test_bounds_with_and_keyword ... ok
test test_bounds_with_or_keyword ... ok
test test_common_use ... ok
test test_bounds_default_catch_all ... ok
test test_doc_comment_line_style ... ok
test test_doc_comment_on_struct ... ok
test test_doc_comment_on_function ... ok
test test_enum_definition ... ok
test test_export_use ... ok
test test_function_definition ... ok
test test_function_without_doc_comment ... ok
test test_generated_by_decorator_basic ... ok
test test_generated_by_decorator_full_metadata ... ok
test test_generated_by_with_verification ... ok
test test_generated_by_no_decorator ... ok
test test_mod_declaration ... ok
test test_multiple_decorators_with_generated_by ... ok
test test_pub_mod_declaration ... ok
test test_simd_function_no_bounds ... ok
test test_simd_function_with_bounds_block ... ok
test test_simple_function ... ok
test test_use_glob ... ok
test test_struct_definition ... ok
test test_use_group_items ... ok
test test_use_single_item ... ok
test test_use_with_alias ... ok

test result: ok. 29 passed; 0 failed; 0 ignored; 0 measured; 0 filtered out; finished in 0.00s

     Running tests/deprecation_warnings.rs (target/debug/deps/deprecation_warnings-cc06980c33657aa1)

running 31 tests
test test_array_type_no_warning ... ok
test test_array_literal_no_warning ... ok
test test_comment_with_bracket_syntax_no_warning ... ok
test test_deprecated_class_generic ... ok
test test_deprecated_enum_generic ... ok
test test_deprecated_const_generic ... ok
test test_deprecated_function_generic_params ... ok
test test_deprecated_function_multiple_params ... ok
test test_deprecated_nested_generics ... ok
test test_deprecated_return_type ... ok
test test_deprecated_struct_generic ... ok
test test_deprecated_trait_generic ... ok
test test_deprecated_type_annotation_list ... ok
test test_deprecated_type_annotation_option ... ok
test test_deprecated_type_annotation_result ... ok
test test_empty_array_literal_no_warning ... ok
test test_fixed_array_type_no_warning ... ok
test test_impl_block_with_generics ... ok
test test_impl_block_with_new_syntax_no_warning ... ok
test test_mixed_syntax ... ok
test test_multiple_deprecations_in_same_file ... ok
test test_new_class_generic_no_warning ... ok
test test_new_const_generic_no_warning ... ok
test test_new_enum_generic_no_warning ... ok
test test_new_function_generic_params_no_warning ... ok
test test_new_nested_generics_no_warning ... ok
test test_new_return_type_no_warning ... ok
test test_new_struct_generic_no_warning ... ok
test test_new_trait_generic_no_warning ... ok
test test_new_type_annotation_no_warning ... ok
test test_string_with_bracket_syntax_no_warning ... ok

test result: ok. 31 passed; 0 failed; 0 ignored; 0 measured; 0 filtered out; finished in 0.00s

     Running tests/edge_cases.rs (target/debug/deps/edge_cases-53771ac1dbaabb43)

running 6 tests
test parse_missing_indent ... ok
test parse_missing_colon ... ok
test parse_multiple_statements ... ok
test parse_unclosed_paren ... ok
test parse_unclosed_bracket ... ok
test test_expect_await_parsing ... ok

test result: ok. 6 passed; 0 failed; 0 ignored; 0 measured; 0 filtered out; finished in 0.00s

     Running tests/enum_advanced.rs (target/debug/deps/enum_advanced-8fd8ffaf422423cc)

running 8 tests
test test_enum_simple ... ok
test test_enum_variant_named_params ... ok
test test_enum_complex ... ok
test test_union_type_in_class ... ok
test test_enum_with_methods ... ok
test test_enum_variant_positional_params ... ok
test test_union_type_in_function ... ok
test test_union_type_in_return ... ok

test result: ok. 8 passed; 0 failed; 0 ignored; 0 measured; 0 filtered out; finished in 0.00s

     Running tests/error_recovery_test.rs (target/debug/deps/error_recovery_test-2d2df244b87b9f43)

running 16 tests
test test_c_type_first_detection ... ok
test test_common_mistake_messages ... ok
test test_common_mistake_suggestions ... ok
test test_python_def_detection ... ok
test test_java_public_class_detection ... ok
test test_python_none_detection ... ok
test test_python_true_false_detection ... ok
test test_python_self_detection ... ok
test test_rust_let_mut_detection ... ok
test test_rust_macro_detection ... ok
test test_rust_turbofish_detection ... ok
test test_typescript_arrow_function_detection ... ok
test test_typescript_const_detection ... ok
test test_typescript_function_detection ... ok
test test_typescript_let_detection ... ok
test test_wrong_brackets_detection ... ok

test result: ok. 16 passed; 0 failed; 0 ignored; 0 measured; 0 filtered out; finished in 0.00s

     Running tests/error_tests.rs (target/debug/deps/error_tests-4d08a21641d4c32a)

running 7 tests
test test_parser_available ... ok
test test_is_prefix_predicate_naming_convention ... ok
test test_question_mark_not_allowed_in_variable_name ... ok
test test_question_mark_not_allowed_in_method_name ... ok
test test_question_mark_not_allowed_in_function_name ... ok
test test_question_mark_valid_as_optional_type ... ok
test test_question_mark_valid_as_try_operator ... ok

test result: ok. 7 passed; 0 failed; 0 ignored; 0 measured; 0 filtered out; finished in 0.00s

     Running tests/expression_tests.rs (target/debug/deps/expression_tests-2e6dca382c2f4b6f)

running 23 tests
test test_binary_expression ... ok
test test_array_literal ... ok
test test_channel_receive_in_assignment ... ok
test test_channel_receive_nested ... ok
test test_function_call ... ok
test test_channel_receive_operator ... ok
test test_go_args_form ... ok
test test_go_capture_all_empty_parens ... ok
test test_go_capture_all_colon_only ... ok
test test_go_capture_all_shorthand ... ok
test test_go_capture_form ... ok
test test_go_multiple_captures ... ok
test test_infix_not_to_keyword ... ok
test test_infix_to_keyword ... ok
test test_infix_to_strict_mode ... ok
test test_infix_to_with_include_matcher ... ok
test test_infix_to_with_paren_call ... ok
test test_integer_literal ... ok
test test_lambda_capture_all_empty_colon ... ok
test test_lambda_capture_all_star ... ok
test test_lambda_with_params ... ok
test test_method_call ... ok
test test_operator_precedence ... ok

test result: ok. 23 passed; 0 failed; 0 ignored; 0 measured; 0 filtered out; finished in 0.00s

     Running tests/expressions.rs (target/debug/deps/expressions-fba0688ac5ff5af9)

running 18 tests
test parse_chained_method_calls ... ok
test parse_binary_operations ... ok
test parse_collections ... ok
test parse_field_access_expression ... ok
test parse_comparison_operations ... ok
test parse_function_call_expression ... ok
test parse_if_expression ... ok
test parse_indexing ... ok
test parse_literals ... ok
test parse_is_in_expression ... ok
test parse_logical_operations ... ok
test parse_method_call_expression ... ok
test parse_nested_expressions ... ok
test parse_new_expression ... ok
test parse_path_expression ... ok
test parse_spawn_expression ... ok
test parse_tuple_pattern ... ok
test parse_unary_operations ... ok

test result: ok. 18 passed; 0 failed; 0 ignored; 0 measured; 0 filtered out; finished in 0.00s

     Running tests/functions.rs (target/debug/deps/functions-0e7e81d152b85da9)

running 14 tests
test parse_actor_definition ... ok
test parse_extern_function ... ok
test parse_default_parameters ... ok
test parse_function_definition ... ok
test parse_function_where_clause_multiple_bounds ... ok
test parse_function_where_clause ... ok
test parse_function_where_clause_multiple_params ... ok
test parse_function_with_body ... ok
test parse_function_with_return_type ... ok
test parse_generic_function ... ok
test parse_lambda_expression ... ok
test parse_macro_definition ... ok
test parse_named_arguments ... ok
test parse_send_recv ... ok

test result: ok. 14 passed; 0 failed; 0 ignored; 0 measured; 0 filtered out; finished in 0.00s

     Running tests/import_parse_example.rs (target/debug/deps/import_parse_example-df98434de580e45a)

running 0 tests

test result: ok. 0 passed; 0 failed; 0 ignored; 0 measured; 0 filtered out; finished in 0.00s

     Running tests/mod.rs (target/debug/deps/mod-0adc2837778fd4df)

running 172 tests
test control_flow::parse_for_loop ... ok
test control_flow::parse_complex_if_else ... ok
test control_flow::parse_for_suspend_loop ... ok
test control_flow::parse_if_else_statement ... ok
test control_flow::parse_if_statement ... ok
test control_flow::parse_if_suspend_statement ... ok
test control_flow::parse_loop_statement ... ok
test control_flow::parse_match_statement ... ok
test control_flow::parse_match_with_guard ... ok
test control_flow::parse_match_with_patterns ... ok
test control_flow::parse_regular_vs_suspend_if ... ok
test control_flow::parse_while_loop ... ok
test control_flow::parse_suspend_assignment ... ok
test control_flow::parse_while_suspend_loop ... ok
test data_structures::parse_array_repeat_basic ... ok
test data_structures::parse_array_repeat_vs_regular_array ... ok
test data_structures::parse_array_repeat_with_expression ... ok
test data_structures::parse_class_definition ... ok
test data_structures::parse_class_with_doc_comment ... ok
test data_structures::parse_class_without_doc_comment ... ok
test data_structures::parse_class_with_methods ... ok
test data_structures::parse_enum_definition ... ok
test data_structures::parse_enum_with_payload ... ok
test data_structures::parse_generic_struct ... ok
test data_structures::parse_impl_block ... ok
test data_structures::parse_impl_generic_params ... ok
test data_structures::parse_impl_where_clause ... ok
test data_structures::parse_struct_definition ... ok
test data_structures::parse_struct_init_expression ... ok
test data_structures::parse_struct_where_clause ... ok
test data_structures::parse_struct_with_doc_comment ... ok
test data_structures::parse_struct_without_doc_comment ... ok
test deprecation_warnings::test_array_literal_no_warning ... ok
test deprecation_warnings::test_array_type_no_warning ... ok
test deprecation_warnings::test_comment_with_bracket_syntax_no_warning ... ok
test deprecation_warnings::test_deprecated_class_generic ... ok
test deprecation_warnings::test_deprecated_const_generic ... ok
test deprecation_warnings::test_deprecated_enum_generic ... ok
test deprecation_warnings::test_deprecated_function_generic_params ... ok
test deprecation_warnings::test_deprecated_function_multiple_params ... ok
test deprecation_warnings::test_deprecated_nested_generics ... ok
test deprecation_warnings::test_deprecated_return_type ... ok
test deprecation_warnings::test_deprecated_struct_generic ... ok
test deprecation_warnings::test_deprecated_trait_generic ... ok
test deprecation_warnings::test_deprecated_type_annotation_list ... ok
test deprecation_warnings::test_deprecated_type_annotation_option ... ok
test deprecation_warnings::test_empty_array_literal_no_warning ... ok
test deprecation_warnings::test_deprecated_type_annotation_result ... ok
test deprecation_warnings::test_fixed_array_type_no_warning ... ok
test deprecation_warnings::test_impl_block_with_generics ... ok
test deprecation_warnings::test_impl_block_with_new_syntax_no_warning ... ok
test deprecation_warnings::test_mixed_syntax ... ok
test deprecation_warnings::test_new_class_generic_no_warning ... ok
test deprecation_warnings::test_multiple_deprecations_in_same_file ... ok
test deprecation_warnings::test_new_const_generic_no_warning ... ok
test deprecation_warnings::test_new_enum_generic_no_warning ... ok
test deprecation_warnings::test_new_function_generic_params_no_warning ... ok
test deprecation_warnings::test_new_nested_generics_no_warning ... ok
test deprecation_warnings::test_new_return_type_no_warning ... ok
test deprecation_warnings::test_new_struct_generic_no_warning ... ok
test deprecation_warnings::test_new_trait_generic_no_warning ... ok
test deprecation_warnings::test_new_type_annotation_no_warning ... ok
test deprecation_warnings::test_string_with_bracket_syntax_no_warning ... ok
test edge_cases::parse_missing_colon ... ok
test edge_cases::parse_missing_indent ... ok
test edge_cases::parse_multiple_statements ... ok
test edge_cases::parse_unclosed_bracket ... ok
test edge_cases::parse_unclosed_paren ... ok
test edge_cases::test_expect_await_parsing ... ok
test enum_advanced::test_enum_simple ... ok
test enum_advanced::test_enum_variant_named_params ... ok
test enum_advanced::test_enum_complex ... ok
test enum_advanced::test_enum_variant_positional_params ... ok
test enum_advanced::test_union_type_in_class ... ok
test expressions::parse_binary_operations ... ok
test expressions::parse_chained_method_calls ... ok
test expressions::parse_comparison_operations ... ok
test enum_advanced::test_union_type_in_function ... ok
test enum_advanced::test_enum_with_methods ... ok
test enum_advanced::test_union_type_in_return ... ok
test expressions::parse_field_access_expression ... ok
test expressions::parse_collections ... ok
test expressions::parse_literals ... ok
test expressions::parse_nested_expressions ... ok
test expressions::parse_tuple_pattern ... ok
test expressions::parse_spawn_expression ... ok
test expressions::parse_function_call_expression ... ok
test expressions::parse_unary_operations ... ok
test functions::parse_default_parameters ... ok
test functions::parse_function_definition ... ok
test functions::parse_function_where_clause ... ok
test expressions::parse_if_expression ... ok
test functions::parse_function_where_clause_multiple_bounds ... ok
test functions::parse_function_with_body ... ok
test functions::parse_function_with_return_type ... ok
test functions::parse_function_where_clause_multiple_params ... ok
test expressions::parse_indexing ... ok
test functions::parse_macro_definition ... ok
test functions::parse_named_arguments ... ok
test functions::parse_extern_function ... ok
test statements::parse_augmented_assignment ... ok
test statements::parse_break_continue ... ok
test statements::parse_const_statement ... ok
test expressions::parse_method_call_expression ... ok
test statements::parse_context_statement ... ok
test statements::parse_let_mut_statement ... ok
test statements::parse_let_statement ... ok
test statements::parse_main_binding ... ok
test statements::parse_return_statement ... ok
test expressions::parse_path_expression ... ok
test functions::parse_actor_definition ... ok
test statements::parse_static_mut_statement ... ok
test expressions::parse_logical_operations ... ok
test statements::parse_static_statement ... ok
test test_nested_generic_manual::test_nested_generic_function_return ... ok
test test_nested_generic_manual::test_nested_generic_variable ... ok
test test_nested_generic_manual::test_parse_nested_generic_type_only ... ok
test functions::parse_lambda_expression ... ok
test expressions::parse_new_expression ... ok
test traits::parse_default_trait_impl_attribute ... ok
test functions::parse_generic_function ... ok
test traits::parse_trait_abstract_method ... ok
test statements::parse_assignment_statement ... ok
test expressions::parse_is_in_expression ... ok
test traits::parse_trait_associated_type_simple ... ok
test traits::parse_trait_associated_type_with_bounds ... ok
test traits::parse_trait_associated_type_with_default ... ok
test functions::parse_send_recv ... ok
test test_verify_nested_parse::test_list_option_string_actually_parses ... ok
test traits::parse_trait_default_method ... ok
test traits::parse_trait_definition ... ok
test traits::parse_impl_associated_type ... ok
test traits::parse_trait_generic_inheritance ... ok
test traits::parse_trait_mixed_methods ... ok
test traits::parse_trait_impl ... ok
test traits::parse_trait_multiple_associated_types ... ok
test traits::parse_interface_binding ... ok
test traits::parse_type_with_associated_type_binding ... ok
test traits::parse_interface_binding_generic_type ... ok
test types::parse_compound_unit_basic ... ok
test types::parse_compound_unit_complex ... ok
test types::parse_compound_unit_multiplication ... ok
test types::parse_compound_unit_with_arithmetic ... ok
test types::parse_compound_unit_with_power ... ok
test traits::parse_trait_multiple_generic_inheritance ... ok
test types::parse_dyn_trait_in_array ... ok
test traits::parse_trait_multiple_inheritance ... ok
test traits::parse_type_mixed_generic_and_binding ... ok
test traits::parse_type_with_multiple_associated_bindings ... ok
test traits::parse_trait_where_clause ... ok
test types::parse_dyn_trait_return_type ... ok
test types::parse_dyn_trait_type_annotation ... ok
test types::parse_type_alias ... ok
test types::parse_type_unit_where_overflow_wrap ... ok
test traits::parse_trait_simple_inheritance ... ok
test types::parse_type_unit_with_repr_and_where ... ok
test types::parse_type_unit_with_repr ... ok
test types::parse_dyn_trait_parses_correctly ... ok
test types::parse_type_unit_with_signed_repr ... ok
test types::parse_type_unit_with_where_clause ... ok
test types::parse_type_unit_where_negative_range ... ok
test types::parse_unit_family_basic ... ok
test types::parse_type_unit_where_overflow_saturate ... ok
test types::parse_unit_family_with_repr_mixed ... ok
test types::parse_unit_family_with_arithmetic ... ok
test types::test_capability_iso_type ... ok
test types::test_capability_mut_type ... ok
test types::parse_unit_family_with_repr_block ... ok
test types::test_capability_default_shared ... ok
test types::test_capability_nested ... ok
test types::parse_unit_family_with_custom_fn ... ok
test types::test_capability_with_generic ... ok

test result: ok. 172 passed; 0 failed; 0 ignored; 0 measured; 0 filtered out; finished in 0.01s

     Running tests/statement_tests.rs (target/debug/deps/statement_tests-eb3a15b30510d4b7)

running 17 tests
test test_for_loop ... ok
test test_let_mut_statement ... ok
test test_if_statement ... ok
test test_let_statement ... ok
test test_normal_mode_allows_nested_no_paren ... ok
test test_shared_let_basic ... ok
test test_shared_let_in_function ... ok
test test_strict_mode_allows_explicit_parens ... ok
test test_strict_mode_allows_inner_paren_call ... ok
test test_strict_mode_allows_mixed_simple_and_paren_args ... ok
test test_strict_mode_allows_multiple_simple_args ... ok
test test_strict_mode_allows_simple_no_paren_call ... ok
test test_strict_mode_allows_no_paren_with_literal ... ok
test test_strict_mode_mixed_comma_and_space ... ok
test test_strict_mode_space_separated_args ... ok
test test_tuple_pattern ... ok
test test_while_loop ... ok

test result: ok. 17 passed; 0 failed; 0 ignored; 0 measured; 0 filtered out; finished in 0.00s

     Running tests/statements.rs (target/debug/deps/statements-e01bef68f61b45c4)

running 11 tests
test parse_assignment_statement ... ok
test parse_augmented_assignment ... ok
test parse_break_continue ... ok
test parse_let_statement ... ok
test parse_let_mut_statement ... ok
test parse_const_statement ... ok
test parse_main_binding ... ok
test parse_context_statement ... ok
test parse_return_statement ... ok
test parse_static_mut_statement ... ok
test parse_static_statement ... ok

test result: ok. 11 passed; 0 failed; 0 ignored; 0 measured; 0 filtered out; finished in 0.00s

     Running tests/test_decorator_helpers.rs (target/debug/deps/test_decorator_helpers-42dd1f276479611b)

running 10 tests
test test_no_test_decorator ... ok
test test_multiple_decorators ... ok
test test_combined_with_effects ... ok
test test_property_test_decorator ... ok
test test_property_test_no_params ... ok
test test_property_test_with_params ... ok
test test_snapshot_test_decorator ... ok
test test_regular_test_decorator ... ok
test test_snapshot_test_multiple_formats ... ok
test test_snapshot_test_with_format ... ok

test result: ok. 10 passed; 0 failed; 0 ignored; 0 measured; 0 filtered out; finished in 0.00s

     Running tests/test_effect_annotations.rs (target/debug/deps/test_effect_annotations-46f369ad038e527e)

running 12 tests
test test_effect_from_decorator_name ... ok
test test_effect_decorator_name ... ok
test test_async_effect ... ok
test test_effect_with_other_decorators ... ok
test test_fs_effect ... ok
test test_io_effect ... ok
test test_multiple_effects ... ok
test test_net_effect ... ok
test test_no_effects ... ok
test test_pure_effect ... ok
test test_three_effects ... ok
test test_unsafe_effect ... ok

test result: ok. 12 passed; 0 failed; 0 ignored; 0 measured; 0 filtered out; finished in 0.00s

     Running tests/test_mixin_basic.rs (target/debug/deps/test_mixin_basic-ee0220a31f866e8d)

running 2 tests
test test_parse_mixin_declaration ... ok
test test_parse_class_with_mixin ... ok

test result: ok. 2 passed; 0 failed; 0 ignored; 0 measured; 0 filtered out; finished in 0.00s

     Running tests/test_nested_generic_manual.rs (target/debug/deps/test_nested_generic_manual-07b0fa7801eac4f2)

running 3 tests
test test_parse_nested_generic_type_only ... ok
test test_nested_generic_variable ... ok
test test_nested_generic_function_return ... ok

test result: ok. 3 passed; 0 failed; 0 ignored; 0 measured; 0 filtered out; finished in 0.00s

     Running tests/test_verify_nested_parse.rs (target/debug/deps/test_verify_nested_parse-181415b959baae8b)

running 1 test
test test_list_option_string_actually_parses ... ok

test result: ok. 1 passed; 0 failed; 0 ignored; 0 measured; 0 filtered out; finished in 0.00s

     Running tests/traits.rs (target/debug/deps/traits-5dda54d92a36b237)

running 21 tests
test parse_default_trait_impl_attribute ... ok
test parse_impl_associated_type ... ok
test parse_interface_binding ... ok
test parse_interface_binding_generic_type ... ok
test parse_trait_abstract_method ... ok
test parse_trait_associated_type_simple ... ok
test parse_trait_associated_type_with_bounds ... ok
test parse_trait_associated_type_with_default ... ok
test parse_trait_default_method ... ok
test parse_trait_definition ... ok
test parse_trait_impl ... ok
test parse_trait_generic_inheritance ... ok
test parse_trait_mixed_methods ... ok
test parse_trait_multiple_associated_types ... ok
test parse_trait_multiple_generic_inheritance ... ok
test parse_trait_multiple_inheritance ... ok
test parse_trait_simple_inheritance ... ok
test parse_trait_where_clause ... ok
test parse_type_mixed_generic_and_binding ... ok
test parse_type_with_associated_type_binding ... ok
test parse_type_with_multiple_associated_bindings ... ok

test result: ok. 21 passed; 0 failed; 0 ignored; 0 measured; 0 filtered out; finished in 0.00s

     Running tests/type_tests.rs (target/debug/deps/type_tests-d40724fdfdba9cff)

running 12 tests
test test_dynamic_array_type ... ok
test test_fixed_size_array_type ... ok
test test_multi_base_unit ... ok
test test_multi_base_unit_three_types ... ok
test test_simd_function_param ... ok
test test_simd_type_f64x2 ... ok
test test_simd_type_f32x4 ... ok
test test_simd_type_i32x8 ... ok
test test_single_base_unit ... ok
test test_typed_string_file_path ... ok
test test_typed_string_ip ... ok
test test_typed_string_url ... ok

test result: ok. 12 passed; 0 failed; 0 ignored; 0 measured; 0 filtered out; finished in 0.00s

     Running tests/types.rs (target/debug/deps/types-5f89820a3fda590d)

running 27 tests
test parse_compound_unit_basic ... ok
test parse_compound_unit_complex ... ok
test parse_compound_unit_multiplication ... ok
test parse_compound_unit_with_arithmetic ... ok
test parse_compound_unit_with_power ... ok
test parse_dyn_trait_in_array ... ok
test parse_dyn_trait_parses_correctly ... ok
test parse_dyn_trait_return_type ... ok
test parse_dyn_trait_type_annotation ... ok
test parse_type_alias ... ok
test parse_type_unit_where_negative_range ... ok
test parse_type_unit_where_overflow_saturate ... ok
test parse_type_unit_where_overflow_wrap ... ok
test parse_type_unit_with_repr ... ok
test parse_type_unit_with_repr_and_where ... ok
test parse_type_unit_with_signed_repr ... ok
test parse_type_unit_with_where_clause ... ok
test parse_unit_family_basic ... ok
test parse_unit_family_with_arithmetic ... ok
test parse_unit_family_with_custom_fn ... ok
test parse_unit_family_with_repr_block ... ok
test parse_unit_family_with_repr_mixed ... ok
test test_capability_default_shared ... ok
test test_capability_iso_type ... ok
test test_capability_nested ... ok
test test_capability_mut_type ... ok
test test_capability_with_generic ... ok

test result: ok. 27 passed; 0 failed; 0 ignored; 0 measured; 0 filtered out; finished in 0.00s

     Running unittests src/lib.rs (target/debug/deps/simple_pkg-cf86998a563504a2)

running 85 tests
test cache::tests::test_cache_paths ... ok
test cache::tests::test_git_repo_path ... ok
test cache::tests::test_hash_url ... ok
test cache::tests::test_package_path ... ok
test commands::cache_cmd::tests::test_format_size_bytes ... ok
test commands::cache_cmd::tests::test_format_size_gb ... ok
test cache::tests::test_cache_init ... ok
test commands::cache_cmd::tests::test_format_size_kb ... ok
test commands::cache_cmd::tests::test_format_size_mb ... ok
test commands::add::tests::test_add_no_manifest ... ok
test commands::cache_cmd::tests::test_cache_list ... ok
test commands::cache_cmd::tests::test_cache_info ... ok
test commands::list::tests::test_format_tree ... ok
test lock::tests::test_add_remove_package ... ok
test lock::tests::test_dependency_graph ... ok
test lock::tests::test_empty_lock_file ... ok
test lock::tests::test_parse_lock_file ... ok
test manifest::tests::test_add_remove_dependency ... ok
test manifest::tests::test_new_manifest ... ok
test manifest::tests::test_parse_detailed_dependencies ... ok
test manifest::tests::test_parse_simple_manifest ... ok
test manifest::tests::test_parse_verify_config ... ok
test manifest::tests::test_serialize_manifest ... ok
test manifest::tests::test_should_verify_module ... ok
test commands::add::tests::test_add_version_dependency ... ok
test manifest::tests::test_verify_config_defaults ... ok
test resolver::graph::tests::test_add_and_get ... ok
test resolver::graph::tests::test_complex_graph ... ok
test resolver::graph::tests::test_cycle_detected_after_multiple_edges ... ok
test commands::add::tests::test_add_dev_dependency ... ok
test resolver::graph::tests::test_cycle_detection ... ok
test resolver::graph::tests::test_empty_graph ... ok
test resolver::graph::tests::test_self_cycle_rejected ... ok
test resolver::graph::tests::test_dependents ... ok
test resolver::graph::tests::test_topological_order_independent ... ok
test resolver::graph::tests::test_topological_order_simple ... ok
test resolver::graph::tests::test_transitive_deps ... ok
test commands::add::tests::test_remove_dependency ... ok
test commands::add::tests::test_add_git_dependency ... ok
test commands::list::tests::test_list_no_deps ... ok
test linker::tests::test_clean ... ok
test commands::add::tests::test_add_path_dependency ... ok
test version::tests::test_invalid_version ... ok
test version::tests::test_invalid_version_req ... ok
test version::tests::test_parse_version ... ok
test version::tests::test_parse_version_req_caret ... ok
test version::tests::test_parse_version_req_comparison ... ok
test version::tests::test_parse_version_req_exact ... ok
test version::tests::test_parse_version_req_simple ... ok
test version::tests::test_parse_version_req_tilde ... ok
test version::tests::test_parse_version_req_wildcard ... ok
test version::tests::test_version_comparison ... ok
test version::tests::test_version_display ... ok
test version::tests::test_version_req_display ... ok
test commands::init::tests::test_init_project ... ok
test commands::install::tests::test_install_no_manifest ... ok
test commands::init::tests::test_init_already_initialized ... ok
test commands::init::tests::test_init_uses_dir_name ... ok
test commands::install::tests::test_install_creates_lock_file ... ok
test commands::install::tests::test_install_path_dependency ... ok
test commands::install::tests::test_install_missing_path_dep ... ok
test linker::tests::test_link_path_dependency ... ok
test commands::update::tests::test_update_nonexistent_package ... ok
test linker::tests::test_unlink ... ok
test commands::install::tests::test_install_registry_skipped ... ok
test linker::tests::test_linker_init ... ok
test commands::install::tests::test_install_idempotent ... ok
test commands::install::tests::test_install_no_deps ... ok
test linker::tests::test_list_linked ... ok
test linker::tests::test_link_overwrites_existing ... ok
test commands::list::tests::test_tree_simple ... ok
test commands::list::tests::test_list_with_deps ... ok
test commands::update::tests::test_update_removes_old_lock ... ok
test resolver::tests::test_resolve_missing_path_dep ... ok
test commands::install::tests::test_install_transitive_deps ... ok
test commands::install::tests::test_list_installed ... ok
test resolver::tests::test_resolve_no_deps ... ok
test resolver::tests::test_resolve_version_dependency ... ok
test resolver::tests::test_resolve_circular_dependency ... ok
test commands::update::tests::test_update_specific_package ... ok
test resolver::tests::test_resolve_diamond_dependency ... ok
test commands::update::tests::test_update_all ... ok
test resolver::tests::test_resolve_transitive_deps ... ok
test resolver::tests::test_resolve_single_path_dep ... ok
test commands::list::tests::test_tree_transitive ... ok

test result: ok. 85 passed; 0 failed; 0 ignored; 0 measured; 0 filtered out; finished in 0.02s

     Running unittests src/lib.rs (target/debug/deps/simple_runtime-1163ec46d2ac561c)

running 280 tests
test concurrent::gc_barrier::tests::test_ffi_functions ... ok
test concurrent::gc_barrier::tests::test_gc_state_transitions ... ok
test concurrent::gc_barrier::tests::test_gray_queue ... ok
test concurrent::gc_barrier::tests::test_heap_header_colors ... ok
test concurrent::gc_barrier::tests::test_heap_header_pinning ... ok
test concurrent::gc_barrier::tests::test_write_barrier_marks_heap_objects ... ok
test concurrent::gc_barrier::tests::test_write_barrier_no_overhead_when_not_collecting ... ok
test concurrent::map::tests::test_ffi_functions ... ok
test concurrent::map::tests::test_map_basic_operations ... ok
test concurrent::queue::tests::test_ffi_functions ... ok
test concurrent::map::tests::test_trace_snapshot ... ok
test concurrent::queue::tests::test_queue_basic_operations ... ok
test concurrent::queue::tests::test_trace_snapshot ... ok
test concurrent::stack::tests::test_ffi_functions ... ok
test concurrent::map::tests::test_map_concurrent_access ... ok
test concurrent::stack::tests::test_stack_basic_operations ... ok
test concurrent::stack::tests::test_trace_snapshot ... ok
test coverage::tests::test_clear ... ok
test coverage::tests::test_condition_coverage ... ok
test concurrent::queue::tests::test_queue_concurrent_access ... ok
test coverage::tests::test_decision_coverage ... ok
test coverage::tests::test_coverage_percentage ... ok
test concurrent::stack::tests::test_stack_concurrent_access ... ok
test coverage::tests::test_path_coverage ... ok
test cuda_runtime::tests::test_cuda_error_display ... ok
test cuda_runtime::tests::test_device_count ... ok
test coverage::tests::test_sdn_output ... ok
test executor::tests::test_manual_mode ... ok
test executor::tests::test_isolated_thread_spawn2_and_join ... ok
test executor::tests::test_isolated_thread_spawn_and_join ... ok
test executor::tests::test_promise_reject ... ok
test executor::tests::test_thread_yield ... ok
test executor::tests::test_thread_available_parallelism ... ok
test parallel::tests::test_atomic_add ... ok
test parallel::tests::test_decode_3d ... ok
test parallel::tests::test_kernel_context ... ok
test sandbox::limits::tests::test_apply_cpu_and_fd_limits_only ... ok
test parallel::tests::test_shared_memory ... ok
test sandbox::limits::tests::test_cpu_limit ... ok
test sandbox::limits::tests::test_memory_limit ... ok
test sandbox::limits::tests::test_combined_limits ... ok
test sandbox::linux::tests::test_combined_sandbox_config ... ok
test sandbox::linux::tests::test_network_allowlist_config ... ok
test sandbox::linux::tests::test_network_blocklist_config ... ok
test sandbox::linux::tests::test_read_only_paths ... ok
test sandbox::limits::tests::test_fd_limit ... ok
test sandbox::linux::tests::test_basic_sandbox ... ok
test sandbox::linux::tests::test_resolve_domains_to_ips ... ok
test sandbox::linux::tests::test_restricted_paths_config ... ok
test sandbox::linux::tests::test_no_network ... ok
test tests::aop_around_tests::around_rejects_double_proceed - should panic ... ok
test sandbox::linux::tests::test_overlay_config ... ok
test tests::concurrency_tests::actor_handle_debug_format ... ok
test tests::aop_around_tests::around_requires_proceed - should panic ... ok
test tests::concurrency_tests::scheduler_send_to_works ... ok
test tests::gc_allocator::allocator_contract_allocates_and_collects ... ok
test value::actors::tests::test_actor_id_invalid_value ... ok
test tests::gc_logging::verbose_logging_emits_collection_markers ... ok
test tests::gc_logging::structured_events_are_emitted ... ok
test tests::aop_around_tests::around_chain_applies_outermost_first ... ok
test value::actors::tests::test_actor_is_alive_invalid ... ok
test value::actors::tests::test_actor_join_invalid_actor ... ok
test tests::concurrency_tests::message_debug_format ... ok
test tests::concurrency_tests::actor_handles_compare_equal_by_id ... ok
test tests::no_gc_allocator::no_gc_allocator_allocates_without_tracing ... ok
test tests::concurrency_tests::message_clone ... ok
test tests::concurrency_tests::scheduler_send_to_unknown_actor_fails ... ok
test tests::concurrency_tests::actor_join_can_be_called_multiple_times ... ok
test tests::concurrency_tests::actor_send_bytes_message ... ok
test tests::concurrency_tests::scheduler_join_actor_works ... ok
test sandbox::linux::tests::test_iptables_availability_check ... ok
test tests::concurrency_tests::actor_spawn_and_join ... ok
test tests::concurrency_tests::actor_id_is_unique ... ok
test value::actors::tests::test_actor_send_invalid_actor ... ok
test value::actors::tests::test_actor_id ... ok
test value::actors::tests::test_actor_spawn ... ok
test value::args::tests::test_set_and_get_args_vec ... ok
test value::args::tests::test_set_args_from_c_strings ... ok
test value::async_gen::generator_tests::test_generator_context ... ok
test value::async_gen::generator_tests::test_generator_execution_count ... ok
test value::async_gen::generator_tests::test_generator_invalid_value ... ok
test tests::concurrency_tests::actor_echo_multiple_messages ... ok
test value::args::tests::test_multiple_set_args_replaces ... ok
test value::async_gen::generator_tests::test_generator_mark_done ... ok
test value::async_gen::generator_tests::test_generator_negative_slot_index ... ok
test value::async_gen::generator_tests::test_generator_new ... ok
test value::async_gen::generator_tests::test_generator_nil_body_func ... ok
test value::async_gen::generator_tests::test_generator_simple_yield_sequence ... ok
test value::args::tests::test_set_and_get_args_empty ... ok
test value::async_gen::generator_tests::test_generator_slot_auto_resize ... ok
test value::async_gen::generator_tests::test_generator_slot_operations ... ok
test value::async_gen::generator_tests::test_generator_slot_storage ... ok
test value::actors::tests::test_actor_concurrent_spawns ... ok
test value::actors::tests::test_actor_spawn_null_body ... ok
test value::actors::tests::test_actor_with_context ... ok
test value::async_gen::tests::test_future_await_executes_body ... ok
test value::async_gen::tests::test_future_is_ready ... ok
test value::async_gen::tests::test_future_nil_body_func ... ok
test value::async_gen::tests::test_future_new_and_await_simple ... ok
test value::async_gen::tests::test_future_all ... ok
test value::async_gen::tests::test_future_race ... ok
test value::async_gen::tests::test_future_resolve ... ok
test value::channels::tests::test_channel_close ... ok
test value::channels::tests::test_channel_multiple_values ... ok
test value::async_gen::tests::test_future_invalid_value ... ok
test value::async_gen::generator_tests::test_generator_state_manipulation ... ok
test value::channels::tests::test_channel_new ... ok
test value::collections::tests::test_array_clear ... ok
test value::collections::tests::test_array_invalid_value ... ok
test value::collections::tests::test_array_negative_indexing ... ok
test value::channels::tests::test_channel_try_recv_empty ... ok
test value::collections::tests::test_array_out_of_bounds ... ok
test value::async_gen::tests::test_future_await_double_await ... ok
test value::collections::tests::test_array_pop ... ok
test value::collections::tests::test_array_push_and_get ... ok
test value::channels::tests::test_channel_send_recv ... ok
test value::collections::tests::test_array_pop_empty ... ok
test value::collections::tests::test_dict_clear ... ok
test value::collections::tests::test_dict_int_keys ... ok
test value::collections::tests::test_array_new ... ok
test value::collections::tests::test_dict_invalid_value ... ok
test value::collections::tests::test_dict_set_and_get ... ok
test value::collections::tests::test_dict_get_missing ... ok
test value::collections::tests::test_dict_overwrite ... ok
test value::collections::tests::test_array_set ... ok
test value::collections::tests::test_dict_new ... ok
test value::collections::tests::test_dict_multiple_entries ... ok
test value::collections::tests::test_string_concat_invalid ... ok
test value::collections::tests::test_string_concat ... ok
test value::collections::tests::test_string_data ... ok
test value::collections::tests::test_string_empty ... ok
test value::collections::tests::test_string_invalid_value ... ok
test value::collections::tests::test_tuple_invalid_value ... ok
test value::collections::tests::test_tuple_new ... ok
test value::collections::tests::test_tuple_out_of_bounds ... ok
test value::collections::tests::test_string_new ... ok
test value::collections::tests::test_tuple_set_and_get ... ok
test value::contracts::tests::test_contract_violation_no_message ... ok
test value::collections::tests::test_tuple_zero_length ... ok
test value::collections::tests::test_string_unicode ... ok
test value::contracts::tests::test_ffi_contract_violation_new ... ok
test value::contracts::tests::test_ffi_not_a_violation ... ok
test value::contracts::tests::test_contract_violation_create ... ok
test value::contracts::tests::test_violation_kind_from_i64 ... ok
test value::contracts::tests::test_violation_kind_name ... ok
test value::diagram_ffi::tests::test_diagram_enable_disable ... ok
test value::diagram_ffi::tests::test_generate_sequence ... ok
test value::diagram_ffi::tests::test_trace_method ... ok
test parallel::tests::test_kernel_1d_execution ... ok
test value::doctest_io::tests::test_is_dir ... ok
test value::doctest_io::tests::test_is_file ... ok
test value::doctest_io::tests::test_path_contains ... ok
test value::doctest_io::tests::test_path_exists ... ok
test value::doctest_io::tests::test_path_not_exists ... ok
test value::doctest_io::tests::test_read_file ... ok
test value::doctest_io::tests::test_path_has_extension ... ok
test value::file_io::async_file::tests::test_async_file_create ... ok
test value::file_io::async_file::tests::test_async_file_invalid_handle ... ok
test value::file_io::async_file::tests::test_async_file_string_extraction_failure ... ok
test value::file_io::mmap::tests::test_mmap_lifecycle ... ok
test executor::tests::test_promise ... ok
test value::gpu::tests::test_atomic_cmpxchg_i64 ... ok
test value::gpu::tests::test_atomic_add_i64 ... ok
test value::gpu::tests::test_shared_memory ... ok
test value::gpu::tests::test_kernel_1d_execution ... ok
test value::gpu::tests::test_work_item_state ... ok
test value::gpu_backend::tests::test_auto_select ... ok
test value::gpu_backend::tests::test_backend_priority ... ok
test value::gpu_backend::tests::test_backend_names ... ok
test value::gpu_backend::tests::test_backend_type_conversion ... ok
test value::gpu_backend::tests::test_cpu_always_available ... ok
test value::gpu_backend::tests::test_detect_available ... ok
test value::gpu_backend::tests::test_ffi_backend_available ... ok
test value::gpu_backend::tests::test_ffi_backend_is_available ... ok
test value::gpu_backend::tests::test_ffi_backend_name ... ok
test value::gpu_backend::tests::test_ffi_backend_name_null_buffer ... ok
test value::gpu_backend::tests::test_ffi_backend_name_zero_length ... ok
test value::gpu_backend::tests::test_ffi_backend_set_get ... ok
test value::gpu_backend::tests::test_set_get_backend ... ok
test value::gpu_backend::tests::test_set_backend_auto ... ok
test value::net::tests::test_error_conversion ... ok
test value::net::tests::test_parse_socket_addr_ipv6 ... ok
test value::net::tests::test_invalid_handle ... ok
test value::net::tests::test_socket_registry_basic ... ok
test value::objects::tests::test_closure_capture_out_of_bounds ... ok
test value::net::tests::test_udp_bind_and_close ... ok
test value::objects::tests::test_closure_invalid_value ... ok
test value::net::tests::test_parse_socket_addr_ipv4 ... ok
test value::objects::tests::test_closure_new ... ok
test value::objects::tests::test_closure_zero_captures ... ok
test value::net::tests::test_tcp_bind_and_close ... ok
test value::objects::tests::test_closure_captures ... ok
test value::objects::tests::test_enum_invalid_value ... ok
test value::objects::tests::test_enum_large_discriminant ... ok
test value::objects::tests::test_closure_null_func_ptr ... ok
test value::objects::tests::test_enum_multiple_variants ... ok
test value::objects::tests::test_enum_new_nil_payload ... ok
test value::objects::tests::test_enum_new_with_payload ... ok
test value::objects::tests::test_object_field_set_and_get ... ok
test value::objects::tests::test_object_field_out_of_bounds ... ok
test value::objects::tests::test_object_invalid_value ... ok
test value::objects::tests::test_object_multiple_instances ... ok
test value::objects::tests::test_object_new ... ok
test value::objects::tests::test_object_zero_fields ... ok
test value::objects::tests::test_unique_get ... ok
test value::objects::tests::test_unique_heap_value ... ok
test value::objects::tests::test_unique_multiple_sets ... ok
test value::objects::tests::test_unique_independent_instances ... ok
test value::objects::tests::test_unique_new ... ok
test value::objects::tests::test_unique_nil_value ... ok
test value::objects::tests::test_unique_set ... ok
test value::ratatui_tui::tests::test_handle_allocation ... ok
test value::ratatui_tui::tests::test_registry_init ... ok
test value::objects::tests::test_unique_invalid_value ... ok
test value::simd::tests::test_vec_all_false ... ok
test value::screenshot_ffi::tests::test_screenshot_enable_disable ... ok
test value::simd::tests::test_vec_any_true ... ok
test value::simd::tests::test_vec_all_true ... ok
test value::ratatui_tui::tests::test_textbuffer_creation ... ok
test value::simd::tests::test_vec_extract ... ok
test value::simd::tests::test_vec_max ... ok
test value::simd::tests::test_vec_product_ints ... ok
test value::simd::tests::test_vec_min ... ok
test value::screenshot_ffi::tests::test_path_generation ... ok
test value::simd::tests::test_vec_sum_empty ... ok
test value::simd::tests::test_vec_sum_ints ... ok
test value::file_io::async_file::tests::test_async_file_invalid_path ... ok
test value::sync::tests::test_atomic_basic ... ok
test value::sync::tests::test_barrier_basic ... ok
test value::sync::tests::test_barrier_invalid ... ok
test value::sync::tests::test_mutex_basic ... ok
test value::simd::tests::test_vec_any_false ... ok
test value::file_io::async_file::tests::test_async_file_loading_lifecycle ... ok
test value::sync::tests::test_rwlock_basic ... ok
test value::file_io::async_file::tests::test_async_file_multiple_handles ... ok
test value::tests::test_array_create_and_push ... ok
test value::tests::test_array_pop ... ok
test value::file_io::async_file::tests::test_async_file_with_prefault ... ok
test value::actors::tests::test_actor_join ... ok
test value::tests::test_array_set ... ok
test value::tests::test_debug_format ... ok
test value::tests::generator_state_machine_runs_dispatcher ... ok
test value::tests::test_default ... ok
test value::sync::tests::test_semaphore_basic ... ok
test value::tests::test_empty_string ... ok
test value::tests::test_equality ... ok
test value::tests::test_bool_roundtrip ... ok
test value::tests::test_index_get ... ok
test value::tests::test_float_roundtrip ... ok
test value::tests::test_int_roundtrip ... ok
test value::tests::test_ffi_functions ... ok
test value::tests::test_nil ... ok
test value::tests::test_shared_clone_and_release ... ok
test value::tests::test_shared_new_and_get ... ok
test value::tests::test_shared_with_heap_value ... ok
test value::tests::test_slice ... ok
test value::tests::test_string_concat ... ok
test value::tests::test_string_create ... ok
test value::tests::test_truthy ... ok
test value::tests::test_tuple_create ... ok
test value::tests::test_type_name ... ok
test value::tests::test_unique_gc_root_registration_update ... ok
test value::tests::test_unique_new_and_get ... ok
test value::tests::test_unique_set_update ... ok
test value::tests::test_unique_with_heap_value ... ok
test value::tests::test_weak_becomes_invalid_after_shared_freed ... ok
test value::tests::test_weak_from_shared ... ok
test value::tests::test_weak_upgrade_returns_nil_after_freed ... ok
test sandbox::linux::tests::test_resolve_invalid_domain ... ok
test tests::concurrency_tests::actor_try_recv_returns_message_when_available ... ok
test value::actors::tests::test_actor_message_ordering ... ok
test value::actors::tests::test_actor_multiple_messages ... ok
test value::actors::tests::test_actor_send_and_recv ... ok
test executor::tests::test_isolated_thread_is_done ... ok
test executor::tests::test_thread_sleep ... ok
test tests::concurrency_tests::actor_try_recv_returns_none_when_empty ... ok
test executor::tests::test_threaded_mode ... ok
test tests::concurrency_tests::actor_recv_timeout_returns_error_on_timeout ... ok
test value::actors::tests::test_actor_is_alive ... ok
test value::actors::tests::test_actor_recv_timeout ... ok

test result: ok. 280 passed; 0 failed; 0 ignored; 0 measured; 0 filtered out; finished in 5.01s

     Running unittests src/lib.rs (target/debug/deps/simple_sdn-81d7e59c20fae2b2)

running 39 tests
test document::tests::test_nested_path ... ok
test document::tests::test_delete_value ... ok
test document::tests::test_parse_and_get ... ok
test document::tests::test_push_to_array ... ok
test document::tests::test_set_value ... ok
test document::tests::test_to_json ... ok
test document::tests::test_span_tracking ... ok
test document::tests::test_to_sdn ... ok
test lexer::tests::test_booleans ... ok
test lexer::tests::test_comments ... ok
test lexer::tests::test_indentation ... ok
test lexer::tests::test_inline_array ... ok
test lexer::tests::test_inline_dict ... ok
test lexer::tests::test_null ... ok
test lexer::tests::test_numbers ... ok
test lexer::tests::test_simple_values ... ok
test lexer::tests::test_strings ... ok
test lexer::tests::test_table_syntax ... ok
test parser::tests::test_block_array ... ok
test parser::tests::test_block_dict ... ok
test parser::tests::test_comment ... ok
test parser::tests::test_float_value ... ok
test parser::tests::test_inline_array ... ok
test parser::tests::test_inline_dict ... ok
test parser::tests::test_multiple_values ... ok
test parser::tests::test_named_table ... ok
test parser::tests::test_nested_structure ... ok
test parser::tests::test_null_value ... ok
test parser::tests::test_quoted_string ... ok
test parser::tests::test_simple_value ... ok
test parser::tests::test_table_with_empty_field ... ok
test parser::tests::test_table_with_empty_field_from_file_format ... ok
test parser::tests::test_table_with_quoted_string_containing_comma ... ok
test parser::tests::test_typed_table ... ok
test value::tests::test_as_methods ... ok
test value::tests::test_dict_operations ... ok
test value::tests::test_display ... ok
test value::tests::test_path_access ... ok
test value::tests::test_value_types ... ok

test result: ok. 39 passed; 0 failed; 0 ignored; 0 measured; 0 filtered out; finished in 0.00s

     Running unittests src/bin/sdn.rs (target/debug/deps/sdn-4e1ac38d4103aee4)

running 0 tests

test result: ok. 0 passed; 0 failed; 0 ignored; 0 measured; 0 filtered out; finished in 0.00s

     Running unittests src/lib.rs (target/debug/deps/simple_simd-be434f403378fed1)

running 30 tests
test detection::tests::test_feature_detection ... ok
test detection::tests::test_preferred_width ... ok
test detection::tests::test_simd_available ... ok
test intrinsics::tests::test_comparison_result_type ... ok
test intrinsics::tests::test_cranelift_mapping ... ok
test intrinsics::tests::test_simd_instruction ... ok
test intrinsics::tests::test_simd_intrinsics ... ok
test ops::tests::test_add_arrays ... ok
test ops::tests::test_clamp ... ok
test ops::tests::test_count_greater_than ... ok
test ops::tests::test_dot_product ... ok
test ops::tests::test_fma_arrays ... ok
test ops::tests::test_max_min ... ok
test ops::tests::test_scale ... ok
test ops::tests::test_sum ... ok
test types::tests::f32x4_arithmetic ... ok
test types::tests::f32x4_comparison ... ok
test types::tests::f32x4_gather_scatter ... ok
test types::tests::f32x4_load_store ... ok
test types::tests::f32x4_math ... ok
test types::tests::f32x4_reductions ... ok
test types::tests::f32x4_select ... ok
test types::tests::f32x4_shuffle ... ok
test types::tests::f32x8_basic ... ok
test types::tests::f64x2_basic ... ok
test types::tests::i32x4_arithmetic ... ok
test types::tests::i32x4_bitwise ... ok
test types::tests::mask_operations ... ok
test types::tests::simd_type_display ... ok
test types::tests::simd_type_validation ... ok

test result: ok. 30 passed; 0 failed; 0 ignored; 0 measured; 0 filtered out; finished in 0.00s

     Running unittests src/lib.rs (target/debug/deps/simple_sqp-e0daef364577d2d2)

running 55 tests
test condition::tests::test_between_condition ... ok
test condition::tests::test_and_condition ... ok
test condition::tests::test_comparison_conditions ... ok
test condition::tests::test_eq_condition ... ok
test condition::tests::test_in_condition ... ok
test condition::tests::test_like_condition ... ok
test condition::tests::test_not_condition ... ok
test condition::tests::test_null_conditions ... ok
test condition::tests::test_or_condition ... ok
test condition::tests::test_postgres_placeholders ... ok
test migration::tests::test_add_column_migration ... ok
test migration::tests::test_create_index_migration ... ok
test migration::tests::test_create_table_operation ... ok
test migration::tests::test_migration ... ok
test migration::tests::test_migrator ... ok
test migration::tests::test_postgres_operations ... ok
test model::tests::test_belongs_to_relation ... ok
test model::tests::test_formal_model ... ok
test model::tests::test_has_many_relation ... ok
test naming::tests::test_to_column_name ... ok
test naming::tests::test_to_foreign_key ... ok
test preload::tests::test_parse_preload_multiple ... ok
test preload::tests::test_group_by_foreign_key ... ok
test preload::tests::test_parse_preload_nested ... ok
test preload::tests::test_parse_preload_simple ... ok
test preload::tests::test_preload_config ... ok
test preload::tests::test_preload_new ... ok
test query::tests::test_count_query ... ok
test query::tests::test_group_by ... ok
test query::tests::test_insert_multiple ... ok
test query::tests::test_insert ... ok
test query::tests::test_order_and_limit ... ok
test query::tests::test_postgres_dialect ... ok
test query::tests::test_select_columns ... ok
test query::tests::test_update ... ok
test query::tests::test_delete ... ok
test query::tests::test_pagination ... ok
test query::tests::test_join ... ok
test query::tests::test_left_join ... ok
test raw::tests::test_raw_with_helper ... ok
test raw::tests::test_build ... ok
test raw::tests::test_raw_sql_bind_all ... ok
test query::tests::test_simple_select ... ok
test query::tests::test_select_with_where ... ok
test raw::tests::test_raw_sql_bind ... ok
test raw::tests::test_raw_sql_with_params ... ok
test raw::tests::test_raw_helper ... ok
test raw::tests::test_raw_sql_creation ... ok
test naming::tests::test_to_model_name ... ok
test model::tests::test_casual_model ... ok
test model::tests::test_index ... ok
test model::tests::test_create_table_sql ... ok
test naming::tests::test_to_join_table ... ok
test model::tests::test_model_registry ... ok
test naming::tests::test_to_table_name ... ok

test result: ok. 55 passed; 0 failed; 0 ignored; 0 measured; 0 filtered out; finished in 0.02s

     Running unittests src/main.rs (target/debug/deps/simple_stub-d3dabac4fe142e83)

running 0 tests

test result: ok. 0 passed; 0 failed; 0 ignored; 0 measured; 0 filtered out; finished in 0.00s

     Running unittests src/lib.rs (target/debug/deps/simple_term_io-bfd4ec1bb655b1bf)

running 0 tests

test result: ok. 0 passed; 0 failed; 0 ignored; 0 measured; 0 filtered out; finished in 0.00s

     Running tests/term_wrapper_tests.rs (target/debug/deps/term_wrapper_tests-7d96b4613c582012)

running 2 tests
test native_loader_calls_symbol_directly ... ok
test wrapper_calls_native_functions ... ok

test result: ok. 2 passed; 0 failed; 0 ignored; 0 measured; 0 filtered out; finished in 0.00s

     Running bdd/main.rs (target/debug/deps/bdd_mixins-0ceabe7babcced01)
Failed to parse: Failed to parse feature: Could not read path: specs/features/mixin_basic.feature
[Summary]
0 features
0 scenarios
0 steps
1 parsing error
Failed to parse: Failed to parse feature: Could not read path: specs/features/mixin_generic.feature
[Summary]
0 features
0 scenarios
0 steps
1 parsing error
Failed to parse: Failed to parse feature: Could not read path: specs/features/sspec_feature_id.feature
[Summary]
0 features
0 scenarios
0 steps
1 parsing error
Failed to parse: Failed to parse feature: Could not read path: specs/features/feature_db_generation.feature
[Summary]
0 features
0 scenarios
0 steps
1 parsing error
     Running environment/main.rs (target/debug/deps/environment-297d1d1a6247a326)

running 7 tests
test validate_config ... ok
test io_tests::test_temp_directory_creation ... ok
test io_tests::test_filesystem_operations ... ok
test io_tests::test_source_file_io ... ok
test runtime_tests::test_runtime_gc_available ... ok
test runtime_tests::test_runtime_gc_logging ... ok
test runtime_tests::test_runtime_no_gc ... ok

test result: ok. 7 passed; 0 failed; 0 ignored; 0 measured; 0 filtered out; finished in 0.00s

     Running integration/main.rs (target/debug/deps/integration-143c8f570e0067bf)

running 136 tests
test compiler_integration2::test_class_name ... ok
test compiler_integration2::test_data_section_kind_mutable ... ok
test compiler_integration2::test_data_section_kind_readonly ... ok
test compiler_integration2::test_data_section_kind_to_section_type ... ok
test compiler_integration2::test_effect_is_async ... ok
test compiler_integration2::test_effect_is_nogc ... ok
test compiler_integration2::test_effect_set_async_check ... ok
test compiler_integration2::test_effect_set_effects_list ... ok
test compiler_integration2::test_enum_type_name ... ok
test compiler_integration2::test_generator_value_collect_remaining ... ok
test compiler_integration2::test_generator_value_new ... ok
test compiler_integration2::test_codegen_with_negative ... ok
test compiler_integration2::test_hir_function_is_public ... ok
test compiler_integration2::test_generator_value_next ... ok
test compiler_integration2::test_future_value_new ... ok
test compiler_integration2::test_hir_module_creation ... ok
test compiler_integration2::test_compiler_pipeline_compile_to_bytes ... ok
test compiler_integration2::test_lowerer_with_arithmetic ... ok
test compiler_integration2::test_manual_shared_value ... ok
test compiler_integration2::test_lowerer_with_comparison ... ok
test compiler_integration2::test_mir_function_multiple_blocks ... ok
test compiler_integration2::test_loaded_module_is_reloadable_it ... ok
test compiler_integration2::test_manual_unique_value ... ok
test compiler_integration2::test_mir_function_multiple_vregs ... ok
test compiler_integration2::test_loaded_module_source_hash_it ... ok
test compiler_integration2::test_interpreter_various_configs ... ok
test compiler_integration2::test_mir_lowerer_with_expressions ... ok
test compiler_integration2::test_parser_binary_literal ... ok
test compiler_integration2::test_parser_binary_with_underscore ... ok
test compiler_integration2::test_parser_export_use_glob ... ok
test compiler_integration2::test_parser_default_type_parameters ... ok
test compiler_integration2::test_parser_generic_type_annotation ... ok
test compiler_integration2::test_parser_from_into_trait_names ... ok
test compiler_integration2::test_module_loader_exports ... ok
test compiler_integration2::test_module_loader_load_and_entry ... ok
test compiler_integration2::test_parser_hex_with_underscore ... ok
test compiler_integration2::test_parser_half_open_range_expression ... ok
test compiler_integration2::test_parser_range_expression ... ok
test compiler_integration2::test_parser_hex_literal ... ok
test compiler_integration2::test_parser_octal_literal ... ok
test compiler_integration2::test_runner_gc_heap_bytes ... ok
test compiler_integration2::test_smf_writer_multiple_sections ... ok
test compiler_integration2::test_type_registry_multiple_types ... ok
test compiler_integration2::test_value_float_methods ... ok
test compiler_integration2::test_type_registry_named_lookup ... ok
test compiler_integration2::test_value_int_methods ... ok
test compiler_integration2::test_value_to_display_string ... ok
test compiler_integration2::test_value_truthy ... ok
test compiler_integration2::test_value_type_name ... ok
test compiler_integration2::test_variant_name ... ok
test compiler_integration::test_codegen_new ... ok
test compiler_integration::test_effect_set_append ... ok
test compiler_integration::test_effect_set_push ... ok
test compiler_integration::test_codegen_with_arithmetic ... ok
test compiler_integration::test_effect_set_is_pipeline_safe ... ok
test compiler_integration::test_effect_set_new ... ok
test compiler_integration::test_lexer_invalid_token ... ok
test compiler_integration::test_lexer_new ... ok
test compiler_integration::test_codegen_compile_module ... ok
test compiler_integration::test_lexer_tokenize_keywords ... ok
test compiler_integration::test_lexer_tokenize_numbers ... ok
test compiler_integration::test_lexer_tokenize_operators ... ok
test compiler_integration::test_lexer_tokenize_strings ... ok
test compiler_integration::test_compile_with_function ... ok
test compiler_integration::test_lowerer_lower_module ... ok
test compiler_integration::test_compiler_error_handling ... ok
test compiler_integration::test_lexer_tokenize ... ok
test compiler_integration::test_lowerer_new ... ok
test compiler_integration2::test_run_code_various_values ... ok
test compiler_integration::test_lowerer_with_function ... ok
test compiler_integration::test_lowerer_with_variables ... ok
test compiler_integration::test_mir_block_new ... ok
test compiler_integration::test_mir_function_new_block ... ok
test compiler_integration::test_compile_and_write_file ... ok
test compiler_integration::test_mir_function_new_vreg ... ok
test compiler_integration::test_mir_lowerer_lower_module ... ok
test compiler_integration::test_compile_arithmetic ... ok
test compiler_integration::test_mir_function_is_public ... ok
test compiler_integration::test_mir_function_new ... ok
test compiler_integration::test_mir_lowerer_new ... ok
test compiler_integration::test_module_loader_new ... ok
test compiler_integration::test_mir_lowerer_state ... ok
test compiler_integration::test_module_registry_new ... ok
test compiler_integration::test_parser_new ... ok
test compiler_integration::test_parser_parse ... ok
test compiler_integration::test_parser_parse_function ... ok
test compiler_integration::test_smf_writer_add_code_section ... ok
test compiler_integration::test_smf_writer_add_data_section ... ok
test compiler_integration::test_parser_parse_complex ... ok
test compiler_integration::test_parser_syntax_error ... ok
test compiler_integration::test_smf_writer_add_string ... ok
test compiler_integration::test_smf_writer_add_symbol ... ok
test compiler_integration::test_smf_writer_add_relocation ... ok
test compiler_integration::test_smf_writer_write ... ok
test compiler_integration::test_smf_writer_new ... ok
test compiler_integration::test_token_creation ... ok
test compiler_integration::test_module_loader_load_invalid ... ok
test compiler_integration::test_span_creation ... ok
test compiler_integration::test_compile_to_smf ... ok
test compiler_integration::test_type_registry_get ... ok
test compiler_integration::test_compile_let_binding ... ok
test compiler_integration::test_type_registry_register ... ok
test compiler_integration::test_type_registry_lookup ... ok
test compiler_integration::test_type_registry_register_named ... ok
test compiler_integration::test_loaded_module_entry_point ... ok
test driver_integration::test_gc_runtime_verbose ... ok
test driver_integration::test_gc_runtime_new ... ok
test driver_integration::test_interpreter_gc ... ok
test driver_integration::test_interpreter_new_no_gc ... ok
test compiler_integration::test_module_loader_load ... ok
test compiler_integration::test_type_registry_new ... ok
test compiler_integration::test_module_registry_load ... ok
test compiler_integration::test_loaded_module_exports ... ok
test compiler_integration::test_smf_writer_from_object_code ... ok
test driver_integration::test_interpreter_invalid_source ... ok
test driver_integration::test_interpreter_new ... ok
test driver_integration::test_runner_compile_to_smf ... ok
test driver_integration::test_runner_missing_file ... ok
test driver_integration::test_run_code_invalid ... ok
test driver_integration::test_runner_new ... ok
test driver_integration::test_runner_new_no_gc ... ok
test driver_integration::test_runner_gc ... ok
test driver_integration::test_run_code_with_stdin ... ok
test driver_integration::test_interpreter_run_with_stdin ... ok
test driver_integration::test_runner_invalid_source ... ok
test validate_config ... ok
test driver_integration::test_runner_new_with_gc_logging ... ok
test driver_integration::test_interpreter_run ... ok
test driver_integration::test_runner_with_gc_runtime ... ok
test driver_integration::test_runner_with_function ... ok
test driver_integration::test_run_code_with_args ... ok
test driver_integration::test_runner_compile_and_run ... ok
test driver_integration::test_run_code_basic ... ok
test driver_integration::test_interpreter_run_simple ... ok
test driver_integration::test_interpreter_with_config ... ok
test driver_integration::test_runner_from_file ... ok

test result: ok. 136 passed; 0 failed; 0 ignored; 0 measured; 0 filtered out; finished in 0.01s

     Running system/main.rs (target/debug/deps/system-b0600bfa823ccd84)

running 2139 tests
test core_tests::test_actor_bytes_message ... ok
test core_tests::test_lexer_numbers ... ok
test core_tests::test_lexer_string_literals ... ok
test core_tests::test_invalid_operator ... ok
test core_tests::test_actor_multiple_messages ... ok
test core_tests::test_lexer_all_operators ... ok
test core_tests::test_mismatched_parens ... ok
test core_tests::test_interpreter_with_config ... ok
test core_tests::test_compile_load_roundtrip ... ok
test core_tests::test_error_recovery_state ... ok
test core_tests::test_parser_empty_input ... ok
test core_tests::test_parser_whitespace_only ... ok
test core_tests::test_module_cache_insert_get ... ok
test core_tests::test_module_cache_remove ... ok
test core_tests::test_run_config_default ... ok
test core_tests::test_multiple_actors_concurrent ... ok
test core_tests::test_module_cache_all_modules ... ok
test core_tests::test_undefined_variable_error ... ok
test core_tests::test_gc_mode_switching ... ok
test coverage_tests2::test_analyze_source_str_macros ... ok
test coverage_tests2::test_analyze_source_str_imports ... ok
test coverage_tests2::test_build_cache_dependents_of ... ok
test coverage_tests2::test_build_cache_load_missing ... ok
test coverage_tests2::test_build_cache_update_get ... ok
test coverage_tests2::test_gc_log_event_display ... ok
test coverage_tests2::test_build_cache_save ... ok
test coverage_tests2::test_gc_runtime_heap_bytes ... ok
test coverage_tests2::test_exec_core_collect_gc_no_gc ... ok
test coverage_tests2::test_build_cache_default ... ok
test coverage_tests2::test_gc_runtime_with_logger ... ok
test core_tests::test_runner_zero_value ... ok
test core_tests::test_runner_large_positive ... ok
test coverage_tests2::test_runtime_send_to_invalid_id ... ok
test coverage_tests2::test_gc_runtime_collect ... ok
test coverage_tests2::test_loaded_module_get_function ... ok
test coverage_tests2::test_smf_section_is_writable ... ok
test coverage_tests2::test_scheduled_spawner_default ... ok
test coverage_tests2::test_current_mtime ... ok
test coverage_tests2::test_gc_runtime_heap_access ... ok
test core_tests::test_runner_nested_parentheses ... ok
test coverage_tests2::test_section_type_values ... ok
test coverage_tests2::test_smf_section_name_str ... ok
test coverage_tests2::test_analyze_source_file ... ok
test coverage_tests2::test_scheduled_spawner ... ok
test coverage_tests::test_actor_inbox_sender ... ok
test coverage_tests2::test_runtime_send_to ... ok
test coverage_tests2::test_exec_core_collect_gc_with_gc ... ok
test coverage_tests2::test_loaded_module_is_reloadable ... ok
test coverage_tests::test_config_env_contains ... ok
test coverage_tests::test_config_env_debug ... ok
test coverage_tests::test_config_env_get_or ... ok
test core_tests::test_syntax_error_message ... ok
test coverage_tests2::test_smf_section_is_executable ... ok
test coverage_tests::test_actor_handle_equality ... ok
test coverage_tests::test_interpreter_gc_access ... ok
test coverage_tests::test_actor_handle_id ... ok
test coverage_tests::test_config_env_clone ... ok
test coverage_tests::test_config_env_short_flags ... ok
test coverage_tests2::test_exec_core_load_module ... ok
test coverage_tests::test_manual_gc_collect ... ok
test core_tests::test_runner_large_negative ... ok
test coverage_tests2::test_runtime_spawn_actor ... ok
test coverage_tests::test_run_config_fields ... ok
test coverage_tests::test_runner_gc_access_detailed ... ok
test coverage_tests::test_shared_new_untracked ... ok
test coverage_tests::test_unique_is_valid ... ok
test coverage_tests::test_unique_debug ... ok
test coverage_tests::test_thread_spawner_default ... ok
test coverage_tests::test_unique_new_untracked ... ok
test coverage_tests2::test_exec_core_run_main ... ok
test coverage_verification_tests::test_coverage_percentage_accuracy ... ok
test coverage_verification_tests::test_coverage_threshold_pass_fail ... ok
test core_tests::test_multiple_file_compilation ... ok
test coverage_verification_tests::test_coverage_marks_executed_as_covered ... ok
test coverage_verification_tests::test_empty_coverage_all_uncovered ... ok
test coverage_tests::test_run_result_fields ... ok
test coverage_verification_tests::test_coverage_ignores_unlisted_types ... ok
test coverage_verification_tests::test_full_coverage_all_covered ... ok
test coverage_tests2::test_loaded_module_exports ... ok
test coverage_tests2::test_loaded_module_source_hash ... ok
test coverage_verification_tests::test_missing_method_in_coverage_is_not_covered ... ok
test coverage_verification_tests::test_namespaced_type_coverage ... ok
test execution_tests::test_analyze_source_str_imports_extended ... ok
test execution_tests::test_analyze_source_str_macros_extended ... ok
test execution_tests::test_actor_message_exchange ... ok
test coverage_tests2::test_exec_core_default ... ok
test execution_tests::test_build_cache_dependents_of_extended ... ok
test coverage_verification_tests::test_zero_count_marked_not_covered ... ok
test coverage_verification_tests::test_merged_coverage_data ... ok
test core_tests::test_run_code_various_args ... ok
test execution_tests::test_current_mtime_nonexistent_file_extended ... ok
test execution_tests::test_compile_to_memory_produces_valid_smf_extended ... ok
test execution_tests::test_gc_verbose_mode_extended ... ok
test execution_tests::test_load_module_from_memory_buffer ... ok
test coverage_tests2::test_exec_core_compile_file ... ok
test coverage_tests::test_module_registry_new_and_load ... ok
test coverage_tests::test_module_registry_caching ... ok
test coverage_tests::test_interpreter_default ... ok
test execution_tests::test_mixed_indentation_handling ... ok
test execution_tests::test_module_exports_after_load ... ok
test execution_tests::test_multiple_actors_ping_pong ... ok
test coverage_tests::test_module_registry_unload ... ok
test coverage_tests::test_module_execute_entry_point ... ok
test coverage_tests::test_module_registry_reload ... ok
test execution_tests::test_multiline_error_context ... ok
test execution_tests::test_send_to_invalid_id_detailed ... ok
test execution_tests::test_send_to_scheduler ... ok
test execution_tests::test_scheduled_spawner_creates_actors ... ok
test execution_tests::test_thread_spawner_basic ... ok
test feature_tests_advanced::test_exec_core_new_no_gc_feature ... ok
test feature_tests_advanced::test_exec_core_collect_gc_feature ... ok
test coverage_tests::test_runner_with_gc_runtime ... ok
test feature_tests_advanced::test_exec_core_compile_to_memory_feature ... ok
test feature_tests_advanced::test_exec_core_new_feature ... ok
test coverage_tests::test_runner_default ... ok
test coverage_tests::test_interpreter_run_with_stdin ... ok
test execution_tests::test_crlf_line_endings ... ok
test coverage_verification_tests::test_interpreter_execution_coverage_concept ... ok
test execution_tests::test_current_mtime_existing_file_extended ... ok
test execution_tests::test_compile_error_recovery ... ok
test coverage_verification_tests::test_recursion_coverage_concept ... ok
test coverage_tests::test_module_loader_with_resolver ... ok
test execution_tests::test_build_cache_save_load_roundtrip ... ok
test execution_tests::test_load_truncated_smf ... ok
test coverage_verification_tests::test_branch_coverage_concept ... ok
test feature_tests_advanced::test_feature_71_attribute_deprecated ... ok
test feature_tests_advanced::test_feature_72_result_err_unwrap_or ... ok
test execution_tests::test_in_memory_vs_file_compilation_consistency ... ok
test execution_tests::test_error_messages_have_location_info ... ok
test feature_tests_advanced::test_feature_72_result_is_ok ... ok
test feature_tests_advanced::test_feature_82_auto_forwarding_get ... ok
test feature_tests_advanced::test_feature_74_match_guard_basic ... ok
test feature_tests_advanced::test_feature_73_question_operator ... ok
test feature_tests_advanced::test_feature_75_if_let_none_else ... ok
test feature_tests_advanced::test_feature_74_match_guard_negative ... ok
test execution_tests::test_gc_collection_result_stability_extended ... ok
test feature_tests_advanced::test_feature_83_isolated_with_channel ... ok
test feature_tests_advanced::test_feature_75_while_let ... ok
test execution_tests::test_long_source_file ... ok
test feature_tests_advanced::test_feature_77_move_closure ... ok
test feature_tests_advanced::test_feature_84_channel_try_recv ... ok
test feature_tests_advanced::test_feature_84_channel_basic ... ok
test feature_tests_advanced::test_feature_80_or_pattern ... ok
test feature_tests_advanced::test_feature_85_send_trait ... ok
test feature_tests_advanced::test_feature_76_derive_debug ... ok
test feature_tests_advanced::test_feature_71_attribute_with_value ... ok
test feature_tests_advanced::test_feature_90_composite_type_inference ... ok
test feature_tests_advanced::test_feature_89_composite_units ... ok
test feature_tests_advanced::test_feature_71_attribute_inline ... ok
test feature_tests_advanced::test_feature_81_range_pattern ... ok
test feature_tests_advanced::test_feature_81_range_pattern_inclusive ... ok
test feature_tests_advanced::test_feature_94_binary_literals ... ok
test feature_tests_advanced::test_feature_93_hex_literals_mixed_case ... ok
test feature_tests_advanced::test_feature_71_multiple_attributes ... ok
test feature_tests_advanced::test_feature_72_result_ok ... ok
test feature_tests_advanced::test_feature_82_auto_forwarding_is ... ok
test feature_tests_advanced::test_feature_72_result_from_function ... ok
test feature_tests_advanced::test_feature_72_result_is_err ... ok
test feature_tests_advanced::test_runner_gc_method_feature ... ok
test feature_tests_basic::test_feature_array_creation ... ok
test feature_tests_advanced::test_feature_82_auto_forwarding_set ... ok
test feature_tests_basic::test_feature_array_indexing ... ok
test feature_tests_advanced::test_feature_75_if_let_some ... ok
test feature_tests_advanced::test_feature_83_spawn_isolated ... ok
test feature_tests_advanced::test_feature_84_channel_buffered ... ok
test feature_tests_basic::test_feature_chained_comparisons_false ... ok
test feature_tests_basic::test_feature_classes_basic ... ok
test feature_tests_advanced::test_feature_87_unit_types_basic_not_yet_implemented ... ok
test feature_tests_basic::test_feature_functions_basic ... ok
test feature_tests_basic::test_feature_functions_recursion ... ok
test feature_tests_advanced::test_feature_91_standalone_units_not_yet_implemented ... ok
test feature_tests_advanced::test_feature_93_hex_literals ... ok
test execution_tests::test_trailing_newlines ... ok
test feature_tests_advanced::test_feature_95_octal_literals ... ok
test feature_tests_basic::test_feature_list_comprehension_filter ... ok
test feature_tests_basic::test_feature_loops_break ... ok
test feature_tests_advanced::test_feature_94_binary_literals_underscores ... ok
test feature_tests_advanced::test_feature_95_octal_permission ... ok
test feature_tests_advanced::test_interpreter_run_simple_feature ... ok
test feature_tests_advanced::test_runner_new_with_gc_logging_feature ... ok
test feature_tests_basic::test_feature_negative_indexing ... ok
test feature_tests_basic::test_feature_negative_indexing_second_last ... ok
test feature_tests_basic::test_feature_chained_comparisons ... ok
test execution_tests::test_no_gc_mode_sequential ... ok
test feature_tests_basic::test_feature_operators_logical ... ok
test feature_tests_basic::test_feature_option_none_default ... ok
test feature_tests_basic::test_feature_dict_comprehension ... ok
test feature_tests_basic::test_feature_dict_types ... ok
test feature_tests_basic::test_feature_enums_basic ... ok
test feature_tests_basic::test_feature_slicing_basic ... ok
test feature_tests_advanced::test_feature_86_thread_pool ... ok
test feature_tests_advanced::test_feature_87_unit_types_conversion ... ok
test feature_tests_advanced::test_feature_88_literal_suffix_to_m ... ok
test feature_tests_advanced::test_feature_91_standalone_units_type_safety_not_yet_implemented ... ok
test feature_tests_basic::test_feature_lambdas_basic ... ok
test integration_tests2::test_builtin_class_names_integration ... ok
test integration_tests2::test_class_name_integration ... ok
test feature_tests_basic::test_feature_structs_basic ... ok
test integration_tests2::test_compiler_pipeline_compile_source_to_memory_integration ... ok
test integration_tests2::test_compiler_pipeline_new_integration ... ok
test feature_tests_basic::test_feature_list_comprehension_basic ... ok
test feature_tests_basic::test_feature_tuple_types ... ok
test integration_tests2::test_enum_type_name_integration ... ok
test integration_tests2::test_compiler_pipeline_with_gc_integration ... ok
test integration_tests2::test_env_construction_integration ... ok
test integration_tests2::test_env_scoping_integration ... ok
test feature_tests_advanced::test_interpreter_gc_method_feature ... ok
test integration_tests2::test_env_set_get_integration ... ok
test integration_tests2::test_hash_name_integration ... ok
test integration_tests2::test_interpreter_run_pub_func_integration ... ok
test integration_tests2::test_lexer_new_tokenize_integration ... ok
test feature_tests_advanced::test_runner_with_gc_runtime_feature ... ok
test feature_tests_basic::test_feature_operators_arithmetic ... ok
test integration_tests2::test_lexer_tokens_integration ... ok
test integration_tests2::test_interpreter_run_simple_pub_func_integration ... ok
test feature_tests_basic::test_feature_control_flow_if_else ... ok
test feature_tests_basic::test_feature_operators_bitwise ... ok
test feature_tests_basic::test_feature_context_managers ... ok
test integration_tests2::test_parser_expressions_integration ... ok
test integration_tests2::test_parser_new_parse_integration ... ok
test feature_tests_basic::test_feature_pattern_matching_basic ... ok
test integration_tests2::test_platform_arch_integration ... ok
test integration_tests2::test_loaded_module_source_hash_integration ... ok
test feature_tests_basic::test_feature_pattern_matching_destructure ... ok
test feature_tests_basic::test_feature_spread_array ... ok
test execution_tests::test_compilation_determinism ... ok
test integration_tests2::test_runner_compile_to_smf_pub_func_integration ... ok
test integration_tests2::test_run_code_pub_func_integration ... ok
test integration_tests2::test_runner_new_pub_func_integration ... ok
test feature_tests_basic::test_feature_tuple_unpacking_basic ... ok
test integration_tests2::test_section_type_integration ... ok
test integration_tests2::test_runner_new_with_gc_logging_pub_func_integration ... ok
test feature_tests_basic::test_feature_lambdas_multi_param ... ok
test feature_tests_basic::test_feature_loops_continue ... ok
test integration_tests2::test_smf_header_properties_integration ... ok
test integration_tests2::test_smf_header_read_integration ... ok
test feature_tests_basic::test_feature_variables_let_bindings ... ok
test integration_tests2::test_smf_section_name_integration ... ok
test integration_tests2::test_symbol_table_integration ... ok
test integration_tests2::test_symbol_type_binding_integration ... ok
test integration_tests2::test_value_variants_integration ... ok
test integration_tests2::test_runner_with_gc_runtime_pub_func_integration ... ok
test integration_tests2::test_variant_name_integration ... ok
test integration_tests::test_async_effect_integration ... ok
test integration_tests::test_block_builder_state_integration ... ok
test integration_tests::test_builtin_func_integration ... ok
test integration_tests::test_call_target_integration ... ok
test integration_tests::test_effect_enum_integration ... ok
test integration_tests::test_effect_set_integration ... ok
test integration_tests::test_effect_to_async_integration ... ok
test integration_tests::test_hir_expr_binary_integration ... ok
test integration_tests::test_hir_expr_construction_integration ... ok
test integration_tests::test_hir_expr_unary_integration ... ok
test feature_tests_basic::test_feature_loops_for ... ok
test integration_tests::test_hir_function_integration ... ok
test integration_tests2::test_interpreter_new_no_gc_pub_func_integration ... ok
test integration_tests::test_hir_module_default_integration ... ok
test integration_tests::test_hir_module_integration ... ok
test integration_tests::test_hir_type_constructors_integration ... ok
test integration_tests::test_hir_stmt_construction_integration ... ok
test integration_tests::test_local_kind_integration ... ok
test integration_tests2::test_compiler_pipeline_compile_integration ... ok
test integration_tests::test_local_var_integration ... ok
test integration_tests::test_nogc_instr_integration ... ok
test integration_tests::test_nogc_predicate_integration ... ok
test feature_tests_basic::test_feature_loops_while ... ok
test integration_tests::test_pipeline_safe_integration ... ok
test feature_tests_basic::test_feature_operators_comparison ... ok
test integration_tests::test_pointer_kind_integration ... ok
test feature_tests_basic::test_feature_basic_types_integers ... ok
test integration_tests::test_signedness_integration ... ok
test feature_tests_basic::test_feature_option_some ... ok
test integration_tests2::test_interpreter_run_with_stdin_pub_func_integration ... ok
test integration_tests::test_type_id_allocator_integration ... ok
test integration_tests::test_type_id_constants_integration ... ok
test integration_tests2::test_loaded_module_entry_point_integration ... ok
test integration_tests::test_terminator_integration ... ok
test integration_tests::test_type_registry_lookup_integration ... ok
test integration_tests2::test_loaded_module_exports_integration ... ok
test integration_tests::test_type_registry_register_integration ... ok
test low_coverage_tests10::codegen_shared_tests::test_body_kind_actor ... ok
test low_coverage_tests10::codegen_shared_tests::test_body_kind_clone ... ok
test low_coverage_tests10::codegen_shared_tests::test_body_kind_copy ... ok
test low_coverage_tests10::codegen_shared_tests::test_body_kind_equality ... ok
test integration_tests2::test_module_registry_unload_integration ... ok
test integration_tests2::test_module_registry_new_load_integration ... ok
test low_coverage_tests10::lexer_tests::test_lexer_new ... ok
test integration_tests::test_type_registry_builtins_integration ... ok
test integration_tests2::test_run_code_with_args_pub_func_integration ... ok
test low_coverage_tests10::lexer_tests::test_lexer_next_token ... ok
test low_coverage_tests10::codegen_shared_tests::test_body_kind_future ... ok
test low_coverage_tests10::lexer_tests::test_lexer_tokenize_arrow ... ok
test feature_tests_basic::test_feature_spread_dict ... ok
test integration_tests2::test_runner_new_no_gc_pub_func_integration ... ok
test integration_tests2::test_interpreter_new_pub_func_integration ... ok
test low_coverage_tests10::lexer_tests::test_lexer_tokenize_brackets ... ok
test feature_tests_basic::test_feature_tuple_unpacking_swap ... ok
test low_coverage_tests10::lexer_tests::test_lexer_tokenize_colon ... ok
test low_coverage_tests10::lexer_tests::test_lexer_tokenize_async_await ... ok
test integration_tests2::test_runner_run_source_pub_func_integration ... ok
test low_coverage_tests10::lexer_tests::test_lexer_tokenize_comment ... ok
test low_coverage_tests10::lexer_tests::test_lexer_tokenize_dot ... ok
test low_coverage_tests10::lexer_tests::test_lexer_tokenize_empty ... ok
test core_tests::test_multiple_sequential_runs ... ok
test low_coverage_tests10::codegen_shared_tests::test_body_kind_generator ... ok
test low_coverage_tests10::lexer_tests::test_lexer_tokenize_identifier ... ok
test low_coverage_tests10::lexer_tests::test_lexer_tokenize_float ... ok
test integration_tests2::test_module_registry_reload_integration ... ok
test low_coverage_tests10::lexer_tests::test_lexer_tokenize_bool ... ok
test low_coverage_tests10::lexer_tests::test_lexer_tokenize_import_use ... ok
test low_coverage_tests10::lexer_tests::test_lexer_tokenize_indent_dedent ... ok
test low_coverage_tests10::lexer_tests::test_lexer_tokenize_integer ... ok
test low_coverage_tests10::lexer_tests::test_lexer_tokenize_keywords ... ok
test low_coverage_tests10::lexer_tests::test_lexer_tokenize_let ... ok
test low_coverage_tests10::lexer_tests::test_lexer_tokenize_match_case ... ok
test low_coverage_tests10::lexer_tests::test_lexer_tokenize_newline ... ok
test low_coverage_tests10::lexer_tests::test_lexer_tokenize_comma ... ok
test low_coverage_tests10::lexer_tests::test_lexer_tokenize_nil ... ok
test low_coverage_tests10::lexer_tests::test_lexer_tokenize_numeric_suffix ... ok
test low_coverage_tests10::lexer_tests::test_lexer_tokenize_at_hash ... ok
test low_coverage_tests10::lexer_tests::test_lexer_tokenize_operators ... ok
test low_coverage_tests10::lexer_tests::test_lexer_tokenize_pipe_ampersand ... ok
test low_coverage_tests10::lexer_tests::test_lexer_tokenize_self_super ... ok
test low_coverage_tests10::lexer_tests::test_lexer_tokenize_pub_mod ... ok
test low_coverage_tests10::lexer_tests::test_lexer_tokenize_question_mark ... ok
test low_coverage_tests10::lexer_tests::test_lexer_tokenize_string ... ok
test low_coverage_tests10::lexer_tests::test_lexer_tokenize_trait_impl ... ok
test low_coverage_tests10::lexer_tests::test_lexer_tokenize_underscore ... ok
test low_coverage_tests10::module_resolver_tests::test_child_module_private ... ok
test low_coverage_tests10::lexer_tests::test_lexer_tokenize_return ... ok
test low_coverage_tests10::lexer_tests::test_lexer_tokenize_struct_enum ... ok
test low_coverage_tests10::module_resolver_tests::test_child_module_struct ... ok
test low_coverage_tests10::module_resolver_tests::test_directory_manifest_default ... ok
test low_coverage_tests10::module_resolver_tests::test_directory_manifest_with_name ... ok
test low_coverage_tests10::module_resolver_tests::test_module_resolver_new ... ok
test low_coverage_tests10::module_resolver_tests::test_resolved_module_directory ... ok
test low_coverage_tests10::parser_tests::test_parser_new ... ok
test low_coverage_tests10::module_resolver_tests::test_resolved_module_struct ... ok
test low_coverage_tests10::parser_tests::test_parser_parse_array_literal ... ok
test low_coverage_tests10::parser_tests::test_parser_parse_binary_expr ... ok
test low_coverage_tests10::parser_tests::test_parser_parse_class ... ok
test low_coverage_tests10::parser_tests::test_parser_parse_empty ... ok
test low_coverage_tests10::parser_tests::test_parser_parse_call ... ok
test low_coverage_tests10::parser_tests::test_parser_parse_dict_literal ... ok
test core_tests::test_runner_interpreter_consistency_multiple ... ok
test integration_tests2::test_runner_run_file_pub_func_integration ... ok
test low_coverage_tests10::parser_tests::test_parser_parse_for ... ok
test low_coverage_tests10::parser_tests::test_parser_parse_function ... ok
test low_coverage_tests10::parser_tests::test_parser_parse_enum ... ok
test low_coverage_tests10::parser_tests::test_parser_parse_if ... ok
test low_coverage_tests10::parser_tests::test_parser_parse_import ... ok
test low_coverage_tests10::parser_tests::test_parser_parse_lambda ... ok
test low_coverage_tests10::parser_tests::test_parser_parse_method_call ... ok
test low_coverage_tests10::parser_tests::test_parser_parse_match ... ok
test low_coverage_tests10::parser_tests::test_parser_parse_simple_assignment ... ok
test low_coverage_tests10::parser_tests::test_parser_parse_struct ... ok
test low_coverage_tests10::parser_tests::test_parser_parse_use ... ok
test low_coverage_tests10::parser_tests::test_parser_parse_while ... ok
test low_coverage_tests10::settlement_builder_tests::test_build_error_invalid_stub ... ok
test low_coverage_tests10::settlement_builder_tests::test_build_error_io_error ... ok
test low_coverage_tests10::parser_tests::test_parser_parse_trait ... ok
test low_coverage_tests10::settlement_builder_tests::test_build_error_module_not_found ... ok
test low_coverage_tests10::settlement_builder_tests::test_build_error_no_entry_point ... ok
test low_coverage_tests10::settlement_builder_tests::test_build_options_current_arch ... ok
test low_coverage_tests10::settlement_builder_tests::test_build_options_default ... ok
test low_coverage_tests10::settlement_builder_tests::test_build_options_executable ... ok
test low_coverage_tests10::settlement_builder_tests::test_build_options_settlement_file ... ok
test low_coverage_tests10::settlement_builder_tests::test_settlement_builder_new ... ok
test low_coverage_tests10::settlement_builder_tests::test_find_stub_returns_option ... ok
test low_coverage_tests10::settlement_builder_tests::test_settlement_builder_with_options ... ok
test low_coverage_tests11::ast_enums_tests::test_move_mode_clone ... ok
test low_coverage_tests11::ast_enums_tests::test_move_mode_debug ... ok
test low_coverage_tests11::ast_enums_tests::test_move_mode_default ... ok
test low_coverage_tests11::ast_enums_tests::test_move_mode_is_move ... ok
test low_coverage_tests11::ast_enums_tests::test_mutability_clone ... ok
test low_coverage_tests11::ast_enums_tests::test_mutability_debug ... ok
test low_coverage_tests11::ast_enums_tests::test_mutability_default ... ok
test low_coverage_tests11::ast_enums_tests::test_mutability_is_mutable ... ok
test low_coverage_tests11::ast_enums_tests::test_range_bound_clone ... ok
test low_coverage_tests11::ast_enums_tests::test_range_bound_debug ... ok
test low_coverage_tests11::ast_enums_tests::test_range_bound_default ... ok
test low_coverage_tests11::ast_enums_tests::test_range_bound_is_exclusive ... ok
test low_coverage_tests11::ast_enums_tests::test_range_bound_is_inclusive ... ok
test low_coverage_tests11::ast_enums_tests::test_self_mode_clone ... ok
test low_coverage_tests11::ast_enums_tests::test_self_mode_debug ... ok
test low_coverage_tests11::ast_enums_tests::test_self_mode_default ... ok
test low_coverage_tests11::ast_enums_tests::test_self_mode_should_skip_self ... ok
test low_coverage_tests11::ast_enums_tests::test_storage_class_clone ... ok
test low_coverage_tests11::ast_enums_tests::test_storage_class_debug ... ok
test low_coverage_tests11::ast_enums_tests::test_storage_class_default ... ok
test low_coverage_tests11::ast_enums_tests::test_storage_class_is_shared ... ok
test low_coverage_tests11::ast_enums_tests::test_visibility_clone ... ok
test low_coverage_tests11::ast_enums_tests::test_visibility_debug ... ok
test low_coverage_tests11::ast_enums_tests::test_visibility_default ... ok
test low_coverage_tests11::ast_enums_tests::test_visibility_is_public ... ok
test low_coverage_tests11::concurrency_tests::test_join_actor_invalid ... ok
test low_coverage_tests11::concurrency_tests::test_actor_handle_id ... ok
test low_coverage_tests11::concurrency_tests::test_message_bytes ... ok
test low_coverage_tests11::concurrency_tests::test_message_value ... ok
test low_coverage_tests11::concurrency_tests::test_scheduled_spawner_default ... ok
test low_coverage_tests11::concurrency_tests::test_scheduled_spawner_new ... ok
test low_coverage_tests11::concurrency_tests::test_send_to_invalid_actor ... ok
test low_coverage_tests11::concurrency_tests::test_spawn_actor_basic ... ok
test low_coverage_tests11::dependency_cache_tests::test_dependency_cache_placeholder ... ok
test low_coverage_tests11::jj_store_extended_tests::test_build_event_compilation_started ... ok
test low_coverage_tests11::concurrency_tests::test_spawn_actor_with_spawner ... ok
test low_coverage_tests11::jj_store_extended_tests::test_build_event_compilation_failed ... ok
test low_coverage_tests11::jj_store_extended_tests::test_build_event_compilation_succeeded ... ok
test low_coverage_tests11::jj_store_extended_tests::test_build_state_add_event ... ok
test low_coverage_tests11::jj_store_extended_tests::test_build_state_fields ... ok
test low_coverage_tests11::jj_store_extended_tests::test_build_state_new ... ok
test low_coverage_tests11::jj_store_extended_tests::test_state_store_default_path ... ok
test low_coverage_tests11::jj_store_extended_tests::test_build_state_default ... ok
test low_coverage_tests11::memory_common_tests::test_align_size_manual ... ok
test low_coverage_tests11::memory_common_tests::test_align_size_edge_cases ... ok
test low_coverage_tests11::module_registry_tests::test_module_registry_default ... ok
test low_coverage_tests11::module_registry_tests::test_module_registry_load_invalid_path ... ok
test low_coverage_tests11::jj_store_extended_tests::test_state_store_new ... ok
test low_coverage_tests11::module_registry_tests::test_module_registry_new ... ok
test low_coverage_tests11::module_registry_tests::test_module_registry_resolve_symbol_none ... ok
test low_coverage_tests11::module_registry_tests::test_module_registry_unload_nonexistent ... ok
test low_coverage_tests11::version_extended_tests::test_version_clone ... ok
test low_coverage_tests11::runner_extended_tests::test_run_code_syntax_error ... ok
test low_coverage_tests11::version_extended_tests::test_version_display ... ok
test low_coverage_tests11::runner_extended_tests::test_run_code_if_else ... ok
test low_coverage_tests11::version_extended_tests::test_version_default ... ok
test low_coverage_tests11::version_extended_tests::test_version_parse_invalid ... ok
test low_coverage_tests11::version_extended_tests::test_version_parse_valid ... ok
test low_coverage_tests11::version_extended_tests::test_version_partial_ord ... ok
test low_coverage_tests11::version_extended_tests::test_version_equality ... ok
test low_coverage_tests11::version_extended_tests::test_version_req_any ... ok
test low_coverage_tests11::version_extended_tests::test_version_req_clone ... ok
test low_coverage_tests11::version_extended_tests::test_version_req_parse_comparison ... ok
test low_coverage_tests11::version_extended_tests::test_version_req_parse_empty ... ok
test low_coverage_tests11::runner_extended_tests::test_run_result_fields ... ok
test low_coverage_tests11::version_extended_tests::test_version_req_parse_exact ... ok
test low_coverage_tests11::runner_extended_tests::test_run_code_arithmetic ... ok
test low_coverage_tests11::version_extended_tests::test_version_req_parse_range ... ok
test low_coverage_tests11::version_extended_tests::test_version_new ... ok
test low_coverage_tests11::version_extended_tests::test_version_req_parse_tilde ... ok
test low_coverage_tests11::version_extended_tests::test_version_ordering ... ok
test low_coverage_tests12::common_extended_tests::test_abi_version_current ... ok
test low_coverage_tests11::version_extended_tests::test_version_req_display ... ok
test low_coverage_tests11::runner_extended_tests::test_run_code_function ... ok
test low_coverage_tests11::version_extended_tests::test_version_from_str ... ok
test low_coverage_tests12::common_extended_tests::test_config_env_new ... ok
test low_coverage_tests11::runner_extended_tests::test_run_code_variable ... ok
test low_coverage_tests11::runner_extended_tests::test_run_code_simple ... ok
test low_coverage_tests11::version_extended_tests::test_version_req_parse_caret ... ok
test low_coverage_tests12::common_extended_tests::test_message_variants ... ok
test low_coverage_tests11::version_extended_tests::test_version_req_parse_star ... ok
test low_coverage_tests12::common_extended_tests::test_target_arch_variants ... ok
test low_coverage_tests12::dep_tracker_tests::test_symbol_kind_function ... ok
test low_coverage_tests12::common_extended_tests::test_target_os_variants ... ok
test low_coverage_tests12::dep_tracker_tests::test_symbol_kind_module ... ok
test low_coverage_tests12::dep_tracker_tests::test_symbol_kind_type ... ok
test low_coverage_tests12::driver_extended_tests::test_run_result_fields ... ok
test low_coverage_tests11::runner_extended_tests::test_run_code_with_args ... ok
test low_coverage_tests11::runner_extended_tests::test_run_code_while_loop ... ok
test low_coverage_tests12::parser_ast_extended_tests::test_binop_variants ... ok
test low_coverage_tests12::compiler_extended_tests::test_compiler_pipeline_new ... ok
test low_coverage_tests12::parser_ast_extended_tests::test_effect_variants ... ok
test low_coverage_tests12::compiler_extended_tests::test_contract_mode_default ... ok
test low_coverage_tests12::parser_ast_extended_tests::test_lexer_tokenize ... ok
test low_coverage_tests12::parser_ast_extended_tests::test_module_path ... ok
test low_coverage_tests12::parser_ast_extended_tests::test_move_mode_variants ... ok
test low_coverage_tests12::dep_tracker_tests::test_import_graph_new ... ok
test low_coverage_tests12::parser_ast_extended_tests::test_mutability_variants ... ok
test low_coverage_tests12::loader_extended_tests::test_module_loader_new ... ok
test low_coverage_tests12::driver_extended_tests::test_interpreter_new ... ok
test low_coverage_tests12::common_extended_tests::test_target_host ... ok
test low_coverage_tests12::driver_extended_tests::test_runner_new ... ok
test low_coverage_tests12::parser_ast_extended_tests::test_assign_op_variants ... ok
test low_coverage_tests12::loader_extended_tests::test_module_registry_new ... ok
test low_coverage_tests12::parser_ast_extended_tests::test_overflow_behavior_variants ... ok
test low_coverage_tests12::parser_ast_extended_tests::test_parse_error_display ... ok
test low_coverage_tests12::parser_ast_extended_tests::test_pointer_kind_variants ... ok
test low_coverage_tests12::parser_ast_extended_tests::test_parser_parse_simple ... ok
test low_coverage_tests12::parser_ast_extended_tests::test_range_bound_variants ... ok
test low_coverage_tests12::parser_ast_extended_tests::test_span_creation ... ok
test low_coverage_tests12::parser_ast_extended_tests::test_token_kind_basic ... ok
test low_coverage_tests12::parser_ast_extended_tests::test_unary_op_variants ... ok
test low_coverage_tests12::parser_ast_extended_tests::test_visibility_variants ... ok
test low_coverage_tests12::pkg_extended_tests::test_version_display ... ok
test low_coverage_tests12::pkg_extended_tests::test_version_new ... ok
test low_coverage_tests12::pkg_extended_tests::test_version_parse ... ok
test low_coverage_tests12::pkg_extended_tests::test_version_req_any ... ok
test low_coverage_tests12::runtime_extended_tests::test_async_mode_variants ... ok
test low_coverage_tests12::runtime_extended_tests::test_contract_violation_kind_variants ... ok
test low_coverage_tests12::runtime_extended_tests::test_gpu_work_item_state ... ok
test low_coverage_tests12::runtime_extended_tests::test_heap_object_type_variants ... ok
test low_coverage_tests12::runtime_extended_tests::test_promise_state_variants ... ok
test low_coverage_tests12::runtime_extended_tests::test_runtime_array ... ok
test low_coverage_tests12::runtime_extended_tests::test_runtime_dict ... ok
test low_coverage_tests12::runtime_extended_tests::test_runtime_string ... ok
test low_coverage_tests12::runtime_extended_tests::test_runtime_tuple ... ok
test low_coverage_tests12::runtime_extended_tests::test_runtime_value_bool ... ok
test low_coverage_tests12::runtime_extended_tests::test_runtime_value_constants ... ok
test low_coverage_tests12::runtime_extended_tests::test_runtime_value_default ... ok
test low_coverage_tests12::runtime_extended_tests::test_runtime_value_float ... ok
test low_coverage_tests12::runtime_extended_tests::test_runtime_value_int ... ok
test low_coverage_tests12::runtime_extended_tests::test_runtime_value_methods ... ok
test low_coverage_tests12::runtime_extended_tests::test_runtime_value_nil ... ok
test low_coverage_tests12::type_checker_tests::test_type_bool ... ok
test low_coverage_tests12::type_checker_tests::test_type_float ... ok
test low_coverage_tests12::type_checker_tests::test_type_checker_new ... ok
test low_coverage_tests12::type_checker_tests::test_type_int ... ok
test low_coverage_tests13::common_abi_tests::test_abi_version_current ... ok
test low_coverage_tests13::common_abi_tests::test_abi_version_to_u32 ... ok
test low_coverage_tests13::common_actor_types_tests::test_message_bytes ... ok
test low_coverage_tests13::common_actor_types_tests::test_message_value ... ok
test low_coverage_tests13::common_config_env_tests::test_config_env_new ... ok
test low_coverage_tests13::common_handle_tests::test_handle_pool_new ... ok
test low_coverage_tests13::common_target_tests::test_target_arch_variants ... ok
test low_coverage_tests13::common_target_tests::test_target_host ... ok
test low_coverage_tests13::common_target_tests::test_target_os_variants ... ok
test low_coverage_tests13::compiler_value_tests::test_value_bool ... ok
test low_coverage_tests13::compiler_value_tests::test_value_float ... ok
test low_coverage_tests13::compiler_value_tests::test_value_int ... ok
test low_coverage_tests13::compiler_value_tests::test_value_nil ... ok
test low_coverage_tests13::dep_tracker_extended_tests::test_import_graph_new ... ok
test low_coverage_tests13::dep_tracker_extended_tests::test_symbol_kind_variants ... ok
test low_coverage_tests13::driver_run_result_tests::test_run_result_fields ... ok
test low_coverage_tests13::driver_test_framework_tests::test_test_level_variants ... ok
test low_coverage_tests13::loader_module_tests::test_module_registry_new ... ok
test low_coverage_tests13::loader_settlement_tests::test_settlement_config_default ... ok
test low_coverage_tests13::parser_expr_tests::test_fstring_part_literal ... ok
test low_coverage_tests13::parser_expr_tests::test_numeric_suffix_variants ... ok
test low_coverage_tests13::parser_pattern_tests::test_pattern_wildcard ... ok
test low_coverage_tests13::parser_span_tests::test_span_new ... ok
test low_coverage_tests13::pkg_extended_tests::test_version_comparison ... ok
test low_coverage_tests13::pkg_extended_tests::test_version_req_any ... ok
test low_coverage_tests13::runtime_array_ffi_tests::test_array_new ... ok
test low_coverage_tests13::runtime_array_ffi_tests::test_array_push_get ... ok
test low_coverage_tests13::runtime_contract_tests::test_contract_violation_kind_variants ... ok
test low_coverage_tests13::runtime_dict_ffi_tests::test_dict_new ... ok
test low_coverage_tests13::runtime_executor_tests::test_async_mode_variants ... ok
test low_coverage_tests13::runtime_executor_tests::test_is_manual_mode ... ok
test low_coverage_tests13::runtime_executor_tests::test_pending_count ... ok
test low_coverage_tests13::runtime_heap_tests::test_heap_object_type_variants ... ok
test low_coverage_tests13::runtime_nogc_tests::test_nogc_allocator_new ... ok
test low_coverage_tests13::runtime_promise_tests::test_promise_state_variants ... ok
test low_coverage_tests13::runtime_shared_ffi_tests::test_shared_ptr ... ok
test low_coverage_tests13::runtime_types_tests::test_runtime_value_bool ... ok
test low_coverage_tests13::runtime_types_tests::test_runtime_value_float ... ok
test low_coverage_tests13::runtime_types_tests::test_runtime_value_int ... ok
test low_coverage_tests13::runtime_types_tests::test_runtime_value_nil ... ok
test low_coverage_tests13::runtime_unique_ffi_tests::test_unique_ptr ... ok
test low_coverage_tests13::runtime_value_ffi_tests::test_value_bool_ffi ... ok
test low_coverage_tests13::runtime_value_ffi_tests::test_value_float_ffi ... ok
test low_coverage_tests13::runtime_value_ffi_tests::test_value_int_ffi ... ok
test low_coverage_tests13::runtime_value_ffi_tests::test_value_nil_ffi ... ok
test low_coverage_tests13::type_checker_tests::test_type_bool ... ok
test low_coverage_tests13::type_checker_tests::test_type_checker_new ... ok
test low_coverage_tests13::type_checker_tests::test_type_float ... ok
test low_coverage_tests13::type_checker_tests::test_type_int ... ok
test low_coverage_tests14::compiler_contract_mode_tests::test_contract_mode_default ... ok
test low_coverage_tests14::compiler_coverage_tests::test_is_coverage_enabled ... ok
test low_coverage_tests14::compiler_error_tests::test_error_context_new ... ok
test low_coverage_tests14::compiler_lint_tests::test_lint_config_default ... ok
test low_coverage_tests14::compiler_lint_tests::test_lint_level_variants ... ok
test low_coverage_tests14::compiler_mono_tests::test_concrete_type_variants ... ok
test low_coverage_tests14::compiler_mono_tests::test_monomorphization_table_new ... ok
test low_coverage_tests14::compiler_mono_tests::test_pointer_kind_variants ... ok
test low_coverage_tests14::compiler_mono_tests::test_type_bindings_new ... ok
test low_coverage_tests14::compiler_newtype_tests::test_class_name ... ok
test low_coverage_tests14::compiler_newtype_tests::test_enum_type_name ... ok
test low_coverage_tests14::compiler_newtype_tests::test_variant_name ... ok
test low_coverage_tests14::compiler_resolver_tests::test_directory_manifest_default ... ok
test low_coverage_tests14::compiler_value_types_tests::test_env_new ... ok
test low_coverage_tests14::loader_types_tests::test_module_registry_new ... ok
test low_coverage_tests14::loader_types_tests::test_settlement_config_new ... ok
test low_coverage_tests14::parser_assignop_tests::test_assignop_variants ... ok
test low_coverage_tests14::parser_binop_tests::test_binop_variants ... ok
test low_coverage_tests14::parser_block_tests::test_block_default ... ok
test low_coverage_tests14::parser_contract_block_tests::test_contract_block_default ... ok
test low_coverage_tests14::parser_doc_comment_tests::test_doc_comment_default ... ok
test low_coverage_tests14::parser_doc_tests::test_doc_item_kind_variants ... ok
test low_coverage_tests14::parser_effect_tests::test_effect_variants ... ok
test low_coverage_tests14::parser_lexer_tests::test_lexer_new ... ok
test low_coverage_tests14::parser_lexer_tests::test_token_kind_keyword_variants ... ok
test coverage_tests::test_actor_try_recv ... ok
test low_coverage_tests14::parser_module_path_tests::test_module_path_new ... ok
test coverage_tests::test_actor_recv_timeout ... ok
test low_coverage_tests14::parser_mutability_tests::test_mutability_variants ... ok
test low_coverage_tests14::parser_pointer_tests::test_pointer_kind_variants ... ok
test low_coverage_tests14::parser_overflow_tests::test_overflow_behavior_variants ... ok
test low_coverage_tests14::parser_rangebound_tests::test_range_bound_variants ... ok
test low_coverage_tests14::parser_unaryop_tests::test_unaryop_variants ... ok
test low_coverage_tests14::parser_visibility_tests::test_visibility_variants ... ok
test low_coverage_tests15::compiler_builtin_class_tests::test_builtin_class_as_str ... ok
test low_coverage_tests14::runtime_gc_module_tests::test_gc_runtime_new ... ok
test low_coverage_tests15::compiler_builtin_class_tests::test_builtin_class_from_name ... ok
test low_coverage_tests15::compiler_builtin_class_tests::test_builtin_class_matches ... ok
test low_coverage_tests15::compiler_builtin_class_tests::test_builtin_class_variants ... ok
test low_coverage_tests15::compiler_builtin_class_tests::test_class_type_from_name ... ok
test low_coverage_tests15::compiler_builtin_class_tests::test_method_lookup_result ... ok
test low_coverage_tests15::compiler_classname_tests::test_class_name_methods ... ok
test low_coverage_tests15::compiler_classname_tests::test_enum_type_name_methods ... ok
test low_coverage_tests15::compiler_classname_tests::test_variant_name_methods ... ok
test low_coverage_tests15::compiler_compilability_tests::test_compilability_status ... ok
test low_coverage_tests15::compiler_compilability_tests::test_fallback_reason_closure ... ok
test low_coverage_tests15::compiler_compilability_tests::test_fallback_reason_collection_ops ... ok
test low_coverage_tests15::compiler_compilability_tests::test_fallback_reason_dynamic_types ... ok
test low_coverage_tests15::compiler_special_enum_tests::test_option_variant ... ok
test low_coverage_tests15::compiler_special_enum_tests::test_result_variant ... ok
test low_coverage_tests15::compiler_special_enum_tests::test_special_enum_type_as_str ... ok
test low_coverage_tests15::compiler_project_tests::test_project_context_new ... ok
test low_coverage_tests15::compiler_special_enum_tests::test_special_enum_type_from_name ... ok
test low_coverage_tests15::compiler_special_enum_tests::test_special_enum_type_variants ... ok
test low_coverage_tests15::compiler_value_constants_tests::test_actor_builtins ... ok
test low_coverage_tests15::compiler_value_constants_tests::test_blocking_builtins ... ok
test low_coverage_tests15::compiler_value_constants_tests::test_builtin_type_constants ... ok
test low_coverage_tests15::compiler_value_constants_tests::test_generator_builtins ... ok
test low_coverage_tests15::compiler_value_constants_tests::test_magic_name_constants ... ok
test low_coverage_tests15::loader_arch_validate_tests::test_arch_validator_new ... ok
test low_coverage_tests15::loader_cross_test_types::test_cross_test_results_default ... ok
test low_coverage_tests15::loader_cross_test_types::test_target_fixture_aarch64_linux ... ok
test low_coverage_tests15::loader_cross_test_types::test_target_fixture_aarch64_macos ... ok
test low_coverage_tests15::loader_cross_test_types::test_target_fixture_all_64bit ... ok
test low_coverage_tests15::loader_cross_test_types::test_target_fixture_host_check ... ok
test low_coverage_tests15::loader_cross_test_types::test_target_fixture_x86_64_linux ... ok
test low_coverage_tests15::loader_cross_test_types::test_target_fixture_mock_headers ... ok
test low_coverage_tests15::loader_cross_test_types::test_target_fixture_x86_64_windows ... ok
test low_coverage_tests15::loader_cross_test_types::test_test_matrix_comprehensive ... ok
test low_coverage_tests15::loader_cross_test_types::test_test_matrix_default ... ok
test low_coverage_tests15::loader_cross_test_types::test_test_matrix_fixtures ... ok
test low_coverage_tests15::loader_cross_test_types::test_test_matrix_minimal ... ok
test low_coverage_tests15::loader_cross_test_types::test_test_matrix_new ... ok
test low_coverage_tests15::loader_load_error_tests::test_load_error_io ... ok
test low_coverage_tests15::loader_loaded_module_tests::test_loaded_module_size ... ok
test low_coverage_tests15::loader_startup_tests::test_startup_loader_new ... ok
test low_coverage_tests15::parser_move_mode_tests::test_move_mode_default ... ok
test low_coverage_tests15::parser_self_mode_tests::test_self_mode_default ... ok
test low_coverage_tests15::parser_storage_class_tests::test_storage_class_default ... ok
test low_coverage_tests15::parser_token_extra_tests::test_token_kind_more_keywords ... ok
test low_coverage_tests15::pkg_cache_tests::test_cache_new ... ok
test low_coverage_tests15::pkg_error_tests::test_pkg_error_size ... ok
test low_coverage_tests15::pkg_error_tests::test_pkg_result_type ... ok
test low_coverage_tests15::pkg_linker_tests::test_linker_new ... ok
test low_coverage_tests15::type_checker_additional_tests::test_substitution_compose ... ok
test low_coverage_tests15::type_checker_additional_tests::test_type_nil ... ok
test low_coverage_tests15::type_checker_additional_tests::test_type_scheme_mono ... ok
test low_coverage_tests15::type_checker_additional_tests::test_type_scheme_poly ... ok
test low_coverage_tests15::type_checker_additional_tests::test_type_var ... ok
test low_coverage_tests16::common_actor_extended_tests::test_actor_handle_size ... ok
test low_coverage_tests16::common_actor_extended_tests::test_message_bytes ... ok
test low_coverage_tests16::common_actor_extended_tests::test_message_value ... ok
test low_coverage_tests16::common_config_env_tests::test_config_env_default ... ok
test low_coverage_tests16::common_config_env_tests::test_config_env_new ... ok
test low_coverage_tests16::common_manual_mem_tests::test_manual_gc_new ... ok
test low_coverage_tests16::common_target_extended_tests::test_pointer_size_bytes ... ok
test low_coverage_tests16::common_target_extended_tests::test_pointer_size_variants ... ok
test low_coverage_tests16::common_target_extended_tests::test_target_config ... ok
test low_coverage_tests16::common_target_extended_tests::test_target_display ... ok
test low_coverage_tests16::compiler_async_value_tests::test_channel_value_size ... ok
test low_coverage_tests16::compiler_async_value_tests::test_future_value_size ... ok
test low_coverage_tests16::compiler_async_value_tests::test_generator_value_size ... ok
test low_coverage_tests16::compiler_async_value_tests::test_thread_pool_value_size ... ok
test low_coverage_tests16::compiler_borrow_value_tests::test_borrow_mut_value_size ... ok
test low_coverage_tests16::compiler_borrow_value_tests::test_borrow_value_size ... ok
test low_coverage_tests16::compiler_hir_tests::test_type_id_constants ... ok
test low_coverage_tests16::compiler_manual_value_tests::test_manual_handle_value_size ... ok
test low_coverage_tests16::compiler_manual_value_tests::test_manual_shared_value_size ... ok
test low_coverage_tests16::compiler_manual_value_tests::test_manual_unique_value_size ... ok
test low_coverage_tests16::compiler_manual_value_tests::test_manual_weak_value_size ... ok
test low_coverage_tests16::compiler_mir_extended_tests::test_block_id_new ... ok
test low_coverage_tests16::compiler_mir_extended_tests::test_terminator_return ... ok
test low_coverage_tests16::dep_tracker_extended2_tests::test_import_graph_new ... ok
test low_coverage_tests16::dep_tracker_extended2_tests::test_symbol_table_new ... ok
test low_coverage_tests16::driver_jj_tests::test_build_event_compilation_failed ... ok
test low_coverage_tests16::driver_jj_tests::test_build_event_compilation_started ... ok
test low_coverage_tests16::driver_jj_tests::test_build_event_compilation_succeeded ... ok
test low_coverage_tests16::driver_jj_tests::test_build_state_new ... ok
test low_coverage_tests16::loader_arch_validator_extended_tests::test_arch_validator_new ... ok
test low_coverage_tests16::loader_cross_test_extended_tests::test_cross_test_results_new ... ok
test low_coverage_tests16::loader_cross_test_extended_tests::test_target_fixture_riscv64 ... ok
test low_coverage_tests16::loader_cross_test_extended_tests::test_test_matrix_iter ... ok
test low_coverage_tests16::loader_cross_test_extended_tests::test_test_matrix_with_os ... ok
test low_coverage_tests16::loader_cross_test_extended_tests::test_test_matrix_with_target ... ok
test low_coverage_tests16::loader_settlement_extended_tests::test_settlement_error_variants ... ok
test low_coverage_tests16::loader_settlement_extended_tests::test_slot_range_new ... ok
test low_coverage_tests16::loader_settlement_extended_tests::test_slot_range_overlaps ... ok
test low_coverage_tests16::loader_smf_extended_tests::test_arch_variants ... ok
test low_coverage_tests16::loader_smf_extended_tests::test_platform_variants ... ok
test low_coverage_tests16::loader_smf_extended_tests::test_smf_header_new_for_target ... ok
test low_coverage_tests16::parser_pattern_tests::test_pattern_identifier ... ok
test low_coverage_tests16::parser_pattern_tests::test_pattern_wildcard ... ok
test low_coverage_tests17::common_more_tests::test_pointer_size_bits ... ok
test low_coverage_tests17::common_more_tests::test_target_size ... ok
test low_coverage_tests17::common_runtime_symbols_tests::test_abi_version_size ... ok
test low_coverage_tests17::common_runtime_symbols_tests::test_runtime_symbol_names_not_empty ... ok
test low_coverage_tests17::common_runtime_symbols_tests::test_runtime_symbol_names_valid ... ok
test low_coverage_tests17::compiler_coverage_tests::test_is_coverage_enabled ... ok
test low_coverage_tests17::compiler_error_tests::test_compile_error_size ... ok
test low_coverage_tests17::compiler_error_tests::test_error_context_new ... ok
test low_coverage_tests17::compiler_hir_extended_tests::test_hir_type_bool ... ok
test low_coverage_tests17::compiler_hir_extended_tests::test_hir_type_int ... ok
test low_coverage_tests17::compiler_hir_extended_tests::test_hir_type_string ... ok
test low_coverage_tests17::compiler_hir_extended_tests::test_hir_type_void ... ok
test low_coverage_tests17::compiler_hir_extended_tests::test_signedness_variants ... ok
test low_coverage_tests17::compiler_hir_extended_tests::test_type_id_new ... ok
test low_coverage_tests17::compiler_lint_extended_tests::test_lint_config_default ... ok
test low_coverage_tests17::compiler_lint_extended_tests::test_lint_level_allow ... ok
test low_coverage_tests17::compiler_lint_extended_tests::test_lint_level_deny ... ok
test low_coverage_tests17::compiler_lint_extended_tests::test_lint_level_warn ... ok
test low_coverage_tests17::compiler_mir_more_tests::test_vreg_index ... ok
test low_coverage_tests17::compiler_mir_more_tests::test_vreg_zero ... ok
test low_coverage_tests17::compiler_mono_extended_tests::test_concrete_type_bool ... ok
test low_coverage_tests17::compiler_mono_extended_tests::test_concrete_type_int ... ok
test low_coverage_tests17::compiler_mono_extended_tests::test_monomorphization_table_new ... ok
test low_coverage_tests17::compiler_mono_extended_tests::test_specialization_key_new ... ok
test low_coverage_tests17::compiler_mono_extended_tests::test_type_bindings_insert ... ok
test low_coverage_tests17::compiler_pipeline_tests::test_compiler_pipeline_size ... ok
test low_coverage_tests17::compiler_value_more_tests::test_env_new ... ok
test low_coverage_tests17::compiler_value_more_tests::test_value_bool ... ok
test low_coverage_tests17::compiler_value_more_tests::test_value_float ... ok
test low_coverage_tests17::compiler_value_more_tests::test_value_int ... ok
test low_coverage_tests17::compiler_value_more_tests::test_value_nil ... ok
test low_coverage_tests17::dep_tracker_more_tests::test_import_graph_size ... ok
test low_coverage_tests17::dep_tracker_more_tests::test_symbol_table_size ... ok
test low_coverage_tests17::driver_more_tests::test_run_result_size ... ok
test low_coverage_tests17::loader_module_extended_tests::test_loaded_module_size ... ok
test low_coverage_tests17::driver_more_tests::test_runner_new ... ok
test low_coverage_tests17::loader_module_extended_tests::test_module_loader_size ... ok
test low_coverage_tests17::loader_module_extended_tests::test_module_registry_new ... ok
test low_coverage_tests17::loader_settlement_tables_tests::test_table_index ... ok
test low_coverage_tests17::loader_settlement_tables_tests::test_table_index_zero ... ok
test low_coverage_tests17::loader_smf_reloc_tests::test_relocation_type_abs64 ... ok
test low_coverage_tests17::loader_smf_reloc_tests::test_relocation_type_none ... ok
test low_coverage_tests17::loader_smf_reloc_tests::test_relocation_type_pc32 ... ok
test low_coverage_tests17::loader_smf_reloc_tests::test_smf_relocation_size ... ok
test low_coverage_tests17::loader_smf_section_tests::test_section_type_code ... ok
test low_coverage_tests17::loader_smf_section_tests::test_section_type_data ... ok
test low_coverage_tests17::loader_smf_section_tests::test_smf_section_size ... ok
test low_coverage_tests17::loader_smf_symbol_tests::test_smf_symbol_size ... ok
test low_coverage_tests17::loader_smf_symbol_tests::test_symbol_binding_global ... ok
test low_coverage_tests17::loader_smf_symbol_tests::test_symbol_binding_local ... ok
test low_coverage_tests17::loader_smf_symbol_tests::test_symbol_binding_weak ... ok
test low_coverage_tests17::parser_ast_size_tests::test_actor_def_size ... ok
test low_coverage_tests17::parser_ast_size_tests::test_argument_size ... ok
test low_coverage_tests17::parser_ast_size_tests::test_attribute_size ... ok
test low_coverage_tests17::parser_ast_size_tests::test_class_def_size ... ok
test low_coverage_tests17::parser_ast_size_tests::test_decorator_size ... ok
test low_coverage_tests17::parser_ast_size_tests::test_enum_def_size ... ok
test low_coverage_tests17::parser_ast_size_tests::test_enum_variant_size ... ok
test low_coverage_tests17::parser_ast_size_tests::test_expr_size ... ok
test low_coverage_tests17::parser_ast_size_tests::test_field_size ... ok
test low_coverage_tests17::parser_ast_size_tests::test_for_stmt_size ... ok
test low_coverage_tests17::parser_ast_size_tests::test_function_def_size ... ok
test low_coverage_tests17::parser_ast_size_tests::test_if_stmt_size ... ok
test low_coverage_tests17::parser_ast_size_tests::test_impl_block_size ... ok
test low_coverage_tests17::parser_ast_size_tests::test_let_stmt_size ... ok
test low_coverage_tests17::parser_ast_size_tests::test_match_stmt_size ... ok
test low_coverage_tests17::parser_ast_size_tests::test_pattern_size ... ok
test low_coverage_tests17::parser_ast_size_tests::test_struct_def_size ... ok
test low_coverage_tests17::parser_ast_size_tests::test_trait_def_size ... ok
test low_coverage_tests17::parser_ast_size_tests::test_while_stmt_size ... ok
test low_coverage_tests17::parser_lexer_extended_tests::test_lexer_tokenize ... ok
test low_coverage_tests17::parser_lexer_extended_tests::test_token_kind ... ok
test low_coverage_tests17::parser_lexer_extended_tests::test_token_new ... ok
test low_coverage_tests17::parser_span_extended_tests::test_span_fields ... ok
test low_coverage_tests17::parser_span_extended_tests::test_span_line_column ... ok
test low_coverage_tests17::pkg_lock_tests::test_lock_file_default ... ok
test low_coverage_tests17::pkg_lock_tests::test_lock_file_size ... ok
test low_coverage_tests17::pkg_manifest_extended_tests::test_manifest_size ... ok
test low_coverage_tests17::runtime_memory_tests::test_no_gc_allocator_new ... ok
test low_coverage_tests17::runtime_memory_tests::test_gc_runtime_new ... ok
test low_coverage_tests17::runtime_value_extended_tests::test_runtime_array_size ... ok
test low_coverage_tests17::runtime_value_extended_tests::test_runtime_object_size ... ok
test low_coverage_tests17::runtime_value_extended_tests::test_runtime_string_size ... ok
test low_coverage_tests17::runtime_value_extended_tests::test_runtime_tuple_size ... ok
test low_coverage_tests17::runtime_value_extended_tests::test_runtime_value_size ... ok
test low_coverage_tests17::type_checker_more_tests::test_substitution_size ... ok
test low_coverage_tests17::type_checker_more_tests::test_type_bool ... ok
test low_coverage_tests17::type_checker_more_tests::test_type_int ... ok
test low_coverage_tests18::common_message_tests::test_message_size ... ok
test low_coverage_tests18::compiler_hir_more_tests::test_hir_expr_size ... ok
test low_coverage_tests18::compiler_hir_more_tests::test_hir_function_size ... ok
test low_coverage_tests18::compiler_hir_more_tests::test_hir_module_size ... ok
test low_coverage_tests18::compiler_hir_more_tests::test_hir_stmt_size ... ok
test low_coverage_tests18::compiler_mir_extended_tests::test_block_id_tuple ... ok
test low_coverage_tests18::compiler_mir_extended_tests::test_effect_set_size ... ok
test low_coverage_tests18::compiler_mir_extended_tests::test_effect_size ... ok
test low_coverage_tests18::compiler_mir_extended_tests::test_terminator_size ... ok
test low_coverage_tests18::compiler_newtypes_tests::test_class_name_size ... ok
test low_coverage_tests18::compiler_newtypes_tests::test_enum_type_name_size ... ok
test low_coverage_tests18::compiler_resolver_tests::test_directory_manifest_size ... ok
test low_coverage_tests18::compiler_resolver_tests::test_module_resolver_size ... ok
test low_coverage_tests18::compiler_resolver_tests::test_resolved_module_size ... ok
test low_coverage_tests18::compiler_value_extended_tests::test_borrow_mut_value_size ... ok
test low_coverage_tests18::compiler_value_extended_tests::test_borrow_value_size ... ok
test low_coverage_tests18::compiler_value_extended_tests::test_channel_value_size ... ok
test low_coverage_tests18::compiler_value_extended_tests::test_future_value_size ... ok
test low_coverage_tests18::compiler_value_extended_tests::test_generator_state_size ... ok
test low_coverage_tests18::compiler_value_extended_tests::test_generator_value_size ... ok
test low_coverage_tests18::compiler_value_extended_tests::test_manual_handle_value_size ... ok
test low_coverage_tests18::compiler_value_extended_tests::test_manual_shared_value_size ... ok
test low_coverage_tests18::compiler_value_extended_tests::test_manual_unique_value_size ... ok
test low_coverage_tests18::compiler_value_extended_tests::test_manual_weak_value_size ... ok
test low_coverage_tests18::compiler_value_extended_tests::test_thread_pool_value_size ... ok
test low_coverage_tests18::dep_tracker_symbol_tests::test_symbol_id_size ... ok
test low_coverage_tests18::dep_tracker_symbol_tests::test_symbol_kind_size ... ok
test low_coverage_tests18::dep_tracker_symbol_tests::test_symbol_size ... ok
test low_coverage_tests18::driver_runner_tests::test_runner_size ... ok
test low_coverage_tests18::loader_arch_validate_tests::test_arch_validator_new ... ok
test low_coverage_tests18::loader_arch_validate_tests::test_arch_validator_size ... ok
test low_coverage_tests18::loader_cross_test_extended_tests::test_ci_config_size ... ok
test low_coverage_tests18::loader_cross_test_extended_tests::test_test_outcome_size ... ok
test low_coverage_tests18::loader_package_tests::test_manifest_section_size ... ok
test low_coverage_tests18::loader_package_tests::test_package_trailer_size ... ok
test low_coverage_tests18::loader_settlement_more_tests::test_settlement_error_size ... ok
test low_coverage_tests18::loader_settlement_more_tests::test_slot_allocator_size ... ok
test low_coverage_tests18::loader_settlement_more_tests::test_slot_range_size ... ok
test low_coverage_tests18::loader_startup_tests::test_loaded_settlement_size ... ok
test low_coverage_tests18::loader_startup_tests::test_startup_error_size ... ok
test low_coverage_tests18::loader_startup_tests::test_startup_loader_size ... ok
test low_coverage_tests18::parser_macro_tests::test_macro_arg_size ... ok
test low_coverage_tests18::parser_macro_tests::test_macro_def_size ... ok
test low_coverage_tests18::parser_macro_tests::test_macro_invocation_size ... ok
test low_coverage_tests18::parser_match_tests::test_match_arm_size ... ok
test low_coverage_tests18::parser_module_tests::test_import_target_size ... ok
test low_coverage_tests18::parser_module_tests::test_module_path_size ... ok
test low_coverage_tests18::parser_module_tests::test_use_stmt_size ... ok
test low_coverage_tests18::parser_node_tests::test_node_size ... ok
test low_coverage_tests18::parser_stmt_size_tests::test_break_stmt_size ... ok
test low_coverage_tests18::parser_stmt_size_tests::test_continue_stmt_size ... ok
test low_coverage_tests18::parser_stmt_size_tests::test_return_stmt_size ... ok
test low_coverage_tests18::parser_stmt_size_tests::test_with_stmt_size ... ok
test low_coverage_tests18::pkg_version_extended_tests::test_version_comparison ... ok
test low_coverage_tests18::pkg_version_extended_tests::test_version_display ... ok
test low_coverage_tests18::pkg_version_extended_tests::test_version_parse ... ok
test low_coverage_tests18::pkg_version_extended_tests::test_version_req_parse ... ok
test low_coverage_tests18::runtime_concurrency_extended_tests::test_message_bytes ... ok
test low_coverage_tests18::runtime_concurrency_extended_tests::test_message_value ... ok
test low_coverage_tests18::runtime_executor_extended_tests::test_async_mode_manual ... ok
test low_coverage_tests18::runtime_executor_extended_tests::test_async_mode_threaded ... ok
test low_coverage_tests18::runtime_executor_extended_tests::test_promise_state_fulfilled ... ok
test low_coverage_tests18::runtime_executor_extended_tests::test_promise_state_pending ... ok
test low_coverage_tests18::runtime_executor_extended_tests::test_promise_state_rejected ... ok
test low_coverage_tests19::common_handle_tests::test_actor_handle_size ... ok
test low_coverage_tests19::common_manual_extended_tests::test_borrow_state_size ... ok
test low_coverage_tests19::common_manual_extended_tests::test_gc_state_size ... ok
test low_coverage_tests19::common_manual_extended_tests::test_nat_size ... ok
test low_coverage_tests19::compiler_bridge_tests::test_bridge_value_size ... ok
test low_coverage_tests19::compiler_compilability_tests::test_compilability_status_size ... ok
test low_coverage_tests19::compiler_compilability_tests::test_fallback_reason_size ... ok
test low_coverage_tests19::compiler_coverage_extended_tests::test_coverage_collector_size ... ok
test low_coverage_tests19::compiler_hir_contract_tests::test_hir_contract_clause_size ... ok
test low_coverage_tests19::compiler_hir_contract_tests::test_hir_contract_size ... ok
test low_coverage_tests19::compiler_project_tests::test_project_context_size ... ok
test low_coverage_tests19::loader_error_tests::test_load_error_size ... ok
test low_coverage_tests19::loader_settlement_extended_tests::test_settlement_linker_size ... ok
test low_coverage_tests19::loader_settlement_extended_tests::test_settlement_module_size ... ok
test low_coverage_tests19::loader_smf_extended_tests::test_relocation_type_plt32 ... ok
test low_coverage_tests19::loader_smf_extended_tests::test_section_type_bss ... ok
test low_coverage_tests19::loader_smf_extended_tests::test_section_type_strtab ... ok
test low_coverage_tests19::loader_smf_extended_tests::test_section_type_symtab ... ok
test low_coverage_tests19::loader_smf_extended_tests::test_smf_relocation_default ... ok
test low_coverage_tests19::loader_smf_extended_tests::test_smf_section_default ... ok
test low_coverage_tests19::loader_symbol_tests::test_smf_symbol_default ... ok
test low_coverage_tests19::loader_symbol_tests::test_symbol_binding_size ... ok
test low_coverage_tests19::loader_symbol_tests::test_symbol_type_size ... ok
test low_coverage_tests19::parser_assignment_tests::test_assignment_stmt_size ... ok
test low_coverage_tests19::parser_associated_tests::test_associated_type_def_size ... ok
test low_coverage_tests19::parser_associated_tests::test_associated_type_impl_size ... ok
test low_coverage_tests19::parser_bitfield_tests::test_bitfield_def_size ... ok
test low_coverage_tests19::parser_bitfield_tests::test_bitfield_field_size ... ok
test low_coverage_tests19::parser_bounds_tests::test_bounds_block_size ... ok
test low_coverage_tests19::parser_bounds_tests::test_bounds_kind_size ... ok
test low_coverage_tests19::parser_capability_tests::test_capability_size ... ok
test low_coverage_tests19::parser_context_tests::test_context_stmt_size ... ok
test low_coverage_tests19::parser_contract_tests::test_contract_clause_size ... ok
test low_coverage_tests19::parser_contract_tests::test_invariant_block_size ... ok
test low_coverage_tests19::parser_handle_pool_tests::test_handle_pool_def_size ... ok
test low_coverage_tests19::parser_lambda_tests::test_lambda_param_size ... ok
test low_coverage_tests19::parser_macro_extended_tests::test_macro_contract_item_size ... ok
test low_coverage_tests19::parser_macro_extended_tests::test_macro_contract_types_size ... ok
test low_coverage_tests19::parser_macro_extended_tests::test_macro_param_size ... ok
test low_coverage_tests19::parser_macro_extended_tests::test_macro_stmt_size ... ok
test low_coverage_tests19::parser_more_stmt_tests::test_const_stmt_size ... ok
test low_coverage_tests19::parser_more_stmt_tests::test_extern_def_size ... ok
test low_coverage_tests19::parser_more_stmt_tests::test_loop_stmt_size ... ok
test low_coverage_tests19::parser_unit_tests::test_compound_unit_def_size ... ok
test low_coverage_tests19::parser_use_stmt_tests::test_auto_import_stmt_size ... ok
test low_coverage_tests19::parser_use_stmt_tests::test_common_use_stmt_size ... ok
test low_coverage_tests19::parser_use_stmt_tests::test_export_use_stmt_size ... ok
test low_coverage_tests19::pkg_cache_tests::test_cache_size ... ok
test low_coverage_tests19::pkg_cache_tests::test_linker_size ... ok
test low_coverage_tests19::runtime_contract_tests::test_runtime_contract_violation_size ... ok
test low_coverage_tests19::runtime_memory_extended_tests::test_heap_header_size ... ok
test low_coverage_tests20::common_config_env_tests::test_config_env_default ... ok
test low_coverage_tests20::common_config_env_tests::test_config_env_size ... ok
test low_coverage_tests20::compiler_async_lowering_tests::test_async_lowering_size ... ok
test low_coverage_tests20::compiler_async_lowering_tests::test_async_state_size ... ok
test low_coverage_tests20::compiler_generator_lowering_tests::test_generator_lowering_size ... ok
test low_coverage_tests20::compiler_hir_extended_tests::test_hir_refined_type_size ... ok
test low_coverage_tests20::compiler_hir_extended_tests::test_hir_type_invariant_size ... ok
test low_coverage_tests20::loader_cross_compile_error_tests::test_cross_compile_error_size ... ok
test low_coverage_tests20::loader_indirection_table_tests::test_indirection_table_size ... ok
test low_coverage_tests20::loader_link_result_tests::test_link_result_size ... ok
test low_coverage_tests20::loader_memory_protection_tests::test_protection_size ... ok
test low_coverage_tests20::loader_symbol_extended_tests::test_exported_symbol_size ... ok
test low_coverage_tests20::loader_symbol_extended_tests::test_imported_symbol_size ... ok
test low_coverage_tests20::parser_arithmetic_tests::test_binary_arithmetic_op_size ... ok
test low_coverage_tests20::parser_arithmetic_tests::test_binary_arithmetic_rule_size ... ok
test low_coverage_tests20::parser_arithmetic_tests::test_unary_arithmetic_op_size ... ok
test low_coverage_tests20::parser_arithmetic_tests::test_unary_arithmetic_rule_size ... ok
test low_coverage_tests20::parser_arithmetic_tests::test_unit_arithmetic_size ... ok
test low_coverage_tests20::parser_bitfield_extended_tests::test_bitfield_constant_size ... ok
test low_coverage_tests20::parser_bounds_extended_tests::test_bounds_atom_size ... ok
test low_coverage_tests20::parser_bounds_extended_tests::test_bounds_case_size ... ok
test low_coverage_tests20::parser_bounds_extended_tests::test_bounds_pattern_size ... ok
test low_coverage_tests20::parser_mode_tests::test_parser_mode_size ... ok
test low_coverage_tests20::parser_repr_tests::test_repr_type_size ... ok
test low_coverage_tests20::parser_repr_tests::test_unit_repr_constraints_size ... ok
test low_coverage_tests20::parser_repr_tests::test_unit_with_repr_size ... ok
test low_coverage_tests20::parser_static_tests::test_requires_capabilities_stmt_size ... ok
test low_coverage_tests20::parser_static_tests::test_static_stmt_size ... ok
test low_coverage_tests20::parser_type_alias_tests::test_refinement_type_size ... ok
test low_coverage_tests20::parser_type_alias_tests::test_type_alias_def_size ... ok
test low_coverage_tests20::parser_type_alias_tests::test_where_bound_size ... ok
test low_coverage_tests20::parser_unit_def_tests::test_unit_def_size ... ok
test low_coverage_tests20::parser_unit_def_tests::test_unit_expr_size ... ok
test low_coverage_tests20::parser_unit_def_tests::test_unit_family_def_size ... ok
test low_coverage_tests20::parser_unit_def_tests::test_unit_variant_size ... ok
test low_coverage_tests20::runtime_closure_tests::test_runtime_closure_size ... ok
test low_coverage_tests20::runtime_enum_tests::test_runtime_enum_size ... ok
test low_coverage_tests20::runtime_heap_extended_tests::test_heap_object_type_size ... ok
test low_coverage_tests21::common_actor_extended_tests::test_actor_handle_size ... ok
test low_coverage_tests21::common_target_extended_tests::test_target_config_size ... ok
test low_coverage_tests21::common_target_extended_tests::test_target_parse_error_size ... ok
test low_coverage_tests21::compiler_backend_tests::test_backend_error_size ... ok
test low_coverage_tests21::compiler_backend_tests::test_backend_kind_size ... ok
test low_coverage_tests21::compiler_backend_tests::test_backend_settings_size ... ok
test low_coverage_tests21::compiler_compilability_more_tests::test_compilability_status_variants ... ok
test low_coverage_tests21::compiler_compilability_more_tests::test_fallback_reason_variants ... ok
test low_coverage_tests21::compiler_context_tests::test_contract_context_size ... ok
test low_coverage_tests21::compiler_context_tests::test_loop_context_size ... ok
test low_coverage_tests21::compiler_coverage_more_tests::test_coverage_collector_new ... ok
test low_coverage_tests21::compiler_hir_more_tests::test_hir_function_size ... ok
test low_coverage_tests21::compiler_hir_more_tests::test_hir_module_size ... ok
test low_coverage_tests21::compiler_hir_more_tests::test_hir_type_size ... ok
test low_coverage_tests21::compiler_jit_tests::test_jit_compiler_size ... ok
test low_coverage_tests21::compiler_lint_extended_tests::test_lint_checker_size ... ok
test low_coverage_tests21::compiler_lint_extended_tests::test_lint_diagnostic_size ... ok
test low_coverage_tests21::compiler_lint_extended_tests::test_lint_name_size ... ok
test low_coverage_tests21::compiler_lower_error_tests::test_mir_lower_error_size ... ok
test low_coverage_tests21::compiler_mir_more_tests::test_mir_function_size ... ok
test low_coverage_tests21::compiler_mir_more_tests::test_mir_module_size ... ok
test low_coverage_tests21::compiler_mir_more_tests::test_terminator_size ... ok
test low_coverage_tests21::compiler_type_extended_tests::test_type_size ... ok
test low_coverage_tests21::compiler_value_variant_extended_tests::test_builtin_class_size ... ok
test low_coverage_tests21::compiler_value_variant_extended_tests::test_method_lookup_result_size ... ok
test low_coverage_tests21::driver_jj_tests::test_jj_connector_size ... ok
test low_coverage_tests21::loader_memory_allocator_tests::test_executable_memory_size ... ok
test low_coverage_tests21::loader_native_lib_extended_tests::test_native_lib_builder_size ... ok
test low_coverage_tests21::loader_posix_allocator_tests::test_posix_allocator_size ... ok
test low_coverage_tests21::loader_smf_more_tests::test_smf_header_size ... ok
test low_coverage_tests21::loader_smf_more_tests::test_smf_relocation_size ... ok
test low_coverage_tests21::loader_smf_more_tests::test_smf_section_size ... ok
test low_coverage_tests21::loader_smf_more_tests::test_smf_symbol_size ... ok
test low_coverage_tests21::loader_startup_extended_tests::test_startup_error_size ... ok
test low_coverage_tests21::loader_startup_extended_tests::test_startup_loader_size ... ok
test low_coverage_tests21::runtime_gcless_tests::test_gcless_allocator_size ... ok
test low_coverage_tests22::common_message_tests::test_message_size ... ok
test low_coverage_tests22::compiler_env_extended_tests::test_env_size ... ok
test low_coverage_tests22::compiler_hir_expr_tests::test_hir_expr_size ... ok
test low_coverage_tests22::compiler_hir_expr_tests::test_hir_stmt_size ... ok
test low_coverage_tests22::compiler_module_resolver_extended_tests::test_module_resolver_size ... ok
test low_coverage_tests22::compiler_module_resolver_extended_tests::test_resolved_module_size ... ok
test low_coverage_tests22::compiler_monomorphize_table_tests::test_monomorphization_table_size ... ok
test low_coverage_tests22::compiler_monomorphizer_tests::test_monomorphizer_size ... ok
test low_coverage_tests22::compiler_outlined_body_tests::test_outlined_body_size ... ok
test low_coverage_tests22::compiler_pipeline_extended_tests::test_compile_error_size ... ok
test low_coverage_tests22::compiler_value_extended_tests::test_class_type_size ... ok
test low_coverage_tests22::compiler_value_extended_tests::test_special_enum_type_size ... ok
test low_coverage_tests22::compiler_value_extended_tests::test_value_size ... ok
test low_coverage_tests22::driver_runner_tests::test_run_result_size ... ok
test low_coverage_tests22::driver_runner_tests::test_runner_size ... ok
test low_coverage_tests22::compiler_pipeline_extended_tests::test_compiler_pipeline_size ... ok
test low_coverage_tests22::loader_module_tests::test_loaded_module_size ... ok
test low_coverage_tests22::loader_module_tests::test_module_loader_size ... ok
test low_coverage_tests22::loader_module_tests::test_module_registry_size ... ok
test low_coverage_tests22::loader_native_handle_tests::test_native_lib_config_size ... ok
test low_coverage_tests22::loader_settlement_builder_tests::test_settlement_builder_size ... ok
test low_coverage_tests22::pkg_manifest_tests::test_lock_file_size ... ok
test low_coverage_tests22::pkg_manifest_tests::test_manifest_size ... ok
test low_coverage_tests22::pkg_version_tests::test_version_req_size ... ok
test low_coverage_tests22::pkg_version_tests::test_version_size ... ok
test low_coverage_tests22::runtime_array_tests::test_runtime_array_size ... ok
test low_coverage_tests22::runtime_dict_tests::test_runtime_dict_size ... ok
test low_coverage_tests22::runtime_gc_tests::test_gc_runtime_size ... ok
test low_coverage_tests22::runtime_gc_tests::test_no_gc_allocator_size ... ok
test low_coverage_tests22::runtime_object_tests::test_runtime_object_size ... ok
test low_coverage_tests22::runtime_string_tests::test_runtime_string_size ... ok
test low_coverage_tests22::runtime_tuple_tests::test_runtime_tuple_size ... ok
test low_coverage_tests22::runtime_value_tests::test_runtime_value_size ... ok
test low_coverage_tests22::type_crate_tests::test_substitution_size ... ok
test low_coverage_tests22::type_crate_tests::test_type_scheme_size ... ok
test low_coverage_tests22::type_crate_tests::test_type_size ... ok
test low_coverage_tests23::compiler_async_value_tests::test_channel_value_size ... ok
test low_coverage_tests23::compiler_async_value_tests::test_future_value_size ... ok
test low_coverage_tests23::compiler_async_value_tests::test_generator_value_size ... ok
test low_coverage_tests23::compiler_block_id_tests::test_block_id_size ... ok
test low_coverage_tests23::compiler_borrow_value_tests::test_borrow_mut_value_size ... ok
test low_coverage_tests23::compiler_borrow_value_tests::test_borrow_value_size ... ok
test low_coverage_tests23::compiler_class_name_tests::test_class_name_size ... ok
test low_coverage_tests23::compiler_handle_value_tests::test_manual_handle_value_size ... ok
test low_coverage_tests23::compiler_lint_more_tests::test_lint_config_size ... ok
test low_coverage_tests23::compiler_lint_more_tests::test_lint_level_size ... ok
test low_coverage_tests23::compiler_lower_error_extended_tests::test_lower_error_size ... ok
test low_coverage_tests23::compiler_mir_effect_tests::test_effect_set_size ... ok
test low_coverage_tests23::compiler_mir_effect_tests::test_effect_size ... ok
test low_coverage_tests23::compiler_option_result_variant_tests::test_option_variant_size ... ok
test low_coverage_tests23::compiler_option_result_variant_tests::test_result_variant_size ... ok
test low_coverage_tests23::compiler_pointer_value_tests::test_manual_shared_value_size ... ok
test low_coverage_tests23::compiler_pointer_value_tests::test_manual_unique_value_size ... ok
test low_coverage_tests23::compiler_pointer_value_tests::test_manual_weak_value_size ... ok
test low_coverage_tests23::compiler_smf_write_error_tests::test_smf_write_error_size ... ok
test low_coverage_tests23::compiler_special_enum_kind_tests::test_special_enum_kind_size ... ok
test low_coverage_tests23::compiler_subtype_result_tests::test_subtype_result_size ... ok
test low_coverage_tests23::compiler_thread_pool_value_tests::test_thread_pool_value_size ... ok
test low_coverage_tests23::compiler_type_id_tests::test_type_id_size ... ok
test low_coverage_tests23::compiler_vreg_tests::test_vreg_size ... ok
test low_coverage_tests23::loader_cross_compile_tests::test_cross_compile_error_size ... ok
test low_coverage_tests23::loader_executable_memory_tests::test_executable_memory_new ... ok
test low_coverage_tests23::loader_settlement_slot_tests::test_slot_allocator_size ... ok
test low_coverage_tests23::loader_settlement_slot_tests::test_slot_range_size ... ok
test low_coverage_tests23::loader_table_index_tests::test_table_index_size ... ok
test low_coverage_tests23::pkg_cache_extended_tests::test_cache_new ... ok
test low_coverage_tests23::pkg_linker_extended_tests::test_linker_size ... ok
test low_coverage_tests23::runtime_channel_extended_tests::test_runtime_channel_size ... ok
test low_coverage_tests24::common_actor_tests::test_actor_handle_size ... ok
test low_coverage_tests24::common_actor_tests::test_message_size ... ok
test low_coverage_tests24::common_actor_tests::test_thread_spawner_size ... ok
test low_coverage_tests24::common_manual_mem_tests::test_handle_pool_size ... ok
test low_coverage_tests24::common_manual_mem_tests::test_handle_size ... ok
test low_coverage_tests24::common_manual_mem_tests::test_manual_gc_size ... ok
test low_coverage_tests24::common_manual_mem_tests::test_shared_size ... ok
test low_coverage_tests24::common_manual_mem_tests::test_unique_size ... ok
test low_coverage_tests24::common_manual_mem_tests::test_weak_ptr_size ... ok
test low_coverage_tests24::common_runtime_symbols_tests::test_abi_version_size ... ok
test low_coverage_tests24::common_target_tests::test_pointer_size_size ... ok
test low_coverage_tests24::common_target_tests::test_target_arch_size ... ok
test low_coverage_tests24::common_target_tests::test_target_config_size ... ok
test low_coverage_tests24::common_target_tests::test_target_os_size ... ok
test low_coverage_tests24::common_target_tests::test_target_parse_error_size ... ok
test low_coverage_tests24::common_target_tests::test_target_size ... ok
test low_coverage_tests24::dep_tracker_graph_tests::test_cyclic_dependency_error_size ... ok
test low_coverage_tests24::dep_tracker_graph_tests::test_import_edge_size ... ok
test low_coverage_tests24::dep_tracker_graph_tests::test_import_graph_size ... ok
test low_coverage_tests24::dep_tracker_graph_tests::test_import_kind_size ... ok
test low_coverage_tests24::dep_tracker_macro_import_tests::test_auto_import_size ... ok
test low_coverage_tests24::dep_tracker_macro_import_tests::test_macro_dir_manifest_size ... ok
test low_coverage_tests24::dep_tracker_macro_import_tests::test_macro_exports_size ... ok
test low_coverage_tests24::dep_tracker_macro_import_tests::test_macro_symbol_size ... ok
test low_coverage_tests24::dep_tracker_macro_import_tests::test_sym_kind_size ... ok
test low_coverage_tests24::dep_tracker_resolution_tests::test_file_kind_size ... ok
test low_coverage_tests24::dep_tracker_resolution_tests::test_file_system_size ... ok
test low_coverage_tests24::dep_tracker_resolution_tests::test_mod_path_size ... ok
test low_coverage_tests24::dep_tracker_resolution_tests::test_resolution_result_size ... ok
test low_coverage_tests24::dep_tracker_resolution_tests::test_segment_size ... ok
test low_coverage_tests24::dep_tracker_symbol_tests::test_symbol_entry_size ... ok
test low_coverage_tests24::dep_tracker_symbol_tests::test_symbol_kind_size ... ok
test low_coverage_tests24::dep_tracker_symbol_tests::test_symbol_table_size ... ok
test low_coverage_tests24::dep_tracker_visibility_tests::test_effective_visibility_size ... ok
test low_coverage_tests24::dep_tracker_visibility_tests::test_dir_manifest_size ... ok
test low_coverage_tests24::dep_tracker_visibility_tests::test_mod_decl_size ... ok
test low_coverage_tests24::dep_tracker_visibility_tests::test_module_contents_size ... ok
test low_coverage_tests24::dep_tracker_visibility_tests::test_symbol_id_size ... ok
test low_coverage_tests24::dep_tracker_visibility_tests::test_symbol_size ... ok
test low_coverage_tests24::dep_tracker_visibility_tests::test_visibility_size ... ok
test low_coverage_tests24::driver_jj_state_tests::test_build_metadata_size ... ok
test low_coverage_tests24::driver_jj_state_tests::test_build_mode_size ... ok
test low_coverage_tests24::driver_jj_state_tests::test_jj_state_manager_size ... ok
test low_coverage_tests24::driver_jj_state_tests::test_test_level_size ... ok
test low_coverage_tests24::driver_jj_state_tests::test_test_metadata_size ... ok
test low_coverage_tests24::driver_simple_test_types::test_simple_test_file_size ... ok
test low_coverage_tests24::driver_simple_test_types::test_simple_test_result_size ... ok
test low_coverage_tests24::driver_simple_test_types::test_test_category_size ... ok
test low_coverage_tests24::driver_simple_test_types::test_test_failure_size ... ok
test low_coverage_tests2::test_async_effect_variants ... ok
test low_coverage_tests2::test_auto_import_new ... ok
test low_coverage_tests2::test_block_build_state_open ... ok
test low_coverage_tests2::test_block_build_state_sealed ... ok
test low_coverage_tests2::test_block_builder_finalize ... ok
test low_coverage_tests2::test_block_builder_new ... ok
test low_coverage_tests2::test_block_builder_seal ... ok
test low_coverage_tests2::test_block_id_creation ... ok
test low_coverage_tests2::test_block_id_equality ... ok
test low_coverage_tests2::test_block_id_hash ... ok
test low_coverage_tests2::test_call_target_blocking ... ok
test low_coverage_tests2::test_call_target_fs ... ok
test low_coverage_tests2::test_call_target_gc_allocating ... ok
test low_coverage_tests2::test_call_target_io ... ok
test low_coverage_tests2::test_call_target_net ... ok
test low_coverage_tests2::test_call_target_pure ... ok
test low_coverage_tests2::test_call_target_unsafe ... ok
test low_coverage_tests2::test_effect_is_async ... ok
test low_coverage_tests2::test_effect_is_fs ... ok
test low_coverage_tests2::test_effect_is_net ... ok
test low_coverage_tests2::test_effect_is_nogc ... ok
test low_coverage_tests2::test_effect_is_pure ... ok
test low_coverage_tests2::test_effect_set_append ... ok
test low_coverage_tests2::test_effect_set_new ... ok
test low_coverage_tests2::test_effect_set_push ... ok
test low_coverage_tests2::test_effect_variants ... ok
test low_coverage_tests2::test_explicit_import ... ok
test low_coverage_tests2::test_function_table_new ... ok
test low_coverage_tests2::test_function_table_with_capacity ... ok
test low_coverage_tests2::test_glob_import ... ok
test low_coverage_tests2::test_global_table_new ... ok
test low_coverage_tests2::test_global_table_with_capacity ... ok
test low_coverage_tests2::test_hir_type_bool ... ok
test low_coverage_tests2::test_hir_type_float ... ok
test low_coverage_tests2::test_hir_type_int ... ok
test low_coverage_tests2::test_hir_type_nil ... ok
test low_coverage_tests2::test_hir_type_string ... ok
test low_coverage_tests2::test_import_edge ... ok
test low_coverage_tests2::test_import_graph_add_import ... ok
test low_coverage_tests2::test_import_graph_add_module ... ok
test low_coverage_tests2::test_import_graph_add_use ... ok
test low_coverage_tests2::test_import_graph_check_cycles_no_cycle ... ok
test low_coverage_tests2::test_import_graph_check_cycles_with_cycle ... ok
test low_coverage_tests2::test_import_graph_imported_by ... ok
test low_coverage_tests2::test_import_graph_new ... ok
test low_coverage_tests2::test_import_graph_topological_order ... ok
test low_coverage_tests2::test_import_graph_transitive_imports ... ok
test low_coverage_tests2::test_import_kind_variants ... ok
test low_coverage_tests2::test_is_async_function ... ok
test low_coverage_tests2::test_is_auto_imported ... ok
test low_coverage_tests2::test_macro_dir_manifest_add_auto_import ... ok
test low_coverage_tests2::test_macro_dir_manifest_new ... ok
test low_coverage_tests2::test_macro_exports_add ... ok
test low_coverage_tests2::test_macro_exports_new ... ok
test low_coverage_tests2::test_macro_symbol_macro_def ... ok
test low_coverage_tests2::test_macro_symbol_new ... ok
test low_coverage_tests2::test_macro_symbol_value ... ok
test low_coverage_tests2::test_module_handle_as_usize ... ok
test low_coverage_tests2::test_module_handle_creation ... ok
test low_coverage_tests2::test_module_handle_invalid ... ok
test low_coverage_tests2::test_nogc_function ... ok
test low_coverage_tests2::test_nogc_instr_variants ... ok
test low_coverage_tests2::test_pipeline_safe_function ... ok
test low_coverage_tests2::test_settlement_error_display ... ok
test low_coverage_tests2::test_settlement_error_variants ... ok
test low_coverage_tests2::test_signedness ... ok
test low_coverage_tests2::test_slot_allocator_allocate ... ok
test low_coverage_tests2::test_slot_range_contains ... ok
test low_coverage_tests2::test_slot_allocator_allocate_full ... ok
test low_coverage_tests2::test_slot_range_creation ... ok
test low_coverage_tests2::test_slot_allocator_new ... ok
test low_coverage_tests2::test_slot_range_end ... ok
test low_coverage_tests2::test_slot_size_constants ... ok
test low_coverage_tests2::test_sym_kind_is_macro ... ok
test low_coverage_tests2::test_symbol_entry_aliased ... ok
test low_coverage_tests2::test_symbol_entry_imported ... ok
test low_coverage_tests2::test_symbol_entry_local ... ok
test low_coverage_tests2::test_symbol_kind_is_macro ... ok
test low_coverage_tests2::test_symbol_table_contains ... ok
test low_coverage_tests2::test_symbol_table_define ... ok
test low_coverage_tests2::test_symbol_table_lookup ... ok
test low_coverage_tests2::test_symbol_table_macros ... ok
test low_coverage_tests2::test_symbol_table_new ... ok
test low_coverage_tests2::test_symbol_table_public_symbols ... ok
test low_coverage_tests2::test_table_index ... ok
test low_coverage_tests2::test_terminator_branch ... ok
test low_coverage_tests2::test_terminator_jump ... ok
test low_coverage_tests2::test_terminator_return_none ... ok
test low_coverage_tests2::test_terminator_return_value ... ok
test low_coverage_tests2::test_terminator_unreachable ... ok
test low_coverage_tests2::test_type_id_creation ... ok
test low_coverage_tests2::test_type_registry_get ... ok
test low_coverage_tests2::test_type_registry_new ... ok
test low_coverage_tests2::test_type_registry_register ... ok
test low_coverage_tests2::test_type_registry_register_named ... ok
test low_coverage_tests2::test_type_table_new ... ok
test low_coverage_tests2::test_type_table_with_capacity ... ok
test low_coverage_tests2::test_vreg_creation ... ok
test low_coverage_tests2::test_vreg_equality ... ok
test low_coverage_tests2::test_vreg_hash ... ok
test low_coverage_tests3::test_ancestor_visibility_all_public ... ok
test low_coverage_tests3::test_ancestor_visibility_empty ... ok
test low_coverage_tests3::test_ancestor_visibility_with_private ... ok
test low_coverage_tests3::test_dir_manifest_add_child ... ok
test low_coverage_tests3::test_dir_manifest_add_export ... ok
test low_coverage_tests3::test_dir_manifest_is_child_public ... ok
test low_coverage_tests3::test_dir_manifest_new ... ok
test low_coverage_tests3::test_effective_visibility_function ... ok
test low_coverage_tests3::test_effective_visibility_value ... ok
test low_coverage_tests3::test_file_kind_variants ... ok
test low_coverage_tests3::test_file_system_add_file ... ok
test low_coverage_tests3::test_file_system_from_paths ... ok
test low_coverage_tests3::test_file_system_new ... ok
test low_coverage_tests3::test_fstring_token_in_tokenKind ... ok
test low_coverage_tests3::test_fstring_token_variants ... ok
test low_coverage_tests3::test_lean_expr_add ... ok
test low_coverage_tests3::test_lean_expr_lit_bool ... ok
test low_coverage_tests3::test_lean_expr_lit_nat ... ok
test low_coverage_tests3::test_lean_expr_lit_str ... ok
test low_coverage_tests3::test_lean_infer_add ... ok
test low_coverage_tests3::test_lean_infer_bool ... ok
test low_coverage_tests3::test_lean_infer_nat ... ok
test low_coverage_tests3::test_lean_infer_str ... ok
test low_coverage_tests3::test_lean_ty_arrow ... ok
test low_coverage_tests3::test_lean_ty_bool ... ok
test cli_tests::test_cli_help ... ok
test low_coverage_tests3::test_lean_ty_nat ... ok
test low_coverage_tests3::test_lean_ty_str ... ok
test low_coverage_tests3::test_mod_decl_new ... ok
test low_coverage_tests3::test_mod_decl_private ... ok
test low_coverage_tests3::test_mod_decl_public ... ok
test low_coverage_tests3::test_mod_path_empty ... ok
test low_coverage_tests3::test_mod_path_is_absolute ... ok
test low_coverage_tests3::test_mod_path_new ... ok
test low_coverage_tests3::test_mod_path_parse ... ok
test low_coverage_tests3::test_mod_path_without_crate_prefix ... ok
test low_coverage_tests3::test_module_contents_add_symbol ... ok
test low_coverage_tests3::test_module_contents_new ... ok
test low_coverage_tests3::test_numeric_suffix_variants ... ok
test low_coverage_tests3::test_resolution_result_ambiguous ... ok
test low_coverage_tests3::test_resolution_result_not_found ... ok
test low_coverage_tests3::test_resolution_result_unique ... ok
test low_coverage_tests3::test_resolve_ambiguous ... ok
test low_coverage_tests3::test_resolve_found_directory ... ok
test low_coverage_tests3::test_resolve_found_file ... ok
test low_coverage_tests3::test_resolve_not_found ... ok
test low_coverage_tests3::test_segment_empty_name ... ok
test low_coverage_tests3::test_segment_new ... ok
test low_coverage_tests3::test_span_equality ... ok
test low_coverage_tests3::test_span_new ... ok
test low_coverage_tests3::test_substitution_insert_and_get ... ok
test low_coverage_tests3::test_substitution_new ... ok
test low_coverage_tests3::test_symbol_id_new ... ok
test low_coverage_tests3::test_symbol_new ... ok
test low_coverage_tests3::test_symbol_private ... ok
test low_coverage_tests3::test_symbol_public ... ok
test low_coverage_tests3::test_to_dir_path ... ok
test low_coverage_tests3::test_to_file_path ... ok
test low_coverage_tests3::test_token_creation ... ok
test low_coverage_tests3::test_token_kind_delimiters ... ok
test low_coverage_tests3::test_token_kind_keywords ... ok
test low_coverage_tests3::test_token_kind_literals ... ok
test low_coverage_tests3::test_token_kind_operators ... ok
test low_coverage_tests3::test_token_kind_raw_string ... ok
test low_coverage_tests3::test_token_kind_symbol ... ok
test low_coverage_tests3::test_token_kind_typed_literals ... ok
test low_coverage_tests3::test_type_apply_subst ... ok
test low_coverage_tests3::test_type_bool ... ok
test low_coverage_tests3::test_type_checker_new ... ok
test low_coverage_tests3::test_type_contains_var ... ok
test low_coverage_tests3::test_type_error_mismatch ... ok
test low_coverage_tests3::test_type_error_occurs_check ... ok
test low_coverage_tests3::test_type_error_other ... ok
test low_coverage_tests3::test_type_error_undefined ... ok
test low_coverage_tests3::test_type_float ... ok
test low_coverage_tests3::test_type_function ... ok
test low_coverage_tests3::test_type_int ... ok
test low_coverage_tests3::test_type_nil ... ok
test low_coverage_tests3::test_type_scheme_mono ... ok
test low_coverage_tests3::test_type_scheme_poly ... ok
test low_coverage_tests3::test_type_str ... ok
test low_coverage_tests3::test_type_var ... ok
test low_coverage_tests3::test_visibility_meet_private_private ... ok
test low_coverage_tests3::test_visibility_meet_private_public ... ok
test low_coverage_tests3::test_visibility_meet_public_private ... ok
test low_coverage_tests3::test_visibility_meet_public_public ... ok
test low_coverage_tests3::test_well_formed_empty ... ok
test low_coverage_tests4::test_block_id_creation ... ok
test low_coverage_tests4::test_block_id_equality ... ok
test low_coverage_tests4::test_borrow_state_is_valid_unborrowed ... ok
test low_coverage_tests4::test_borrow_state_multiple_shared ... ok
test low_coverage_tests4::test_borrow_state_new ... ok
test low_coverage_tests4::test_borrow_state_release_exclusive ... ok
test low_coverage_tests4::test_borrow_state_release_shared ... ok
test low_coverage_tests4::test_borrow_state_take_exclusive ... ok
test low_coverage_tests4::test_borrow_state_take_shared ... ok
test low_coverage_tests4::test_borrow_state_to_valid ... ok
test low_coverage_tests4::test_check_async_violation_ok ... ok
test low_coverage_tests4::test_check_effect_violations_ok ... ok
test low_coverage_tests4::test_check_pure_violation_ok ... ok
test low_coverage_tests4::test_concrete_type_array ... ok
test low_coverage_tests4::test_concrete_type_bool ... ok
test low_coverage_tests4::test_concrete_type_float ... ok
test low_coverage_tests4::test_concrete_type_int ... ok
test low_coverage_tests4::test_concrete_type_string ... ok
test low_coverage_tests4::test_doctest_example_creation ... ok
test low_coverage_tests4::test_doctest_result_creation ... ok
test low_coverage_tests4::test_doctest_status_failed ... ok
test low_coverage_tests4::test_doctest_status_passed ... ok
test low_coverage_tests4::test_expected_empty ... ok
test low_coverage_tests4::test_expected_error ... ok
test low_coverage_tests4::test_expected_output ... ok
test low_coverage_tests4::test_gc_state_allocate ... ok
test low_coverage_tests4::test_gc_state_borrow ... ok
test low_coverage_tests4::test_gc_state_collect_safe ... ok
test low_coverage_tests4::test_gc_state_is_safe_empty ... ok
test low_coverage_tests4::test_gc_state_new ... ok
test low_coverage_tests4::test_gc_state_release ... ok
test low_coverage_tests4::test_has_side_effects ... ok
test low_coverage_tests4::test_is_blocking_operation ... ok
test low_coverage_tests4::test_is_definition_like_assignment ... ok
test low_coverage_tests4::test_is_definition_like_comparison ... ok
test low_coverage_tests4::test_is_definition_like_control ... ok
test low_coverage_tests4::test_is_definition_like_expression ... ok
test low_coverage_tests4::test_is_definition_like_fn ... ok
test low_coverage_tests4::test_is_definition_like_let ... ok
test low_coverage_tests4::test_is_definition_like_struct ... ok
test low_coverage_tests4::test_is_fs_operation ... ok
test low_coverage_tests4::test_is_io_operation ... ok
test low_coverage_tests4::test_is_net_operation ... ok
test low_coverage_tests4::test_mir_inst_const_bool ... ok
test low_coverage_tests4::test_mir_inst_const_float ... ok
test low_coverage_tests4::test_mir_inst_const_int ... ok
test low_coverage_tests4::test_mir_inst_copy ... ok
test low_coverage_tests4::test_monomorphization_table_new ... ok
test low_coverage_tests4::test_nat_from_usize ... ok
test low_coverage_tests4::test_nat_into_usize ... ok
test low_coverage_tests4::test_nat_is_zero ... ok
test low_coverage_tests4::test_nat_new ... ok
test low_coverage_tests4::test_nat_pred ... ok
test low_coverage_tests4::test_nat_succ ... ok
test low_coverage_tests4::test_nat_zero ... ok
test low_coverage_tests4::test_specialization_key_creation ... ok
test low_coverage_tests4::test_specialization_key_with_types ... ok
test low_coverage_tests4::test_valid_borrow_state_exclusive ... ok
test low_coverage_tests4::test_valid_borrow_state_release_exclusive ... ok
test low_coverage_tests4::test_valid_borrow_state_shared ... ok
test low_coverage_tests4::test_valid_borrow_state_take_exclusive ... ok
test low_coverage_tests4::test_valid_borrow_state_take_shared ... ok
test low_coverage_tests4::test_valid_borrow_state_to_state ... ok
test low_coverage_tests4::test_valid_borrow_state_unborrowed ... ok
test low_coverage_tests4::test_vreg_creation ... ok
test low_coverage_tests4::test_vreg_equality ... ok
test low_coverage_tests5::test_abi_version_current ... ok
test low_coverage_tests5::test_abi_version_from_u32 ... ok
test low_coverage_tests5::test_abi_version_incompatible_major ... ok
test low_coverage_tests5::test_abi_version_is_compatible_minor_higher ... ok
test low_coverage_tests5::test_abi_version_is_compatible_same ... ok
test low_coverage_tests5::test_abi_version_new ... ok
test low_coverage_tests5::test_abi_version_roundtrip ... ok
test low_coverage_tests5::test_abi_version_to_u32 ... ok
test low_coverage_tests5::test_binding_step_variants ... ok
test low_coverage_tests5::test_build_event_all_tests_passed ... ok
test low_coverage_tests5::test_build_event_compilation_failed ... ok
test low_coverage_tests5::test_build_event_compilation_started ... ok
test low_coverage_tests5::test_build_event_compilation_succeeded ... ok
test low_coverage_tests5::test_build_event_test_failed ... ok
test low_coverage_tests5::test_build_event_test_passed ... ok
test low_coverage_tests5::test_build_event_test_started ... ok
test low_coverage_tests5::test_build_state_add_event ... ok
test low_coverage_tests5::test_build_state_default ... ok
test low_coverage_tests5::test_build_state_mark_compilation_success ... ok
test low_coverage_tests5::test_build_state_new ... ok
test low_coverage_tests5::test_build_state_set_test_results ... ok
test low_coverage_tests5::test_build_state_with_commit ... ok
test low_coverage_tests5::test_capture_mode_variants ... ok
test low_coverage_tests5::test_captured_var_creation ... ok
test low_coverage_tests5::test_contract_kind_variants ... ok
test low_coverage_tests5::test_fstring_part_variants ... ok
test low_coverage_tests5::test_gpu_atomic_op_variants ... ok
test low_coverage_tests5::test_gpu_memory_scope_variants ... ok
test low_coverage_tests5::test_mir_inst_gc_alloc ... ok
test low_coverage_tests5::test_mir_inst_get_element_ptr ... ok
test low_coverage_tests5::test_mir_inst_local_addr ... ok
test low_coverage_tests5::test_mir_inst_wait ... ok
test low_coverage_tests5::test_mir_literal_variants ... ok
test low_coverage_tests5::test_mir_pattern_binding ... ok
test low_coverage_tests5::test_mir_pattern_guard ... ok
test low_coverage_tests5::test_mir_pattern_literal ... ok
test low_coverage_tests5::test_mir_pattern_or ... ok
test low_coverage_tests5::test_mir_pattern_struct ... ok
test low_coverage_tests5::test_mir_pattern_tuple ... ok
test low_coverage_tests5::test_mir_pattern_union ... ok
test low_coverage_tests5::test_mir_pattern_variant ... ok
test low_coverage_tests5::test_mir_pattern_wildcard ... ok
test low_coverage_tests5::test_parallel_backend_variants ... ok
test low_coverage_tests5::test_pattern_binding_creation ... ok
test low_coverage_tests5::test_runtime_symbol_names_contains_array_new ... ok
test low_coverage_tests5::test_runtime_symbol_names_not_empty ... ok
test low_coverage_tests5::test_settlement_header_has_debug ... ok
test low_coverage_tests5::test_settlement_header_has_natives ... ok
test low_coverage_tests5::test_settlement_header_is_compressed ... ok
test low_coverage_tests5::test_settlement_header_is_executable ... ok
test low_coverage_tests5::test_settlement_header_is_reloadable ... ok
test low_coverage_tests5::test_settlement_header_is_valid ... ok
test low_coverage_tests5::test_settlement_header_new ... ok
test low_coverage_tests5::test_settlement_header_to_bytes_roundtrip ... ok
test low_coverage_tests5::test_state_store_default_path ... ok
test low_coverage_tests5::test_unit_overflow_behavior_variants ... ok
test low_coverage_tests6::diagnostic_tests::test_diagnostic_error ... ok
test low_coverage_tests6::diagnostic_tests::test_diagnostic_warning ... ok
test low_coverage_tests5::test_state_store_new ... ok
test low_coverage_tests6::diagnostic_tests::test_diagnostic_with_code ... ok
test low_coverage_tests6::diagnostic_tests::test_diagnostic_with_file ... ok
test low_coverage_tests5::test_state_store_clear ... ok
test low_coverage_tests6::diagnostic_tests::test_diagnostic_with_label ... ok
test low_coverage_tests5::test_state_store_latest ... ok
test low_coverage_tests6::diagnostic_tests::test_label_primary ... ok
test low_coverage_tests6::diagnostic_tests::test_label_secondary ... ok
test low_coverage_tests5::test_state_store_init ... ok
test low_coverage_tests6::diagnostic_tests::test_severity_error_color ... ok
test low_coverage_tests6::diagnostic_tests::test_severity_error_name ... ok
test low_coverage_tests6::diagnostic_tests::test_severity_help_color ... ok
test low_coverage_tests5::test_state_store_load_for_commit ... ok
test low_coverage_tests6::diagnostic_tests::test_severity_help_name ... ok
test low_coverage_tests6::diagnostic_tests::test_severity_note_color ... ok
test low_coverage_tests6::diagnostic_tests::test_severity_note_name ... ok
test low_coverage_tests5::test_state_store_store_and_load ... ok
test low_coverage_tests6::diagnostic_tests::test_severity_warning_color ... ok
test low_coverage_tests6::diagnostic_tests::test_severity_warning_name ... ok
test low_coverage_tests6::jj_state_tests::test_build_metadata_no_artifacts ... ok
test low_coverage_tests6::jj_state_tests::test_build_metadata_to_commit_message ... ok
test low_coverage_tests6::jj_state_tests::test_build_mode_debug_display ... ok
test low_coverage_tests6::jj_state_tests::test_build_mode_release_display ... ok
test low_coverage_tests6::jj_state_tests::test_jj_state_manager_default ... ok
test low_coverage_tests6::jj_state_tests::test_jj_state_manager_get_last_working_state_disabled ... ok
test low_coverage_tests6::jj_state_tests::test_jj_state_manager_snapshot_build_disabled ... ok
test low_coverage_tests6::jj_state_tests::test_jj_state_manager_snapshot_test_disabled ... ok
test low_coverage_tests6::jj_state_tests::test_jj_state_manager_with_non_jj_path ... ok
test low_coverage_tests6::jj_state_tests::test_test_level_all_display ... ok
test low_coverage_tests6::jj_state_tests::test_test_level_environment_display ... ok
test low_coverage_tests6::jj_state_tests::test_test_level_integration_display ... ok
test low_coverage_tests6::jj_state_tests::test_test_level_system_display ... ok
test low_coverage_tests6::jj_state_tests::test_test_level_unit_display ... ok
test low_coverage_tests6::jj_state_tests::test_test_metadata_to_commit_message ... ok
test low_coverage_tests6::package_constants_tests::test_magic_is_printable ... ok
test low_coverage_tests6::package_constants_tests::test_trailer_size_reasonable ... ok
test low_coverage_tests6::package_format_tests::test_crc32_different_data ... ok
test low_coverage_tests6::package_format_tests::test_crc32_empty ... ok
test low_coverage_tests6::package_format_tests::test_crc32_known_value ... ok
test cli_tests::test_cli_run_source ... ok
test low_coverage_tests6::package_format_tests::test_crc32_single_byte ... ok
test low_coverage_tests6::package_format_tests::test_manifest_section_default ... ok
test low_coverage_tests6::package_format_tests::test_manifest_section_from_bytes_too_short ... ok
test low_coverage_tests6::package_format_tests::test_manifest_section_no_lock ... ok
test low_coverage_tests6::package_format_tests::test_manifest_section_roundtrip ... ok
test low_coverage_tests6::package_format_tests::test_package_trailer_default ... ok
test low_coverage_tests6::package_format_tests::test_package_trailer_flags ... ok
test low_coverage_tests6::package_format_tests::test_package_trailer_from_bytes_invalid_magic ... ok
test low_coverage_tests6::package_format_tests::test_package_trailer_from_bytes_too_short ... ok
test low_coverage_tests6::package_format_tests::test_package_trailer_from_bytes_valid ... ok
test low_coverage_tests6::package_format_tests::test_package_trailer_new ... ok
test low_coverage_tests6::package_format_tests::test_package_trailer_read_from ... ok
test low_coverage_tests6::package_format_tests::test_package_trailer_to_bytes ... ok
test low_coverage_tests6::package_format_tests::test_package_trailer_write_to ... ok
test low_coverage_tests6::package_format_tests::test_resource_entry_creation ... ok
test low_coverage_tests6::package_format_tests::test_spk_flags ... ok
test low_coverage_tests6::package_format_tests::test_spk_magic_constant ... ok
test low_coverage_tests6::package_format_tests::test_spk_version_constant ... ok
test low_coverage_tests6::package_reader_tests::test_loaded_package_fields ... ok
test low_coverage_tests6::package_reader_tests::test_package_reader_default ... ok
test low_coverage_tests6::package_reader_tests::test_package_reader_new ... ok
test low_coverage_tests6::package_writer_tests::test_package_error_display ... ok
test low_coverage_tests6::package_writer_tests::test_package_error_from_io ... ok
test low_coverage_tests6::package_writer_tests::test_package_options_default ... ok
test low_coverage_tests6::package_writer_tests::test_package_options_executable ... ok
test low_coverage_tests6::package_writer_tests::test_package_options_library ... ok
test low_coverage_tests6::package_writer_tests::test_package_writer_default ... ok
test low_coverage_tests6::package_writer_tests::test_package_writer_new ... ok
test low_coverage_tests6::package_writer_tests::test_package_writer_with_options ... ok
test low_coverage_tests7::doc_gen_tests::test_doc_item_creation ... ok
test low_coverage_tests7::doc_gen_tests::test_doc_item_empty_doc ... ok
test low_coverage_tests7::doc_gen_tests::test_doc_item_kind_class ... ok
test low_coverage_tests7::doc_gen_tests::test_doc_item_kind_enum ... ok
test low_coverage_tests7::doc_gen_tests::test_doc_item_kind_function ... ok
test low_coverage_tests7::doc_gen_tests::test_doc_item_kind_struct ... ok
test low_coverage_tests7::doc_gen_tests::test_doc_item_kind_trait ... ok
test low_coverage_tests7::doc_gen_tests::test_module_docs_creation ... ok
test low_coverage_tests7::doc_gen_tests::test_module_docs_default ... ok
test low_coverage_tests7::doc_gen_tests::test_module_docs_to_html ... ok
test low_coverage_tests7::doc_gen_tests::test_module_docs_to_markdown ... ok
test low_coverage_tests7::settlement_container_tests::test_module_handle_as_usize ... ok
test low_coverage_tests7::settlement_container_tests::test_module_handle_creation ... ok
test low_coverage_tests7::settlement_container_tests::test_module_handle_is_valid ... ok
test low_coverage_tests7::settlement_container_tests::test_settlement_config_custom ... ok
test low_coverage_tests7::settlement_container_tests::test_settlement_config_default ... ok
test low_coverage_tests7::settlement_container_tests::test_settlement_error_code_region_full ... ok
test low_coverage_tests7::settlement_container_tests::test_settlement_error_data_region_full ... ok
test low_coverage_tests7::settlement_container_tests::test_settlement_error_dependency_cycle ... ok
test low_coverage_tests7::settlement_container_tests::test_settlement_error_has_dependents ... ok
test low_coverage_tests7::settlement_container_tests::test_settlement_error_invalid_module ... ok
test low_coverage_tests7::settlement_container_tests::test_settlement_error_memory_error ... ok
test low_coverage_tests7::settlement_container_tests::test_settlement_error_module_not_found ... ok
test low_coverage_tests7::settlement_container_tests::test_settlement_error_native_lib_error ... ok
test low_coverage_tests7::settlement_container_tests::test_slot_range_contains ... ok
test low_coverage_tests7::settlement_container_tests::test_slot_range_empty_not_overlaps ... ok
test low_coverage_tests7::settlement_container_tests::test_slot_range_end ... ok
test low_coverage_tests7::settlement_container_tests::test_slot_range_new ... ok
test low_coverage_tests7::settlement_container_tests::test_slot_range_overlaps ... ok
test low_coverage_tests7::simple_test_tests::test_category_default_is_unit ... ok
test low_coverage_tests7::simple_test_tests::test_category_fixture_from_path ... ok
test low_coverage_tests7::simple_test_tests::test_category_integration_from_path ... ok
test low_coverage_tests7::simple_test_tests::test_category_system_from_path ... ok
test low_coverage_tests7::simple_test_tests::test_category_unit_from_path ... ok
test low_coverage_tests7::simple_test_tests::test_simple_test_file_to_test_name ... ok
test low_coverage_tests7::simple_test_tests::test_simple_test_file_to_test_name_with_hyphens ... ok
test low_coverage_tests7::simple_test_tests::test_simple_test_result_compile_error_not_success ... ok
test low_coverage_tests7::simple_test_tests::test_simple_test_result_compile_error_summary ... ok
test low_coverage_tests7::simple_test_tests::test_discover_tests_empty_dir ... ok
test low_coverage_tests7::simple_test_tests::test_simple_test_result_fail_not_success ... ok
test low_coverage_tests7::simple_test_tests::test_simple_test_result_fail_summary ... ok
test low_coverage_tests7::simple_test_tests::test_simple_test_result_pass_is_success ... ok
test low_coverage_tests7::simple_test_tests::test_simple_test_result_pass_summary ... ok
test low_coverage_tests7::simple_test_tests::test_simple_test_result_runtime_error_not_success ... ok
test low_coverage_tests7::simple_test_tests::test_simple_test_result_runtime_error_summary ... ok
test low_coverage_tests7::simple_test_tests::test_simple_test_result_skipped_is_success ... ok
test low_coverage_tests7::simple_test_tests::test_simple_test_result_skipped_summary ... ok
test low_coverage_tests7::simple_test_tests::test_test_failure_creation ... ok
test low_coverage_tests7::simple_test_tests::test_test_failure_no_location ... ok
test low_coverage_tests7::type_checker_extended_tests::test_infer_deterministic_add ... ok
test low_coverage_tests7::type_checker_extended_tests::test_infer_deterministic_lit ... ok
test low_coverage_tests7::type_checker_extended_tests::test_infer_simple_nat ... ok
test low_coverage_tests7::type_checker_extended_tests::test_infer_simple_str ... ok
test low_coverage_tests7::type_checker_extended_tests::test_lean_expr_app ... ok
test low_coverage_tests7::type_checker_extended_tests::test_lean_expr_concat ... ok
test low_coverage_tests7::type_checker_extended_tests::test_lean_expr_lam ... ok
test low_coverage_tests7::type_checker_extended_tests::test_lean_infer_concat ... ok
test low_coverage_tests7::type_checker_extended_tests::test_lean_infer_if_else_bool ... ok
test low_coverage_tests7::type_checker_extended_tests::test_lean_infer_if_else_mismatched ... ok
test low_coverage_tests7::type_checker_extended_tests::test_lean_ty_arrow ... ok
test low_coverage_tests7::type_checker_extended_tests::test_substitution_compose ... ok
test low_coverage_tests7::type_checker_extended_tests::test_type_float ... ok
test low_coverage_tests7::type_checker_extended_tests::test_type_function_apply_subst ... ok
test low_coverage_tests7::type_checker_extended_tests::test_type_function_contains_var ... ok
test low_coverage_tests7::type_checker_extended_tests::test_type_nil ... ok
test low_coverage_tests7::type_error_tests::test_type_error_mismatch ... ok
test low_coverage_tests7::type_error_tests::test_type_error_occurs_check ... ok
test low_coverage_tests7::type_error_tests::test_type_error_other ... ok
test low_coverage_tests7::type_error_tests::test_type_error_undefined ... ok
test low_coverage_tests8::coverage_collector_tests::test_coverage_called_functions ... ok
test low_coverage_tests8::coverage_collector_tests::test_coverage_collector_new ... ok
test low_coverage_tests8::coverage_collector_tests::test_coverage_collector_new_for_test ... ok
test low_coverage_tests8::coverage_collector_tests::test_coverage_executed_files ... ok
test low_coverage_tests8::coverage_collector_tests::test_coverage_file_coverage_percentage ... ok
test low_coverage_tests8::coverage_collector_tests::test_coverage_has_data ... ok
test low_coverage_tests8::coverage_collector_tests::test_coverage_record_line ... ok
test low_coverage_tests8::coverage_collector_tests::test_coverage_is_line_executed ... ok
test low_coverage_tests8::coverage_collector_tests::test_coverage_lines_for_file ... ok
test low_coverage_tests8::coverage_collector_tests::test_coverage_stats ... ok
test low_coverage_tests8::coverage_collector_tests::test_coverage_merge ... ok
test low_coverage_tests8::coverage_collector_tests::test_coverage_record_ffi_call ... ok
test low_coverage_tests8::coverage_collector_tests::test_coverage_stats_struct ... ok
test low_coverage_tests8::coverage_collector_tests::test_coverage_summary_report ... ok
test low_coverage_tests8::coverage_collector_tests::test_coverage_record_function_call ... ok
test low_coverage_tests8::coverage_collector_tests::test_coverage_validate_minimum_coverage_pass ... ok
test low_coverage_tests8::coverage_collector_tests::test_coverage_was_file_executed ... ok
test low_coverage_tests8::coverage_collector_tests::test_coverage_validate_minimum_coverage_fail_lines ... ok
test low_coverage_tests8::coverage_collector_tests::test_coverage_was_function_called ... ok
test low_coverage_tests8::coverage_collector_tests::test_coverage_validate_minimum_coverage_fail_functions ... ok
test low_coverage_tests8::lean_type_tests::test_infer_deterministic ... ok
test low_coverage_tests8::lean_type_tests::test_infer_simple_alias ... ok
test low_coverage_tests8::lean_type_tests::test_lean_expr_add ... ok
test low_coverage_tests8::lean_type_tests::test_lean_expr_add_type_error ... ok
test low_coverage_tests8::lean_type_tests::test_lean_expr_app ... ok
test low_coverage_tests8::lean_type_tests::test_lean_expr_app_non_function ... ok
test low_coverage_tests8::lean_type_tests::test_lean_expr_app_wrong_arg_type ... ok
test low_coverage_tests8::lean_type_tests::test_lean_expr_concat ... ok
test low_coverage_tests8::lean_type_tests::test_lean_expr_concat_type_error ... ok
test low_coverage_tests8::lean_type_tests::test_lean_expr_if_else ... ok
test low_coverage_tests8::lean_type_tests::test_lean_expr_if_else_non_bool_condition ... ok
test low_coverage_tests8::lean_type_tests::test_lean_expr_if_else_type_mismatch ... ok
test low_coverage_tests8::lean_type_tests::test_lean_expr_lam ... ok
test low_coverage_tests8::lean_type_tests::test_lean_expr_lit_bool ... ok
test low_coverage_tests8::lean_type_tests::test_lean_expr_lit_nat ... ok
test low_coverage_tests8::lean_type_tests::test_lean_expr_lit_str ... ok
test low_coverage_tests8::lean_type_tests::test_lean_ty_arrow ... ok
test low_coverage_tests8::lean_type_tests::test_lean_ty_bool ... ok
test low_coverage_tests8::lean_type_tests::test_lean_ty_nat ... ok
test low_coverage_tests8::lean_type_tests::test_lean_ty_str ... ok
test low_coverage_tests8::package_reader_tests::test_package_reader_default ... ok
test low_coverage_tests8::package_reader_tests::test_package_reader_load_from_bytes_empty ... ok
test low_coverage_tests8::package_reader_tests::test_package_reader_load_from_bytes_invalid_magic ... ok
test low_coverage_tests8::package_reader_tests::test_package_reader_load_invalid_file ... ok
test low_coverage_tests8::package_reader_tests::test_package_reader_new ... ok
test low_coverage_tests8::package_reader_tests::test_package_trailer_flags ... ok
test low_coverage_tests8::package_reader_tests::test_package_trailer_new ... ok
test low_coverage_tests8::pkg_list_tests::test_format_tree_nested ... ok
test low_coverage_tests8::pkg_list_tests::test_format_tree_root_only ... ok
test low_coverage_tests8::pkg_list_tests::test_format_tree_with_children ... ok
test low_coverage_tests8::pkg_list_tests::test_format_tree_with_prefix ... ok
test low_coverage_tests8::pkg_list_tests::test_installed_package_struct ... ok
test low_coverage_tests8::pkg_list_tests::test_tree_node_leaf ... ok
test low_coverage_tests8::pkg_list_tests::test_tree_node_with_children ... ok
test low_coverage_tests8::type_generic_dict_tests::test_type_borrow_apply_subst ... ok
test low_coverage_tests8::type_generic_dict_tests::test_type_borrow_mut_apply_subst ... ok
test low_coverage_tests8::type_generic_dict_tests::test_type_contains_var_in_borrow ... ok
test low_coverage_tests8::type_generic_dict_tests::test_type_contains_var_in_borrow_mut ... ok
test low_coverage_tests8::type_generic_dict_tests::test_type_contains_var_in_dict ... ok
test low_coverage_tests8::type_generic_dict_tests::test_type_contains_var_in_generic ... ok
test low_coverage_tests8::type_generic_dict_tests::test_type_contains_var_in_optional ... ok
test low_coverage_tests8::type_generic_dict_tests::test_type_contains_var_in_simd ... ok
test low_coverage_tests8::type_generic_dict_tests::test_type_contains_var_in_union ... ok
test low_coverage_tests8::type_generic_dict_tests::test_type_dict_apply_subst ... ok
test low_coverage_tests8::type_generic_dict_tests::test_type_dyn_trait_no_subst ... ok
test low_coverage_tests8::type_generic_dict_tests::test_type_generic_apply_subst ... ok
test low_coverage_tests8::type_generic_dict_tests::test_type_named_no_subst ... ok
test low_coverage_tests8::type_generic_dict_tests::test_type_simd_apply_subst ... ok
test low_coverage_tests8::type_generic_dict_tests::test_type_type_param_no_subst ... ok
test low_coverage_tests8::type_unification_tests::test_substitution_compose ... ok
test low_coverage_tests8::type_unification_tests::test_substitution_compose_preserves_original ... ok
test low_coverage_tests8::type_unification_tests::test_substitution_insert_get ... ok
test low_coverage_tests8::type_unification_tests::test_substitution_new ... ok
test low_coverage_tests8::type_unification_tests::test_type_array_apply_subst ... ok
test low_coverage_tests8::type_unification_tests::test_type_bool_apply_subst ... ok
test low_coverage_tests8::type_unification_tests::test_type_checker_fresh_var ... ok
test low_coverage_tests8::type_unification_tests::test_type_checker_new ... ok
test low_coverage_tests8::type_unification_tests::test_type_checker_resolve ... ok
test low_coverage_tests8::type_unification_tests::test_type_checker_type_matches_union ... ok
test low_coverage_tests8::type_unification_tests::test_type_checker_types_compatible_arrays ... ok
test low_coverage_tests8::type_unification_tests::test_type_checker_types_compatible_primitives ... ok
test low_coverage_tests8::type_unification_tests::test_type_checker_types_compatible_with_var ... ok
test low_coverage_tests8::type_unification_tests::test_type_checker_unify_arrays ... ok
test low_coverage_tests8::type_unification_tests::test_type_checker_unify_arrays_different_elements ... ok
test low_coverage_tests8::type_unification_tests::test_type_checker_unify_different_primitives ... ok
test low_coverage_tests8::type_unification_tests::test_type_checker_unify_functions ... ok
test low_coverage_tests8::type_unification_tests::test_type_checker_unify_functions_different_params ... ok
test low_coverage_tests8::type_unification_tests::test_type_checker_unify_occurs_check ... ok
test low_coverage_tests8::type_unification_tests::test_type_checker_unify_same_primitives ... ok
test low_coverage_tests8::type_unification_tests::test_type_checker_unify_tuples ... ok
test low_coverage_tests8::type_unification_tests::test_type_checker_unify_tuples_different_length ... ok
test low_coverage_tests8::type_unification_tests::test_type_checker_unify_type_with_var ... ok
test low_coverage_tests8::type_unification_tests::test_type_checker_unify_var_with_type ... ok
test low_coverage_tests8::type_unification_tests::test_type_contains_var_false ... ok
test low_coverage_tests8::type_unification_tests::test_type_contains_var_in_array ... ok
test low_coverage_tests8::type_unification_tests::test_type_contains_var_in_function ... ok
test low_coverage_tests8::type_unification_tests::test_type_contains_var_in_tuple ... ok
test low_coverage_tests8::type_unification_tests::test_type_contains_var_true ... ok
test low_coverage_tests8::type_unification_tests::test_type_error_mismatch ... ok
test low_coverage_tests8::type_unification_tests::test_type_error_occurs_check ... ok
test low_coverage_tests8::type_unification_tests::test_type_error_other ... ok
test low_coverage_tests8::type_unification_tests::test_type_error_undefined ... ok
test low_coverage_tests8::type_unification_tests::test_type_float_apply_subst ... ok
test low_coverage_tests8::type_unification_tests::test_type_int_apply_subst ... ok
test low_coverage_tests8::type_unification_tests::test_type_function_apply_subst ... ok
test low_coverage_tests8::type_unification_tests::test_type_nil_apply_subst ... ok
test low_coverage_tests8::type_unification_tests::test_type_optional_apply_subst ... ok
test low_coverage_tests8::type_unification_tests::test_type_scheme_mono ... ok
test low_coverage_tests8::type_unification_tests::test_type_scheme_poly ... ok
test low_coverage_tests8::type_unification_tests::test_type_str_apply_subst ... ok
test low_coverage_tests8::type_unification_tests::test_type_tuple_apply_subst ... ok
test low_coverage_tests8::type_unification_tests::test_type_union_apply_subst ... ok
test low_coverage_tests8::type_unification_tests::test_type_var_apply_subst_no_mapping ... ok
test low_coverage_tests8::type_unification_tests::test_type_var_apply_subst_with_mapping ... ok
test low_coverage_tests9::compilability_tests::test_compilability_status_compilable ... ok
test low_coverage_tests9::compilability_tests::test_compilability_status_merge_compilable_with_compilable ... ok
test low_coverage_tests9::compilability_tests::test_compilability_status_merge_compilable_with_requires ... ok
test low_coverage_tests9::compilability_tests::test_compilability_status_merge_deduplicate ... ok
test low_coverage_tests9::compilability_tests::test_compilability_status_merge_requires_with_requires ... ok
test low_coverage_tests9::compilability_tests::test_compilability_status_requires_interpreter ... ok
test low_coverage_tests9::compilability_tests::test_fallback_reason_actor_ops ... ok
test low_coverage_tests9::compilability_tests::test_fallback_reason_async_await ... ok
test low_coverage_tests9::compilability_tests::test_fallback_reason_blocking_in_async ... ok
test low_coverage_tests9::compilability_tests::test_fallback_reason_clone ... ok
test low_coverage_tests9::compilability_tests::test_fallback_reason_closure ... ok
test low_coverage_tests9::compilability_tests::test_fallback_reason_collection_literal ... ok
test low_coverage_tests9::compilability_tests::test_fallback_reason_collection_ops ... ok
test low_coverage_tests9::compilability_tests::test_fallback_reason_context_block ... ok
test low_coverage_tests9::compilability_tests::test_fallback_reason_decorators ... ok
test low_coverage_tests9::compilability_tests::test_fallback_reason_dynamic_types ... ok
test low_coverage_tests9::compilability_tests::test_fallback_reason_field_access ... ok
test low_coverage_tests9::compilability_tests::test_fallback_reason_gc_in_nogc ... ok
test low_coverage_tests9::compilability_tests::test_fallback_reason_generator ... ok
test low_coverage_tests9::compilability_tests::test_fallback_reason_hash ... ok
test low_coverage_tests9::compilability_tests::test_fallback_reason_method_call ... ok
test low_coverage_tests9::compilability_tests::test_fallback_reason_not_yet_implemented ... ok
test low_coverage_tests9::compilability_tests::test_fallback_reason_object_construction ... ok
test low_coverage_tests9::compilability_tests::test_fallback_reason_pattern_match ... ok
test low_coverage_tests9::compilability_tests::test_fallback_reason_string_ops ... ok
test low_coverage_tests9::compilability_tests::test_fallback_reason_try_operator ... ok
test low_coverage_tests9::compilability_tests::test_fallback_reason_unknown_extern ... ok
test low_coverage_tests9::compilability_tests::test_fallback_reason_user_macros ... ok
test low_coverage_tests9::compilability_tests::test_fallback_reason_with_statement ... ok
test low_coverage_tests9::hir_types_tests::test_field_layout_struct ... ok
test low_coverage_tests9::hir_types_tests::test_hir_overflow_behavior_checked ... ok
test low_coverage_tests9::hir_types_tests::test_hir_overflow_behavior_default ... ok
test low_coverage_tests9::hir_types_tests::test_hir_overflow_behavior_saturate ... ok
test low_coverage_tests9::hir_types_tests::test_hir_overflow_behavior_wrap ... ok
test low_coverage_tests9::hir_types_tests::test_hir_pointer_kind_variants ... ok
test low_coverage_tests9::hir_types_tests::test_hir_type_array ... ok
test low_coverage_tests9::hir_types_tests::test_hir_type_bool ... ok
test low_coverage_tests9::hir_types_tests::test_hir_type_enum ... ok
test low_coverage_tests9::hir_types_tests::test_hir_type_float ... ok
test low_coverage_tests9::hir_types_tests::test_hir_type_function ... ok
test low_coverage_tests9::hir_types_tests::test_hir_type_int_signed ... ok
test low_coverage_tests9::hir_types_tests::test_hir_type_int_unsigned ... ok
test low_coverage_tests9::hir_types_tests::test_hir_type_nil ... ok
test low_coverage_tests9::hir_types_tests::test_hir_type_pointer ... ok
test low_coverage_tests9::hir_types_tests::test_hir_type_simd ... ok
test low_coverage_tests9::hir_types_tests::test_hir_type_string ... ok
test low_coverage_tests9::hir_types_tests::test_hir_type_struct ... ok
test low_coverage_tests9::hir_types_tests::test_hir_type_tuple ... ok
test low_coverage_tests9::hir_types_tests::test_hir_type_union ... ok
test low_coverage_tests9::hir_types_tests::test_hir_type_unit_type ... ok
test low_coverage_tests9::hir_types_tests::test_hir_type_unknown ... ok
test low_coverage_tests9::hir_types_tests::test_hir_type_void ... ok
test low_coverage_tests9::hir_types_tests::test_hir_unit_constraints_default ... ok
test low_coverage_tests9::hir_types_tests::test_hir_unit_constraints_with_range ... ok
test low_coverage_tests9::hir_types_tests::test_signedness_default ... ok
test low_coverage_tests9::hir_types_tests::test_signedness_signed ... ok
test low_coverage_tests9::hir_types_tests::test_signedness_unsigned ... ok
test low_coverage_tests9::hir_types_tests::test_type_id_constants ... ok
test low_coverage_tests9::hir_types_tests::test_type_id_is_known ... ok
test low_coverage_tests9::monomorphize_table_tests::test_monomorphization_table_default ... ok
test low_coverage_tests9::monomorphize_table_tests::test_monomorphization_table_get_specialized_function_none ... ok
test low_coverage_tests9::monomorphize_table_tests::test_monomorphization_table_has_pending_empty ... ok
test low_coverage_tests9::monomorphize_table_tests::test_monomorphization_table_mark_processed ... ok
test low_coverage_tests9::monomorphize_table_tests::test_monomorphization_table_new ... ok
test low_coverage_tests9::monomorphize_table_tests::test_monomorphization_table_pop_pending_class_empty ... ok
test low_coverage_tests9::monomorphize_table_tests::test_monomorphization_table_pop_pending_function_empty ... ok
test low_coverage_tests9::monomorphize_table_tests::test_monomorphization_table_pop_pending_struct_empty ... ok
test low_coverage_tests9::monomorphize_table_tests::test_monomorphization_table_specialized_classes_empty ... ok
test low_coverage_tests9::monomorphize_table_tests::test_monomorphization_table_specialized_functions_empty ... ok
test low_coverage_tests9::monomorphize_table_tests::test_monomorphization_table_specialized_structs_empty ... ok
test low_coverage_tests9::monomorphize_types_tests::test_concrete_type_array ... ok
test low_coverage_tests9::monomorphize_types_tests::test_concrete_type_bool ... ok
test low_coverage_tests9::monomorphize_types_tests::test_concrete_type_dict ... ok
test low_coverage_tests9::monomorphize_types_tests::test_concrete_type_float ... ok
test low_coverage_tests9::monomorphize_types_tests::test_concrete_type_function ... ok
test low_coverage_tests9::monomorphize_types_tests::test_concrete_type_int ... ok
test low_coverage_tests9::monomorphize_types_tests::test_concrete_type_named ... ok
test low_coverage_tests9::monomorphize_types_tests::test_concrete_type_nil ... ok
test low_coverage_tests9::monomorphize_types_tests::test_concrete_type_optional ... ok
test low_coverage_tests9::monomorphize_types_tests::test_concrete_type_pointer_borrow ... ok
test low_coverage_tests9::monomorphize_types_tests::test_concrete_type_pointer_borrow_mut ... ok
test low_coverage_tests9::monomorphize_types_tests::test_concrete_type_pointer_handle ... ok
test low_coverage_tests9::monomorphize_types_tests::test_concrete_type_pointer_shared ... ok
test low_coverage_tests9::monomorphize_types_tests::test_concrete_type_pointer_unique ... ok
test low_coverage_tests9::monomorphize_types_tests::test_concrete_type_pointer_weak ... ok
test low_coverage_tests9::monomorphize_types_tests::test_concrete_type_specialized ... ok
test low_coverage_tests9::monomorphize_types_tests::test_concrete_type_string ... ok
test low_coverage_tests9::monomorphize_types_tests::test_concrete_type_tuple ... ok
test low_coverage_tests9::monomorphize_types_tests::test_pointer_kind_variants ... ok
test low_coverage_tests9::monomorphize_types_tests::test_specialization_key_equality ... ok
test low_coverage_tests9::monomorphize_types_tests::test_specialization_key_hash ... ok
test low_coverage_tests9::monomorphize_types_tests::test_specialization_key_mangled_name_multiple_args ... ok
test low_coverage_tests9::monomorphize_types_tests::test_specialization_key_mangled_name_no_args ... ok
test low_coverage_tests9::monomorphize_types_tests::test_specialization_key_mangled_name_with_args ... ok
test low_coverage_tests9::monomorphize_types_tests::test_specialization_key_new ... ok
test low_coverage_tests9::monomorphize_types_tests::test_type_bindings_default ... ok
test low_coverage_tests9::monomorphize_types_tests::test_type_bindings_insert_get ... ok
test low_coverage_tests9::pkg_linker_tests::test_link_type_variants ... ok
test low_coverage_tests9::pkg_linker_tests::test_linked_package_struct ... ok
test low_coverage_tests9::pkg_linker_tests::test_linker_deps_dir ... ok
test low_coverage_tests9::pkg_linker_tests::test_linker_new ... ok
test low_coverage_tests::test_arch_validator_allow_any_platform ... ok
test low_coverage_tests::test_arch_validator_allow_cross_arch ... ok
test low_coverage_tests::test_arch_validator_for_target ... ok
test low_coverage_tests::test_arch_validator_new ... ok
test low_coverage_tests::test_arch_validator_validate_smf ... ok
test low_coverage_tests::test_compilability_compilable ... ok
test low_coverage_tests::test_compilability_requires_interpreter ... ok
test low_coverage_tests::test_cross_test_results_new ... ok
test low_coverage_tests::test_cross_test_results_record_fail ... ok
test low_coverage_tests::test_cross_test_results_record_pass ... ok
test low_coverage_tests::test_cross_test_results_record_skip ... ok
test low_coverage_tests::test_cross_test_results_summary ... ok
test low_coverage_tests::test_data_section_kind_default ... ok
test low_coverage_tests::test_data_section_kind_is_readonly ... ok
test low_coverage_tests::test_data_section_kind_to_flags ... ok
test low_coverage_tests::test_data_section_kind_to_section_type ... ok
test low_coverage_tests::test_directory_manifest_default ... ok
test low_coverage_tests::test_fallback_reason_debug ... ok
test low_coverage_tests::test_fallback_reason_variants ... ok
test low_coverage_tests::test_fallback_reason_with_string ... ok
test low_coverage_tests::test_hash_name ... ok
test low_coverage_tests::test_loader_smf_section_is_executable ... ok
test low_coverage_tests::test_loader_smf_section_is_writable ... ok
test low_coverage_tests::test_loader_smf_section_name_str ... ok
test low_coverage_tests::test_package_cache_default ... ok
test low_coverage_tests::test_package_cache_new ... ok
test low_coverage_tests::test_module_resolver_new ... ok
test low_coverage_tests::test_smf_header_has_debug_info ... ok
test low_coverage_tests::test_smf_header_is_compatible_arch ... ok
test low_coverage_tests::test_package_cache_at ... ok
test low_coverage_tests::test_smf_header_is_executable ... ok
test low_coverage_tests::test_package_cache_methods ... ok
test low_coverage_tests::test_smf_header_is_reloadable ... ok
test low_coverage_tests::test_smf_header_new_for_target ... ok
test low_coverage_tests::test_smf_header_read ... ok
test low_coverage_tests::test_smf_header_read_invalid_magic ... ok
test low_coverage_tests::test_smf_header_target_arch ... ok
test low_coverage_tests::test_smf_header_target_os ... ok
test low_coverage_tests::test_smf_writer_add_code_section ... ok
test low_coverage_tests::test_package_linker_new ... ok
test low_coverage_tests::test_smf_writer_add_data_section_mutable ... ok
test low_coverage_tests::test_project_context_features ... ok
test low_coverage_tests::test_smf_writer_add_data_section_readonly ... ok
test low_coverage_tests::test_smf_writer_add_mutable_data_section ... ok
test low_coverage_tests::test_project_context_lint_config ... ok
test low_coverage_tests::test_smf_writer_add_relocation ... ok
test low_coverage_tests::test_project_context_new_empty_dir ... ok
test low_coverage_tests::test_smf_writer_add_rodata_section ... ok
test low_coverage_tests::test_smf_writer_add_string ... ok
test low_coverage_tests::test_project_context_with_src_dir ... ok
test low_coverage_tests::test_smf_writer_add_symbol ... ok
test low_coverage_tests::test_project_context_with_manifest ... ok
test low_coverage_tests::test_smf_writer_default ... ok
test low_coverage_tests::test_smf_writer_new ... ok
test low_coverage_tests::test_smf_writer_write ... ok
test low_coverage_tests::test_symbol_table_exports ... ok
test low_coverage_tests::test_symbol_table_lookup ... ok
test low_coverage_tests::test_symbol_table_new ... ok
test low_coverage_tests::test_symbol_table_symbol_name ... ok
test low_coverage_tests::test_target_fixture_aarch64_linux ... ok
test low_coverage_tests::test_target_fixture_can_execute ... ok
test low_coverage_tests::test_target_fixture_mock_smf_header ... ok
test low_coverage_tests::test_target_fixture_new ... ok
test low_coverage_tests::test_target_fixture_x86_64_linux ... ok
test low_coverage_tests::test_test_matrix_comprehensive ... ok
test low_coverage_tests::test_test_matrix_fixtures ... ok
test low_coverage_tests::test_test_matrix_minimal ... ok
test low_coverage_tests::test_test_matrix_new ... ok
test low_coverage_tests::test_test_matrix_with_target ... ok
test low_coverage_tests::test_validation_result_ok ... ok
test low_coverage_tests::test_validation_result_summary ... ok
test memory_tests::test_compiler_pipeline_with_gc ... ok
test memory_tests::test_compile_to_readonly_dir ... ok
test memory_tests::test_arithmetic_large_multiplication ... ok
test memory_tests::test_compiler_long_expression ... ok
test memory_tests::test_gc_runtime_metrics ... ok
test memory_tests::test_lexer_brackets ... ok
test memory_tests::test_lexer_comments ... ok
test memory_tests::test_lexer_indentation ... ok
test memory_tests::test_compiler_whitespace_source ... ok
test memory_tests::test_comments_ignored_in_execution ... ok
test memory_tests::test_no_gc_allocator ... ok
test memory_tests::test_run_config_default_fields ... ok
test memory_tests::test_interpreter_run_custom_config ... ok
test memory_tests::test_compiler_empty_source ... ok
test memory_tests::test_parser_multiple_functions ... ok
test memory_tests::test_parser_complex_nesting ... ok
test memory_tests::test_complex_arithmetic_chain ... ok
test memory_tests::test_empty_source_behavior ... ok
test memory_tests::test_loaded_module_symbols ... ok
test pkg_tests::test_pkg_dependency_git ... ok
test pkg_tests::test_pkg_dependency_path ... ok
test pkg_tests::test_pkg_dependency_version ... ok
test pkg_tests::test_pkg_locked_package_from_git ... ok
test pkg_tests::test_pkg_locked_package_from_git_no_rev ... ok
test pkg_tests::test_pkg_locked_package_from_path ... ok
test pkg_tests::test_pkg_lockfile_add_package ... ok
test pkg_tests::test_pkg_lockfile_default ... ok
test pkg_tests::test_pkg_lockfile_dependency_graph ... ok
test pkg_tests::test_pkg_lockfile_find_package ... ok
test pkg_tests::test_pkg_lockfile_is_empty ... ok
test pkg_tests::test_pkg_lockfile_package_names ... ok
test pkg_tests::test_pkg_lockfile_parse ... ok
test pkg_tests::test_pkg_lockfile_remove_package ... ok
test pkg_tests::test_pkg_manifest_add_dependency ... ok
test pkg_tests::test_pkg_manifest_has_dependency ... ok
test pkg_tests::test_pkg_manifest_new ... ok
test pkg_tests::test_pkg_manifest_parse_detailed ... ok
test memory_tests::test_integer_boundary_zero ... ok
test pkg_tests::test_pkg_manifest_parse_simple ... ok
test pkg_tests::test_pkg_manifest_remove_dependency ... ok
test pkg_tests::test_pkg_package_source_git ... ok
test memory_tests::test_integer_boundary_i32_max ... ok
test pkg_tests::test_pkg_package_source_path ... ok
test pkg_tests::test_pkg_version_comparison ... ok
test pkg_tests::test_pkg_version_default ... ok
test pkg_tests::test_pkg_version_display ... ok
test pkg_tests::test_pkg_version_from_str ... ok
test pkg_tests::test_pkg_version_new ... ok
test pkg_tests::test_pkg_version_parse ... ok
test memory_tests::test_modulo_positive ... ok
test pkg_tests::test_pkg_version_req_any ... ok
test pkg_tests::test_pkg_version_req_default ... ok
test pkg_tests::test_pkg_version_parse_error ... ok
test pkg_tests::test_pkg_version_req_display ... ok
test memory_tests::test_file_deleted_after_compile ... ok
test pkg_tests::test_pkg_version_req_parse_caret ... ok
test pkg_tests::test_pkg_version_req_parse_comparison ... ok
test pkg_tests::test_pkg_version_req_parse_tilde ... ok
test pkg_tests::test_pkg_version_req_parse_exact ... ok
test pkg_tests::test_pkg_version_req_parse_wildcard ... ok
test memory_tests::test_run_result_stdout ... ok
test public_api_coverage_tests::test_compiler_pipeline_new ... ok
test memory_tests::test_integer_boundary_minus_one ... ok
test public_api_coverage_tests::test_compiler_pipeline_with_gc ... ok
test memory_tests::test_module_loader_corrupted_smf ... ok
test public_api_coverage_tests::test_codegen_compile_module ... ok
test public_api_coverage_tests::test_hir_module_new ... ok
test public_api_coverage_tests::test_hir_function_via_lowerer ... ok
test public_api_coverage_tests::test_codegen_new ... ok
test public_api_coverage_tests::test_interpreter_gc_coverage ... ok
test public_api_coverage_tests::test_interpreter_new ... ok
test memory_tests::test_long_identifier_name ... ok
test public_api_coverage_tests::test_codegen_get_object_code ... ok
test public_api_coverage_tests::test_lexer_next_token ... ok
test public_api_coverage_tests::test_lexer_new ... ok
test public_api_coverage_tests::test_lexer_tokenize ... ok
test public_api_coverage_tests::test_lowerer_lower_module ... ok
test public_api_coverage_tests::test_mir_block_new ... ok
test public_api_coverage_tests::test_lowerer_new ... ok
test memory_tests::test_parse_and_run_function ... ok
test public_api_coverage_tests::test_mir_function_block ... ok
test public_api_coverage_tests::test_mir_function_block_mut ... ok
test public_api_coverage_tests::test_mir_function_new ... ok
test public_api_coverage_tests::test_mir_function_new_block ... ok
test public_api_coverage_tests::test_mir_function_new_vreg ... ok
test public_api_coverage_tests::test_mir_lowerer_new ... ok
test memory_tests::test_integer_boundary_one ... ok
test public_api_coverage_tests::test_module_loader_new ... ok
test public_api_coverage_tests::test_parse_error_syntax_error ... ok
test public_api_coverage_tests::test_parse_error_unexpected_token ... ok
test public_api_coverage_tests::test_parser_complex_source ... ok
test public_api_coverage_tests::test_parser_new ... ok
test public_api_coverage_tests::test_parser_parse ... ok
test memory_tests::test_deep_directory_path ... ok
test memory_tests::test_concurrent_interpreters ... ok
test memory_tests::test_same_precedence_operators ... ok
test public_api_coverage_tests::test_runner_gc ... ok
test memory_tests::test_whitespace_only_source ... ok
test memory_tests::test_module_loader_caching ... ok
test memory_tests::test_compiler_pipeline_reuse ... ok
test public_api_coverage_tests::test_runner_new ... ok
test public_api_coverage_tests::test_run_code_function ... ok
test memory_tests::test_moderately_nested_parentheses ... ok
test memory_tests::test_integer_boundary_i32_min ... ok
test memory_tests::test_file_path_with_unicode ... ok
test public_api_coverage_tests::test_span_new ... ok
test memory_tests::test_file_path_with_spaces ... ok
test public_api_coverage_tests::test_span_properties ... ok
test public_api_coverage_tests::test_token_properties ... ok
test public_api_coverage_tests::test_runner_new_with_gc_logging ... ok
test public_api_coverage_tests::test_type_registry_get ... ok
test public_api_coverage_tests::test_type_registry_lookup ... ok
test public_api_coverage_tests::test_type_registry_new ... ok
test public_api_coverage_tests::test_type_registry_register ... ok
test public_api_coverage_tests::test_type_registry_register_named ... ok
test public_api_coverage_tests::test_smf_header_read ... ok
test memory_tests::test_concurrent_runners ... ok
test memory_tests::test_concurrent_compile_and_run ... ok
test runner_tests::test_compiler_missing_file ... ok
test runner_tests::test_common_actor_exports ... ok
test runner_tests::test_actor_bidirectional_communication ... ok
test runner_tests::test_actor_spawner_generic ... ok
test runner_tests::test_config_env_basic ... ok
test runner_tests::test_config_env_bool_parsing ... ok
test runner_tests::test_config_env_from_args ... ok
test runner_tests::test_config_env_int_parsing ... ok
test runner_tests::test_config_env_iteration ... ok
test runner_tests::test_config_env_merge ... ok
test runner_tests::test_config_env_remove ... ok
test memory_tests::test_multiple_variable_definitions ... ok
test runner_tests::test_config_env_with_args_chain ... ok
test runner_tests::test_gc_allocator_in_common ... ok
test runner_tests::test_gc_access ... ok
test runner_tests::test_dyn_traits_in_common ... ok
test runner_tests::test_handle_clone ... ok
test runner_tests::test_handle_pool ... ok
test memory_tests::test_runner_division_by_zero ... ok
test runner_tests::test_lexer_integration ... ok
test runner_tests::test_lexer_keywords ... ok
test runner_tests::test_lexer_operators ... ok
test runner_tests::test_manual_gc_alloc_handle ... ok
test public_api_coverage_tests::test_interpreter_run_simple ... ok
test public_api_coverage_tests::test_loaded_module_entry_point ... ok
test public_api_coverage_tests::test_interpreter_run_with_stdin_coverage ... ok
test runner_tests::test_compiler_pipeline_integration ... ok
test memory_tests::test_whitespace_handling ... ok
test memory_tests::test_tab_indentation ... ok
test public_api_coverage_tests::test_runner_compile_to_smf ... ok
test public_api_coverage_tests::test_runner_run_source ... ok
test public_api_coverage_tests::test_runner_new_no_gc ... ok
test public_api_coverage_tests::test_smf_header_is_executable ... ok
test public_api_coverage_tests::test_smf_header_has_debug_info ... ok
test memory_tests::test_parser_invalid_syntax_handling ... ok
test public_api_coverage_tests::test_smf_header_is_reloadable ... ok
test runner_tests::test_interpreter_arithmetic ... ok
test public_api_coverage_tests::test_interpreter_new_no_gc ... ok
test runner_tests::test_manual_gc_multiple_allocations ... ok
test runner_tests::test_manual_gc_unique_pointer ... ok
test runner_tests::test_module_cache_in_common ... ok
test runner_tests::test_interpreter_no_gc ... ok
test runner_tests::test_interpreter_simple ... ok
test public_api_coverage_tests::test_runner_run_file ... ok
test runner_tests::test_parser_error_recovery ... ok
test runner_tests::test_parser_function_def ... ok
test runner_tests::test_parser_if_statement ... ok
test runner_tests::test_parser_integration ... ok
test public_api_coverage_tests::test_compiler_pipeline_compile ... ok
test public_api_coverage_tests::test_interpreter_run ... ok
test runner_tests::test_parser_let_binding ... ok
test runner_tests::test_shared_pointer_refcounting ... ok
test runner_tests::test_unique_into_inner ... ok
test runner_tests::test_unique_pointer_mutation ... ok
test runner_tests::test_weak_pointer ... ok
test runner_tests::test_gc_runtime_with_logging ... ok
test runner_tests::test_compiler_pipeline_arithmetic ... ok
test runner_tests::test_runner_no_gc ... ok
test public_api_coverage_tests::test_module_loader_load ... ok
test public_api_coverage_tests::test_module_registry_resolve_symbol ... ok
test runner_tests::test_runner_complex_expression ... ok
test public_api_coverage_tests::test_module_loader_multiple_loads ... ok
test runner_tests::test_module_loader_load_smf ... ok
test runner_tests::test_no_gc_mode_consistency ... ok
test runner_tests::test_module_loader_entry_point ... ok
test runner_tests::test_runner_end_to_end_with_file ... ok
test runner_tests::test_runner_negative_result ... ok
test runner_tests::test_runner_compile_to_smf ... ok
test runner_tests::test_run_code_with_args ... ok
test runner_tests::test_runner_end_to_end_simple ... ok
test runner_tests::test_runner_end_to_end_arithmetic ... ok
test memory_tests::test_runner_multiple_error_recovery ... ok
test runner_tests::test_run_code_function ... ok
test simple_basic::interpreter::all_samples_exist ... ok
test simple_basic::interpreter::interpreter_repl_regressions ... ignored, REPL doesn't properly handle multi-line blocks (if/else, fn definitions)
test memory_tests::test_parse_integer_literals ... ok
test runner_tests::test_runner_syntax_error ... ok
test runner_tests::test_exec_core_consistency ... ok
test simple_basic::compiler::compile_sample_31_auto_forward_properties ... ok
test simple_basic::compiler::compile_sample_09_type_inference ... ok
test simple_basic::compiler::compile_sample_90_stdlib_semantic_types ... ok
test simple_basic::compiler::compile_sample_11_compound_types ... ok
test simple_basic::compiler::compile_sample_21_units_public_api_negative ... ok
test simple_basic::compiler::compile_sample_95_simd_vectors ... ok
test simple_basic::compiler::compile_sample_80_macro ... ok
test simple_basic::compiler::compile_sample_96_gpu_buffer_kernel ... ok
test simple_basic::compiler::compile_sample_81_dsl_trailing_blocks ... ok
test simple_basic::compiler::compile_sample_00_syntax_basics ... ok
test simple_basic::compiler::compile_sample_20_units_public_api_positive ... ok
test simple_basic::compiler::compile_sample_30_struct_class_semantics ... ok
test simple_basic::compiler::compile_sample_50_traits_default_methods ... ok
test simple_basic::compiler::compile_sample_10_types_mutability ... ok
test simple_basic::compiler::compile_sample_51_trait_bounds ... ok
test simple_basic::compiler::compile_sample_60_memory_gc_unique_shared_weak_handle ... ok
test simple_basic::compiler::compile_sample_41_match_exhaustive ... ok
test simple_basic::compiler::compile_sample_02_lambdas_closures ... ok
test simple_basic::interpreter::interpreter_basic_sample_check_transcript ... ok
test simple_basic::compiler::compile_sample_01_literals_strings ... ok
test simple_basic::compiler::compile_sample_03_functional_update_arrow ... ok
test simple_basic::compiler::compile_sample_40_functions_closures ... ok
test simple_basic::compiler::compile_sample_71_async_await ... ok
test simple_basic::interpreter::sample_20_units_public_api_positive ... ok
test simple_basic::interpreter::sample_11_compound_types ... ok
test simple_basic::interpreter::sample_10_types_mutability ... ok
test simple_basic::interpreter::sample_30_struct_class_semantics ... ok
test simple_basic::interpreter::sample_21_units_public_api_negative ... ok
test simple_basic::interpreter::sample_40_functions_closures ... ok
test smf_tests::test_actor_handle_debug ... ok
test simple_basic::interpreter::sample_60_memory_gc_unique_shared_weak_handle ... ok
test smf_tests::test_compile_and_run_from_memory_roundtrip ... ok
test simple_basic::interpreter::sample_51_trait_bounds ... ok
test simple_basic::interpreter::sample_80_macro ... ok
test simple_basic::interpreter::sample_71_async_await ... ok
test simple_basic::interpreter::sample_81_dsl_trailing_blocks ... ok
test simple_basic::interpreter::sample_90_stdlib_semantic_types ... ok
test smf_tests::test_config_env_from_env ... ok
test smf_tests::test_config_env_multiple_keys ... ok
test smf_tests::test_config_env_get_int_or_default ... ok
test smf_tests::test_config_env_get_bool_or_default ... ok
test smf_tests::test_compile_to_memory_produces_valid_smf ... ok
test smf_tests::test_config_env_with_env ... ok
test smf_tests::test_exec_core_load_module_from_memory ... ok
test smf_tests::test_exec_core_compile_to_memory ... ok
test simple_basic::interpreter::sample_95_simd_vectors ... ok
test simple_basic::interpreter::sample_01_literals_strings ... ok
test smf_tests::test_exec_core_run_file_smf ... ok
test smf_tests::test_exec_core_run_smf_from_memory ... ok
test simple_basic::interpreter::sample_31_auto_forward_properties ... ok
test simple_basic::interpreter::sample_50_traits_default_methods ... ok
test simple_basic::interpreter::sample_41_match_exhaustive ... ok
test smf_tests::test_compile_and_run_smf_directly ... ok
test simple_basic::interpreter::sample_00_syntax_basics ... ok
test smf_tests::test_handle_pool_clone_handle ... ok
test simple_basic::interpreter::sample_42_constructor_polymorphism ... ok
test smf_tests::test_cli_version ... ok
test smf_tests::test_exec_core_run_source_in_memory ... ok
test simple_basic::interpreter::sample_09_type_inference ... ok
test smf_tests::test_in_memory_roundtrip ... ok
test smf_tests::test_cli_runs_smf_directly ... ok
test smf_tests::test_exec_core_run_file_unsupported ... ok
test simple_basic::compiler::compile_sample_70_actors ... ok
test simple_basic::interpreter::sample_02_lambdas_closures ... ok
test smf_tests::test_exec_core_run_file_no_extension ... ok
test smf_tests::test_cli_help_output ... ok
test simple_basic::interpreter::sample_03_functional_update_arrow ... ok
test smf_tests::test_handle_pool_multiple ... ok
test smf_tests::test_interpreter_in_memory_config ... ok
test smf_tests::test_cli_run_code_string ... ok
test smf_tests::test_cli_runs_source ... ok
test smf_tests::test_manual_gc_default ... ok
test smf_tests::test_exec_core_run_smf ... ok
test simple_basic::interpreter::sample_70_actors ... ok
test smf_tests::test_message_clone ... ok
test smf_tests::test_run_smf_file_not_found ... ok
test smf_tests::test_interpreter_run_in_memory ... ok
test smf_tests::test_message_debug ... ok
test smf_tests::test_smf_format_structure ... ok
test simple_basic::interpreter::sample_96_gpu_buffer_kernel ... ok
test smf_tests::test_shared_debug ... ok
test smf_tests::test_smf_symbol_table ... ok
test smf_tests::test_weak_ptr_upgrade_after_drop ... ok
test smf_tests::test_run_source_in_memory_basic ... ok
test smf_tests::test_smf_header_size ... ok
test smf_tests::test_smf_machine_code_correctness ... ok
test struct_coverage_tests::test_block_builder_finalize ... ok
test struct_coverage_tests::test_gc_runtime_collect_class_coverage ... ok
test struct_coverage_tests::test_gc_runtime_methods ... ok
test struct_coverage_tests::test_lowerer_state_methods ... ok
test struct_coverage_tests::test_gc_runtime_verbose ... ok
test smf_tests::test_run_source_in_memory_with_variables ... ok
test struct_coverage_tests::test_block_builder_methods ... ok
test smf_tests::test_cli_run_code_string_full ... ok
test struct_coverage_tests::test_mir_module_methods ... ok
test struct_coverage_tests::test_scheduled_spawner_methods_system ... ok
test struct_coverage_tests::test_spawn_actor_function_system ... ok
test struct_coverage_tests::test_type_id_allocator_methods ... ok
test struct_coverage_tests::test_value_deref_pointer ... ok
test struct_coverage_tests::test_value_matches_type ... ok
test validate_config ... ok
test struct_coverage_tests::test_type_id_allocator_with_start ... ok
test struct_coverage_tests::test_value_to_key_string ... ok
test smf_tests::test_smf_header_has_debug_info ... ok
test smf_tests::test_exec_core_run_file_spl ... ok
test smf_tests::test_run_file_auto_detects_smf ... ok
test smf_tests::test_in_memory_vs_file_consistency ... ok
test smf_tests::test_run_source_in_memory_various_values ... ok
test smf_tests::test_run_source_in_memory_expressions ... ok
test smf_tests::test_cli_compile_default_output ... ok
test smf_tests::test_multiple_in_memory_runs ... ok
test smf_tests::test_smf_multiple_runs ... ok
test smf_tests::test_run_smf_invalid_file ... ok
test smf_tests::test_run_file_still_compiles_spl ... ok
test smf_tests::test_smf_different_runners ... ok
test smf_tests::test_cli_runs_file_directly ... ok
test smf_tests::test_run_file_unsupported_extension ... ok
test smf_tests::test_smf_roundtrip_complex_program ... ok
test smf_tests::test_cli_compiles_to_smf ... ok
test simple_basic::compiler::compile_sample_42_constructor_polymorphism ... ok
test struct_coverage_tests::test_module_loader_load_from_memory ... ok
test struct_coverage_tests::test_module_loader_load_with_resolver ... ok
test smf_tests::test_run_smf_various_values ... ok
test memory_tests::test_gc_multiple_runs_collection ... ok
test simple_basic::compiler::compiler_basic_sample_creates_runnable_binary ... ok
test memory_tests::test_rapid_sequential_runs ... ok

test result: ok. 2138 passed; 0 failed; 1 ignored; 0 measured; 0 filtered out; finished in 0.22s

     Running unit/main.rs (target/debug/deps/unit-20c3eb6efa3e29df)

running 419 tests
test compiler_tests::test_compiler_pipeline_creation ... ok
test lexer_tests2::test_comment_at_line_start ... ok
test lexer_tests2::test_comment_only_line ... ok
test lexer_tests2::test_dedent_simple ... ok
test lexer_tests2::test_delimiter_colon ... ok
test lexer_tests2::test_delimiter_comma ... ok
test lexer_tests2::test_delimiter_dot ... ok
test lexer_tests2::test_delimiter_double_colon ... ok
test lexer_tests2::test_delimiter_double_dot ... ok
test lexer_tests2::test_delimiter_ellipsis ... ok
test lexer_tests2::test_delimiter_lbrace ... ok
test lexer_tests2::test_delimiter_lbracket ... ok
test lexer_tests2::test_delimiter_lparen ... ok
test lexer_tests2::test_delimiter_rbrace ... ok
test lexer_tests2::test_delimiter_rbracket ... ok
test lexer_tests2::test_delimiter_rparen ... ok
test lexer_tests2::test_delimiter_semicolon ... ok
test compiler_tests::test_compile_simple_expression ... ok
test lexer_tests2::test_expression_arithmetic ... ok
test lexer_tests2::test_empty_lines_in_indent ... ok
test lexer_tests2::test_expression_array_indexing ... ok
test lexer_tests2::test_expression_function_call ... ok
test lexer_tests2::test_expression_method_chain ... ok
test compiler_tests::test_compile_function ... ok
test lexer_tests2::test_fstring_with_f_prefix ... ok
test compiler_tests::test_compile_main_binding ... ok
test lexer_tests2::test_function_def_tokens ... ok
test lexer_tests2::test_indent_simple ... ok
test lexer_tests2::test_keyword_actor ... ok
test lexer_tests2::test_keyword_and ... ok
test lexer_tests2::test_keyword_as ... ok
test lexer_tests2::test_keyword_async ... ok
test lexer_tests2::test_keyword_await ... ok
test lexer_tests2::test_keyword_const ... ok
test lexer_tests2::test_keyword_context ... ok
test lexer_tests2::test_keyword_extern ... ok
test lexer_tests2::test_keyword_from ... ok
test lexer_tests2::test_keyword_import ... ok
test lexer_tests2::test_keyword_in ... ok
test lexer_tests2::test_keyword_is ... ok
test lexer_tests2::test_keyword_macro ... ok
test lexer_tests2::test_keyword_new ... ok
test lexer_tests2::test_keyword_not ... ok
test lexer_tests2::test_keyword_or ... ok
test lexer_tests2::test_keyword_priv ... ok
test lexer_tests2::test_keyword_pub ... ok
test lexer_tests2::test_keyword_self ... ok
test lexer_tests2::test_keyword_spawn ... ok
test lexer_tests2::test_keyword_static ... ok
test lexer_tests2::test_keyword_super ... ok
test lexer_tests2::test_keyword_type ... ok
test lexer_tests2::test_keyword_yield ... ok
test lexer_tests2::test_line_comment ... ok
test lexer_tests2::test_line_continuation ... ok
test lexer_tests2::test_nested_indent ... ok
test lexer_tests2::test_newline_multiple ... ok
test lexer_tests2::test_newline_single ... ok
test lexer_tests2::test_operator_ampersand ... ok
test lexer_tests2::test_operator_arrow ... ok
test lexer_tests2::test_operator_assign ... ok
test lexer_tests2::test_operator_at ... ok
test lexer_tests2::test_operator_backslash ... ok
test lexer_tests2::test_operator_bang ... ok
test lexer_tests2::test_operator_caret ... ok
test lexer_tests2::test_operator_dollar ... ok
test lexer_tests2::test_operator_double_slash ... ok
test lexer_tests2::test_operator_double_star ... ok
test lexer_tests2::test_operator_eq ... ok
test lexer_tests2::test_operator_fat_arrow ... ok
test lexer_tests2::test_operator_gt ... ok
test lexer_tests2::test_operator_gt_eq ... ok
test lexer_tests2::test_operator_lt ... ok
test lexer_tests2::test_operator_lt_eq ... ok
test lexer_tests2::test_operator_minus ... ok
test lexer_tests2::test_operator_minus_assign ... ok
test lexer_tests2::test_operator_not_eq ... ok
test lexer_tests2::test_operator_percent ... ok
test lexer_tests2::test_operator_pipe ... ok
test lexer_tests2::test_operator_plus ... ok
test lexer_tests2::test_operator_plus_assign ... ok
test lexer_tests2::test_operator_question ... ok
test lexer_tests2::test_operator_shift_left ... ok
test lexer_tests2::test_operator_shift_right ... ok
test lexer_tests2::test_operator_slash ... ok
test lexer_tests2::test_operator_slash_assign ... ok
test lexer_tests2::test_operator_star ... ok
test lexer_tests2::test_operator_star_assign ... ok
test lexer_tests2::test_operator_tilde ... ok
test lexer_tests2::test_tab_indent ... ok
test lexer_tests2::test_token_line_tracking ... ok
test lexer_tests2::test_token_span_multi_char ... ok
test lexer_tests2::test_token_span_single_char ... ok
test lexer_tests2::test_underscore ... ok
test lexer_tests2::test_unexpected_character ... ok
test lexer_tests::test_binary_lowercase ... ok
test lexer_tests::test_binary_uppercase ... ok
test lexer_tests::test_binary_with_underscores ... ok
test lexer_tests::test_bool_false ... ok
test lexer_tests::test_bool_true ... ok
test lexer_tests::test_float_leading_zero ... ok
test lexer_tests::test_float_simple ... ok
test lexer_tests::test_float_with_exponent_lowercase ... ok
test lexer_tests::test_float_with_exponent_uppercase ... ok
test lexer_tests::test_float_with_negative_exponent ... ok
test lexer_tests::test_float_with_positive_exponent ... ok
test lexer_tests::test_float_with_underscores ... ok
test lexer_tests::test_fstring_complex_expression ... ok
test lexer_tests::test_fstring_escaped_braces ... ok
test lexer_tests::test_fstring_multiple_interpolations ... ok
test lexer_tests::test_fstring_with_interpolation ... ok
test lexer_tests::test_hex_lowercase ... ok
test lexer_tests::test_hex_mixed_case ... ok
test lexer_tests::test_hex_uppercase ... ok
test lexer_tests::test_hex_with_underscores ... ok
test lexer_tests::test_identifier_all_caps ... ok
test lexer_tests::test_identifier_simple ... ok
test lexer_tests::test_identifier_with_numbers ... ok
test lexer_tests::test_identifier_with_underscore_prefix ... ok
test lexer_tests::test_integer_multi_digit ... ok
test lexer_tests::test_integer_negative_parsed_as_minus ... ok
test lexer_tests::test_integer_single_digit ... ok
test lexer_tests::test_integer_with_underscores ... ok
test lexer_tests::test_integer_zero ... ok
test lexer_tests::test_keyword_break ... ok
test lexer_tests::test_keyword_class ... ok
test lexer_tests::test_keyword_continue ... ok
test lexer_tests::test_keyword_elif ... ok
test lexer_tests::test_keyword_else ... ok
test lexer_tests::test_keyword_enum ... ok
test lexer_tests::test_keyword_fn ... ok
test lexer_tests::test_keyword_for ... ok
test lexer_tests::test_keyword_if ... ok
test lexer_tests::test_keyword_impl ... ok
test lexer_tests::test_keyword_let ... ok
test lexer_tests::test_keyword_loop ... ok
test lexer_tests::test_keyword_match ... ok
test lexer_tests::test_keyword_mut ... ok
test lexer_tests::test_keyword_return ... ok
test lexer_tests::test_keyword_struct ... ok
test lexer_tests::test_keyword_trait ... ok
test lexer_tests::test_keyword_while ... ok
test lexer_tests::test_lexer_empty_source ... ok
test lexer_tests::test_lexer_new ... ok
test lexer_tests::test_lexer_whitespace_only ... ok
test lexer_tests::test_nil_literal ... ok
test lexer_tests::test_octal_lowercase ... ok
test lexer_tests::test_octal_uppercase ... ok
test lexer_tests::test_octal_with_underscores ... ok
test lexer_tests::test_raw_string_empty ... ok
test lexer_tests::test_raw_string_no_escape_processing ... ok
test lexer_tests::test_raw_string_no_interpolation ... ok
test lexer_tests::test_raw_string_simple ... ok
test lexer_tests::test_string_empty ... ok
test lexer_tests::test_string_escape_backslash ... ok
test lexer_tests::test_string_escape_carriage_return ... ok
test lexer_tests::test_string_escape_newline ... ok
test lexer_tests::test_string_escape_null ... ok
test lexer_tests::test_string_escape_quote ... ok
test lexer_tests::test_string_escape_tab ... ok
test lexer_tests::test_string_simple ... ok
test lexer_tests::test_symbol_simple ... ok
test lexer_tests::test_symbol_with_numbers ... ok
test lexer_tests::test_symbol_with_underscore ... ok
test loader_tests::test_loader_module_exists ... ok
test mixin_tests::mixin_parser_tests::test_parse_class_with_generic_mixin ... ok
test mixin_tests::mixin_parser_tests::test_parse_class_with_mixin ... ok
test mixin_tests::mixin_parser_tests::test_parse_generic_mixin ... ok
test mixin_tests::mixin_parser_tests::test_parse_class_with_multiple_mixins ... ok
test mixin_tests::mixin_parser_tests::test_parse_mixin_with_methods ... ok
test mixin_tests::mixin_parser_tests::test_parse_mixin_with_trait_bounds ... ok
test mixin_tests::mixin_parser_tests::test_parse_simple_mixin ... ok
test mixin_tests::mixin_type_tests::test_generic_mixin_type ... ok
test mixin_tests::mixin_type_tests::test_mixin_type_creation ... ok
test mixin_tests::mixin_type_tests::test_mixin_type_substitution ... ok
test parser_tests2::test_parse_actor ... ok
test parser_tests2::test_parse_async_function ... ok
test parser_tests2::test_parse_await ... ok
test parser_tests2::test_parse_break ... ok
test parser_tests2::test_parse_class ... ok
test parser_tests2::test_parse_class_inheritance ... ok
test parser_tests2::test_parse_const ... ok
test parser_tests2::test_parse_const_with_type ... ok
test parser_tests2::test_parse_context ... ok
test parser_tests2::test_parse_continue ... ok
test parser_tests2::test_parse_enum ... ok
test parser_tests2::test_parse_enum_generic ... ok
test parser_tests2::test_parse_error_missing_colon ... ok
test parser_tests2::test_parse_error_unexpected_token ... ok
test parser_tests2::test_parse_extern ... ok
test parser_tests2::test_parse_for_loop ... ok
test parser_tests2::test_parse_function_and_expression ... ok
test parser_tests2::test_parse_function_default_params ... ok
test parser_tests2::test_parse_function_simple ... ok
test parser_tests2::test_parse_function_with_params ... ok
test parser_tests2::test_parse_functional_update ... ok
test parser_tests2::test_parse_generic_function ... ok
test parser_tests2::test_parse_if_elif_else ... ok
test parser_tests2::test_parse_if_else ... ok
test parser_tests2::test_parse_if_expression ... ok
test parser_tests2::test_parse_if_simple ... ok
test parser_tests2::test_parse_impl ... ok
test parser_tests2::test_parse_impl_trait ... ok
test parser_tests2::test_parse_lambda_multi_param ... ok
test parser_tests2::test_parse_lambda_no_param ... ok
test parser_tests2::test_parse_lambda_simple ... ok
test parser_tests2::test_parse_let_tuple_pattern ... ok
test parser_tests2::test_parse_loop ... ok
test parser_tests2::test_parse_macro_def ... ok
test parser_tests2::test_parse_macro_invocation ... ok
test parser_tests2::test_parse_match ... ok
test parser_tests2::test_parse_match_with_guard ... ok
test parser_tests2::test_parse_multiple_items ... ok
test parser_tests2::test_parse_new ... ok
test parser_tests2::test_parse_path ... ok
test parser_tests2::test_parse_pattern_array ... ok
test parser_tests2::test_parse_pattern_mut_identifier ... ok
test parser_tests2::test_parse_pattern_rest ... ok
test parser_tests2::test_parse_pattern_wildcard ... ok
test parser_tests2::test_parse_pub_function ... ok
test parser_tests2::test_parse_return ... ok
test parser_tests2::test_parse_spawn ... ok
test parser_tests2::test_parse_static ... ok
test parser_tests2::test_parse_static_mut ... ok
test parser_tests2::test_parse_struct ... ok
test parser_tests2::test_parse_struct_generic ... ok
test parser_tests2::test_parse_struct_init ... ok
test parser_tests2::test_parse_trait ... ok
test parser_tests2::test_parse_type_alias ... ok
test parser_tests2::test_parse_while_loop ... ok
test parser_tests2::test_parse_yield ... ok
test parser_tests2::test_parse_yield_bare ... ok
test parser_tests::test_parse_array_empty ... ok
test parser_tests::test_parse_array_index ... ok
test parser_tests::test_parse_array_multiple ... ok
test parser_tests::test_parse_array_single ... ok
test parser_tests::test_parse_binary_add ... ok
test parser_tests::test_parse_binary_and ... ok
test parser_tests::test_parse_binary_bitwise_and ... ok
test parser_tests::test_parse_binary_bitwise_or ... ok
test parser_tests::test_parse_binary_bitwise_xor ... ok
test parser_tests::test_parse_binary_div ... ok
test parser_tests::test_parse_binary_eq ... ok
test parser_tests::test_parse_binary_floor_div ... ok
test parser_tests::test_parse_binary_gt ... ok
test parser_tests::test_parse_binary_gt_eq ... ok
test parser_tests::test_parse_binary_in ... ok
test parser_tests::test_parse_binary_is ... ok
test parser_tests::test_parse_binary_lt ... ok
test parser_tests::test_parse_binary_lt_eq ... ok
test parser_tests::test_parse_binary_mod ... ok
test parser_tests::test_parse_binary_mul ... ok
test parser_tests::test_parse_binary_not_eq ... ok
test parser_tests::test_parse_binary_or ... ok
test parser_tests::test_parse_binary_pow ... ok
test parser_tests::test_parse_binary_shift_left ... ok
test parser_tests::test_parse_binary_shift_right ... ok
test parser_tests::test_parse_binary_sub ... ok
test parser_tests::test_parse_bool_false ... ok
test parser_tests::test_parse_bool_true ... ok
test parser_tests::test_parse_dict_empty ... ok
test parser_tests::test_parse_dict_single ... ok
test parser_tests::test_parse_field_access ... ok
test parser_tests::test_parse_field_chain ... ok
test parser_tests::test_parse_float_literal ... ok
test parser_tests::test_parse_function_call_multiple_args ... ok
test parser_tests::test_parse_function_call_named_args ... ok
test parser_tests::test_parse_function_call_no_args ... ok
test parser_tests::test_parse_function_call_one_arg ... ok
test parser_tests::test_parse_identifier ... ok
test parser_tests::test_parse_identifier_with_underscore ... ok
test parser_tests::test_parse_integer_large ... ok
test parser_tests::test_parse_integer_literal ... ok
test parser_tests::test_parse_integer_zero ... ok
test parser_tests::test_parse_let_mut ... ok
test parser_tests::test_parse_let_simple ... ok
test parser_tests::test_parse_let_with_type ... ok
test parser_tests::test_parse_method_call ... ok
test parser_tests::test_parse_method_chain ... ok
test parser_tests::test_parse_mut_let ... ok
test parser_tests::test_parse_nested_index ... ok
test parser_tests::test_parse_nil_literal ... ok
test parser_tests::test_parse_string_literal ... ok
test parser_tests::test_parse_symbol_literal ... ok
test parser_tests::test_parse_tuple_empty ... ok
test parser_tests::test_parse_tuple_multiple ... ok
test parser_tests::test_parse_unary_bitnot ... ok
test parser_tests::test_parse_unary_deref ... ok
test parser_tests::test_parse_unary_neg ... ok
test parser_tests::test_parse_unary_not ... ok
test parser_tests::test_parse_unary_ref ... ok
test parser_tests::test_parse_unary_ref_mut ... ok
test parser_tests::test_precedence_comparison_over_bitwise ... ok
test parser_tests::test_precedence_mul_over_add ... ok
test parser_tests::test_precedence_parentheses ... ok
test parser_tests::test_precedence_pow_right_assoc ... ok
test type_tests2::test_ast_type_to_type_function ... ok
test type_tests2::test_ast_type_to_type_array ... ok
test type_tests2::test_ast_type_to_type_generic ... ok
test type_tests2::test_ast_type_to_type_named ... ok
test type_tests2::test_ast_type_to_type_optional ... ok
test type_tests2::test_ast_type_to_type_simple_bool ... ok
test type_tests2::test_ast_type_to_type_simple_float ... ok
test type_tests2::test_ast_type_to_type_simple_int ... ok
test type_tests2::test_ast_type_to_type_simple_nil ... ok
test type_tests2::test_ast_type_to_type_simple_str ... ok
test type_tests2::test_ast_type_to_type_tuple ... ok
test type_tests2::test_ast_type_to_type_union ... ok
test type_tests2::test_check_class ... ok
test type_tests2::test_check_const ... ok
test type_tests2::test_check_context ... ok
test type_tests2::test_check_extern ... ok
test type_tests2::test_check_enum ... ok
test type_tests2::test_check_function ... ok
test type_tests2::test_check_for_loop ... ok
test type_tests2::test_check_if_statement ... ok
test type_tests2::test_check_impl ... ok
test type_tests2::test_check_macro ... ok
test type_tests2::test_check_match ... ok
test type_tests2::test_check_simple_program ... ok
test type_tests2::test_check_static ... ok
test type_tests2::test_check_struct ... ok
test type_tests2::test_check_trait ... ok
test type_tests2::test_check_while_loop ... ok
test type_tests2::test_infer_array_empty ... ok
test type_tests2::test_infer_array_with_elements ... ok
test type_tests2::test_infer_binary_add ... ok
test type_tests2::test_infer_binary_and ... ok
test type_tests2::test_infer_binary_bitwise ... ok
test type_tests2::test_infer_binary_eq ... ok
test type_tests2::test_infer_bool ... ok
test type_tests2::test_infer_float ... ok
test type_tests2::test_infer_integer ... ok
test type_tests2::test_infer_nil ... ok
test type_tests2::test_infer_string ... ok
test type_tests2::test_infer_unary_deref_borrow ... ok
test type_tests2::test_infer_unary_neg ... ok
test type_tests2::test_infer_unary_not ... ok
test type_tests2::test_infer_unary_ref ... ok
test type_tests2::test_infer_unary_ref_mut ... ok
test type_tests2::test_infer_undefined_identifier ... ok
test type_tests2::test_type_matches_union ... ok
test type_tests2::test_types_compatible_array ... ok
test type_tests2::test_types_compatible_same ... ok
test type_tests2::test_types_compatible_different ... ok
test type_tests2::test_types_compatible_tuple ... ok
test type_tests2::test_types_compatible_var ... ok
test type_tests2::test_unify_borrow_mut_same ... ok
test type_tests2::test_unify_borrow_mut_to_borrow ... ok
test type_tests2::test_unify_borrow_same ... ok
test type_tests2::test_unify_occurs_check ... ok
test type_tests2::test_unify_type_param_different ... ok
test type_tests2::test_unify_union_with_member ... ok
test type_tests2::test_unify_union_with_non_member ... ok
test type_tests::test_apply_subst_array ... ok
test type_tests::test_apply_subst_borrow ... ok
test type_tests::test_apply_subst_borrow_mut ... ok
test type_tests::test_apply_subst_dict ... ok
test type_tests::test_apply_subst_function ... ok
test type_tests::test_apply_subst_generic ... ok
test type_tests::test_apply_subst_optional ... ok
test type_tests::test_apply_subst_primitive ... ok
test type_tests::test_apply_subst_tuple ... ok
test type_tests::test_apply_subst_union ... ok
test type_tests::test_apply_subst_var_no_mapping ... ok
test type_tests::test_apply_subst_var_with_mapping ... ok
test type_tests::test_contains_var_array ... ok
test type_tests::test_contains_var_borrow ... ok
test type_tests::test_contains_var_borrow_mut ... ok
test type_tests::test_contains_var_dict ... ok
test type_tests::test_contains_var_different ... ok
test type_tests::test_contains_var_function ... ok
test type_tests::test_contains_var_generic ... ok
test type_tests::test_contains_var_optional ... ok
test type_tests::test_contains_var_primitive ... ok
test type_tests::test_contains_var_same ... ok
test type_tests::test_contains_var_tuple ... ok
test type_tests::test_contains_var_union ... ok
test type_tests::test_fresh_var ... ok
test type_tests::test_substitution_compose ... ok
test type_tests::test_substitution_insert_get ... ok
test type_tests::test_substitution_new ... ok
test type_tests::test_type_array ... ok
test type_tests::test_type_bool ... ok
test type_tests::test_type_borrow ... ok
test type_tests::test_type_borrow_mut ... ok
test type_tests::test_type_checker_new ... ok
test type_tests::test_type_dict ... ok
test type_tests::test_type_float ... ok
test type_tests::test_type_function ... ok
test type_tests::test_type_generic ... ok
test type_tests::test_type_int ... ok
test type_tests::test_type_named ... ok
test type_tests::test_type_nil ... ok
test type_tests::test_type_optional ... ok
test type_tests::test_type_str ... ok
test type_tests::test_type_tuple ... ok
test type_tests::test_type_type_param ... ok
test type_tests::test_type_union ... ok
test type_tests::test_type_var ... ok
test type_tests::test_unify_arrays ... ok
test type_tests::test_unify_arrays_different_elem ... ok
test type_tests::test_unify_dict_same ... ok
test type_tests::test_unify_different_primitives ... ok
test type_tests::test_unify_functions_different_params ... ok
test type_tests::test_unify_functions_same ... ok
test type_tests::test_unify_generics_different_name ... ok
test type_tests::test_unify_generics_same ... ok
test type_tests::test_unify_named_different ... ok
test type_tests::test_unify_named_same ... ok
test type_tests::test_unify_optional_same ... ok
test type_tests::test_unify_same_primitives ... ok
test type_tests::test_unify_same_var ... ok
test type_tests::test_unify_tuples_different_length ... ok
test type_tests::test_unify_tuples_same ... ok
test type_tests::test_unify_two_vars ... ok
test type_tests::test_unify_type_param_same ... ok
test type_tests::test_unify_type_with_var ... ok
test type_tests::test_unify_var_with_type ... ok
test validate_config ... ok

test result: ok. 419 passed; 0 failed; 0 ignored; 0 measured; 0 filtered out; finished in 0.03s

     Running unittests src/lib.rs (target/debug/deps/simple_type-9552b117341d4621)

running 74 tests
test bitfield::tests::test_backing_type_bit_width ... ok
test bitfield::tests::test_bitfield_extract_insert ... ok
test bitfield::tests::test_bitfield_field_mask ... ok
test bitfield::tests::test_bitfield_overflow ... ok
test bitfield::tests::test_complex_bitfield ... ok
test bitfield::tests::test_create_bitfield ... ok
test bitfield::tests::test_field_fits ... ok
test effects::tests::test_async_by_default_needs_wrapping ... ok
test effects::tests::test_async_call_needs_implicit_await ... ok
test effects::tests::test_async_function_needs_promise_wrapping ... ok
test effects::tests::test_build_call_graph ... ok
test effects::tests::test_empty_function_is_sync ... ok
test effects::tests::test_explicit_await ... ok
test effects::tests::test_explicit_sync_function ... ok
test effects::tests::test_is_promise_type ... ok
test effects::tests::test_mutual_recursion_sync ... ok
test effects::tests::test_promise_type_info_async ... ok
test effects::tests::test_promise_type_info_sync ... ok
test effects::tests::test_suspension_assignment_needs_await ... ok
test effects::tests::test_suspension_if_needs_await ... ok
test effects::tests::test_sync_call_no_await ... ok
test effects::tests::test_sync_function_no_promise_wrapping ... ok
test effects::tests::test_tarjan_scc_linear_chain ... ok
test effects::tests::test_tarjan_scc_mutual_recursion_three ... ok
test effects::tests::test_tarjan_scc_simple_cycle ... ok
test effects::tests::test_tarjan_scc_single_node ... ok
test effects::tests::test_transitive_effect_chain ... ok
test effects::tests::test_transitive_effect_propagation ... ok
test effects::tests::test_typed_await_async_call_expects_promise ... ok
test effects::tests::test_typed_await_async_call_expects_value ... ok
test effects::tests::test_typed_await_explicit ... ok
test effects::tests::test_typed_await_no_expected_type ... ok
test effects::tests::test_typed_await_sync_call ... ok
test effects::tests::test_unwrap_promise_type ... ok
test effects::tests::test_validate_suspension_in_sync_function ... ok
test effects::tests::test_wrap_in_promise ... ok
test http_status::tests::test_display ... ok
test effects::tests::test_wrap_in_promise_idempotent ... ok
test http_status::tests::test_from_u16 ... ok
test http_status::tests::test_reason_phrases ... ok
test http_status::tests::test_status_code_categories ... ok
test http_status::tests::test_status_code_values ... ok
test http_status::tests::test_status_code_predicates ... ok
test mixin_type_tests::test_instantiate_multi_param_generic ... ok
test mixin_type_tests::test_substitute_in_function_type ... ok
test mixin_type_tests::test_substitute_nested_generic ... ok
test mixin_type_tests::test_substitute_simple_type_param ... ok
test mixin_type_tests::test_wrong_type_arg_count ... ok
test response_builder::tests::test_basic_response ... ok
test response_builder::tests::test_content_types ... ok
test response_builder::tests::test_cookie ... ok
test response_builder::tests::test_cors ... ok
test response_builder::tests::test_error_responses ... ok
test response_builder::tests::test_fluent_chaining ... ok
test response_builder::tests::test_headers ... ok
test response_builder::tests::test_json_response ... ok
test response_builder::tests::test_no_cache ... ok
test response_builder::tests::test_permanent_redirect ... ok
test response_builder::tests::test_redirect ... ok
test route_params::tests::test_bool_parsing ... ok
test route_params::tests::test_complex_route ... ok
test route_params::tests::test_duplicate_parameter ... ok
test route_params::tests::test_empty_query ... ok
test route_params::tests::test_has_parameter ... ok
test route_params::tests::test_invalid_pattern ... ok
test route_params::tests::test_missing_parameter ... ok
test route_params::tests::test_optional_parameters ... ok
test route_params::tests::test_parameter_names ... ok
test route_params::tests::test_path_params_extraction ... ok
test route_params::tests::test_path_params_with_type_conversion ... ok
test route_params::tests::test_query_params_extraction ... ok
test tagged_union::tests::test_create_tagged_union ... ok
test tagged_union::tests::test_exhaustiveness_check ... ok
test tagged_union::tests::test_generic_union ... ok

test result: ok. 74 passed; 0 failed; 0 ignored; 0 measured; 0 filtered out; finished in 0.01s

     Running tests/advanced_inference.rs (target/debug/deps/advanced_inference-b3242962f6a55946)

running 43 tests
test catches_duplicate_field_in_struct ... ok
test catches_extra_struct_field ... ok
test catches_field_access_on_non_struct ... ok
test catches_index_on_non_indexable ... ok
test catches_missing_struct_field ... ok
test catches_return_type_mismatch ... ok
test catches_undefined_function ... ok
test catches_wrong_number_of_arguments ... ok
test infers_closure_capture ... ok
test infers_complex_array_operations ... ok
test infers_generic_struct ... ok
test infers_destructuring_assignment ... ok
test infers_higher_order_function ... ok
test infers_match_with_multiple_patterns ... ok
test infers_nested_if_expressions ... ok
test infers_mixed_collection_types ... ok
test infers_mutual_recursion ... ok
test infers_nested_pattern_match ... ok
test infers_optional_chaining ... ok
test lean_infer_addition ... ok
test infers_trait_bounds ... ok
test lean_infer_addition_type_mismatch ... ok
test lean_infer_application ... ok
test lean_infer_application_arg_type_mismatch ... ok
test lean_infer_bool_literal ... ok
test lean_infer_concat_type_mismatch ... ok
test lean_infer_generic_type ... ok
test lean_infer_if_branches_different_types ... ok
test lean_infer_if_condition_not_bool ... ok
test lean_infer_if_then_else ... ok
test lean_infer_lambda ... ok
test lean_infer_nat_literal ... ok
test lean_infer_nested_generics ... ok
test lean_infer_string_concat ... ok
test lean_infer_string_literal ... ok
test test_boolean_operations ... ok
test test_numeric_operations ... ok
test test_occurs_check_nested ... ok
test test_occurs_check_simple ... ok
test test_string_operations ... ok
test test_substitution_basic ... ok
test test_substitution_function ... ok
test test_substitution_nested ... ok

test result: ok. 43 passed; 0 failed; 0 ignored; 0 measured; 0 filtered out; finished in 0.00s

     Running tests/async_default_integration.rs (target/debug/deps/async_default_integration-c677f731e98fd445)

running 9 tests
test test_phase_1_sync_keyword ... ok
test test_phase_2_effect_inference ... ok
test test_phase_4_suspension_operators ... ok
test test_phase_5_promise_wrapping ... ok
test test_phase_2_mutual_recursion ... ok
test test_phase_6_await_inference ... ok
test test_phase_7_async_by_default ... ok
test test_phase_7_end_to_end_async ... ok
test test_phase_7_sync_async_boundary ... ok

test result: ok. 9 passed; 0 failed; 0 ignored; 0 measured; 0 filtered out; finished in 0.00s

     Running tests/class_inference_spec.rs (target/debug/deps/class_inference_spec-ddd88d978679b14e)

running 10 tests
test test_class_constructor_inference ... ok
test test_class_constructor_type_mismatch ... ok
test test_class_generic_field ... ok
test test_class_method_return_type ... ok
test test_class_generic_method ... ok
test test_class_inheritance_field_access ... ok
test test_class_nested_generics ... ok
test test_class_method_self_type ... ok
test test_class_polymorphic_field ... ok
test test_simple_class_field_access ... ok

test result: ok. 10 passed; 0 failed; 0 ignored; 0 measured; 0 filtered out; finished in 0.00s

     Running tests/impl_block_spec.rs (target/debug/deps/impl_block_spec-1c2c1b90e0453116)

running 10 tests
test test_impl_method_type_mismatch ... ok
test test_impl_associated_type ... ok
test test_impl_generic_trait_for_generic_class ... ok
test test_impl_generic_class ... ok
test test_impl_missing_trait_method ... ok
test test_impl_multiple_traits ... ok
test test_impl_trait_for_class ... ok
test test_impl_overlapping_detection ... ok
test test_impl_with_where_clause ... ok
test test_simple_impl_method ... ok

test result: ok. 10 passed; 0 failed; 0 ignored; 0 measured; 0 filtered out; finished in 0.00s

     Running tests/inference.rs (target/debug/deps/inference-9ee8896eeddeff2b)

running 76 tests
test catches_type_mismatch_in_binary_op ... ok
test infers_actor_definition ... ok
test infers_array_indexing ... ok
test catches_undefined_variable ... ok
test allows_specialization_with_default_impl ... ok
test infers_array_literal ... ok
test infers_array_pattern ... ok
test infers_assignment ... ok
test infers_bool_literal ... ok
test infers_bitnot_operator ... ok
test infers_break_continue ... ok
test infers_chained_method_calls ... ok
test infers_class_definition ... ok
test infers_comparison_operators ... ok
test infers_const_declaration ... ok
test infers_context_block ... ok
test infers_dict_indexing ... ok
test infers_deeply_nested_arrays ... ok
test infers_dict_literal ... ok
test infers_empty_dict ... ok
test infers_empty_array ... ok
test infers_enum_definition ... ok
test infers_enum_pattern_in_match ... ok
test infers_expression_statement ... ok
test infers_extern_function ... ok
test infers_field_access ... ok
test infers_float_literal ... ok
test infers_for_loop ... ok
test infers_function_with_params ... ok
test infers_if_expression ... ok
test infers_if_with_elif ... ok
test infers_impl_block ... ok
test infers_impl_with_self ... ok
test infers_in_operator ... ok
test infers_is_operator ... ok
test infers_lambda_expression ... ok
test infers_lambda_with_multiple_params ... ok
test infers_let_and_function_return ... ok
test infers_logical_operators ... ok
test infers_loop_statement ... ok
test infers_macro_definition ... ok
test infers_macro_intro_for_loop ... ok
test infers_macro_intro_in_block ... ok
test infers_macro_intro_with_const_template ... ok
test infers_match_expression ... ok
test infers_macro_invocation_return_type ... ok
test infers_match_with_guard ... ok
test infers_method_call ... ok
test infers_multiple_statements ... ok
test infers_method_on_string ... ok
test infers_nested_function_calls ... ok
test infers_nil_literal ... ok
test infers_optional_type ... ok
test infers_path_expression ... ok
test infers_return_statement ... ok
test infers_recursive_function ... ok
test infers_shift_operators ... ok
test infers_spawn_expression ... ok
test infers_send_recv ... ok
test infers_static_declaration ... ok
test infers_struct_definition ... ok
test infers_string_indexing ... ok
test infers_struct_init ... ok
test infers_struct_pattern_in_match ... ok
test infers_string_literal ... ok
test infers_tuple_indexing ... ok
test infers_trait_definition ... ok
test infers_tuple_literal ... ok
test infers_tuple_pattern ... ok
test infers_unary_operators ... ok
test infers_symbol_literal ... ok
test infers_while_loop ... ok
test rejects_macro_use_before_definition ... ok
test infers_typed_function_params ... ok
test rejects_overlapping_trait_impls_without_default ... ok
test rejects_macro_intro_shadowing_param ... ok

test result: ok. 76 passed; 0 failed; 0 ignored; 0 measured; 0 filtered out; finished in 0.01s

     Running tests/trait_bounds_spec.rs (target/debug/deps/trait_bounds_spec-56da303ef5874b94)

running 10 tests
test test_higher_ranked_trait_bounds ... ok
test test_conflicting_trait_bounds ... ok
test test_nested_trait_bounds ... ok
test test_multiple_trait_bounds ... ok
test test_simple_trait_bound ... ok
test test_trait_bound_not_satisfied_error ... ok
test test_trait_bound_inference ... ok
test test_trait_bound_with_associated_type ... ok
test test_trait_bound_with_lifetime ... ok
test test_trait_bound_with_self_type ... ok

test result: ok. 10 passed; 0 failed; 0 ignored; 0 measured; 0 filtered out; finished in 0.00s

     Running tests/trait_inference_spec.rs (target/debug/deps/trait_inference_spec-771b2641a8c38ac7)

running 10 tests
test test_trait_associated_type ... ok
test test_trait_bound_inference ... ok
test test_simple_trait_method ... ok
test test_trait_bound_not_satisfied ... ok
test test_trait_coherence_violation ... ok
test test_trait_generic_method ... ok
test test_trait_default_method ... ok
test test_trait_inheritance ... ok
test test_trait_object_type ... ok
test test_trait_multiple_bounds ... ok

test result: ok. 10 passed; 0 failed; 0 ignored; 0 measured; 0 filtered out; finished in 0.00s

     Running unittests src/lib.rs (target/debug/deps/simple_ui-a9f2831330699c4b)

running 31 tests
test ffi::tests::test_ffi_functions ... ok
test ffi::tests::test_native_window_fill_rect ... ok
test ffi::tests::test_native_window_create ... ok
test ffi::tests::test_screen_buffer_create ... ok
test ffi::tests::test_screen_buffer_set_cell ... ok
test lexer::tests::test_client_block ... ok
test ffi::tests::test_native_window_ffi ... ok
test lexer::tests::test_closing_tag ... ok
test lexer::tests::test_comment_block ... ok
test lexer::tests::test_control_if ... ok
test lexer::tests::test_declaration_block ... ok
test lexer::tests::test_directive_block ... ok
test lexer::tests::test_html_tag ... ok
test lexer::tests::test_mixed_content ... ok
test lexer::tests::test_output_block ... ok
test lexer::tests::test_self_closing_tag ... ok
test lexer::tests::test_server_block ... ok
test lexer::tests::test_text_only ... ok
test parser::tests::test_client_block ... ok
test parser::tests::test_element_with_attrs ... ok
test parser::tests::test_embed ... ok
test parser::tests::test_for_control ... ok
test parser::tests::test_if_control ... ok
test parser::tests::test_server_block ... ok
test parser::tests::test_simple_component ... ok
test patchset::diff::tests::test_diff_append ... ok
test patchset::diff::tests::test_diff_no_changes ... ok
test patchset::diff::tests::test_diff_remove ... ok
test patchset::diff::tests::test_diff_text ... ok
test patchset::diff::tests::test_diff_text_unchanged ... ok
test ssr::html::tests::test_simple_render ... ok

test result: ok. 31 passed; 0 failed; 0 ignored; 0 measured; 0 filtered out; finished in 0.00s

     Running unittests src/lib.rs (target/debug/deps/simple_wasm_runtime-a3c27a0dca49d01e)

running 4 tests
test browser_mock::tests::test_browser_verify ... ok
test browser_mock::tests::test_console_mock_setup ... ok
test browser_mock::tests::test_dom_mock_setup ... ok
test browser_mock::tests::test_fetch_mock_setup ... ok

test result: ok. 4 passed; 0 failed; 0 ignored; 0 measured; 0 filtered out; finished in 0.00s

     Running unittests src/lib.rs (target/debug/deps/simple_mock_helper-d70d0251062f0493)

running 66 tests
test api_scanner::tests::test_extract_fn_name ... ok
test api_scanner::tests::test_extract_crate_name ... ok
test api_scanner::tests::test_extract_impl_type ... ok
test api_scanner::tests::test_extract_type_name ... ok
test api_scanner::tests::test_generate_yaml ... ok
test coverage::tests::test_class_coverage_percent ... ok
test coverage::tests::test_class_coverage_percent_full ... ok
test coverage::tests::test_class_coverage_percent_zero_methods ... ok
test coverage::tests::test_compute_class_coverage_all_covered ... ok
test coverage::tests::test_compute_class_coverage_basic ... ok
test coverage::tests::test_compute_class_coverage_multiple_data_entries ... ok
test coverage::tests::test_compute_class_coverage_none_covered ... ok
test coverage::tests::test_coverage_summary ... ok
test coverage::tests::test_coverage_summary_empty ... ok
test coverage::tests::test_coverage_summary_meets_threshold ... ok
test coverage::tests::test_method_coverage_struct ... ok
test coverage::tests::test_parse_llvm_cov_export ... ok
test coverage::tests::test_parse_llvm_cov_export_empty ... ok
test coverage::tests::test_parse_llvm_cov_export_no_functions ... ok
test coverage::tests::test_parse_public_api_spec ... ok
test coverage::tests::test_split_type_method ... ok
test coverage::tests::test_parse_public_api_spec_empty ... ok
test coverage::tests::test_split_type_method_deep_nesting ... ok
test coverage::tests::test_split_type_method_empty ... ok
test coverage_extended::analyzer::tests::test_integration_report_generation ... ok
test coverage_extended::analyzer::tests::test_merged_report_generation ... ok
test coverage_extended::analyzer::tests::test_system_report_generation ... ok
test coverage_extended::analyzer::tests::test_uncovered_tracking ... ok
test coverage_extended::metrics::tests::test_coverage_metrics ... ok
test coverage_extended::report::tests::test_report_json_serialization ... ok
test coverage_extended::report::tests::test_threshold_check ... ok
test fluent::tests::test_arg_matchers ... ok
test fluent::tests::test_chain_with_args_and_returns ... ok
test fluent::tests::test_deep_call_chain ... ok
test fluent::tests::test_display_formatting ... ok
test fluent::tests::test_method_setup_builder ... ok
test fluent::tests::test_method_verification_builder ... ok
test fluent::tests::test_mock_setup_fluent ... ok
test fluent::tests::test_multiple_chain_calls ... ok
test fluent::tests::test_returns_sequence ... ok
test fluent::tests::test_spy_recording ... ok
test fluent::tests::test_verification_failure ... ok
test fluent::tests::test_verify_count ... ok
test mock_policy::tests::init_system_marks_policy_initialized ... ok
test mock_policy::tests::test_default_env_patterns ... ok
test mock_policy::tests::test_default_hal_patterns ... ok
test mock_policy::tests::test_env_patterns_match ... ok
test mock_policy::tests::test_mock_check_result_variants ... ok
test mock_policy::tests::test_pattern_matches_empty_pattern ... ok
test mock_policy::tests::test_pattern_matches_exact ... ok
test mock_policy::tests::test_pattern_matches_hal_pattern ... ok
test mock_policy::tests::test_pattern_matches_literal ... ok
test mock_policy::tests::test_pattern_matches_multiple_wildcards ... ok
test mock_policy::tests::test_pattern_matches_nested_hal ... ok
test mock_policy::tests::test_pattern_matches_prefix_suffix ... ok
test mock_policy::tests::test_pattern_matches_wildcard_only ... ok
test mock_policy::tests::try_check_requires_initialization ... ok
test test_check::tests::test_check_result_fail ... ok
test test_check::tests::test_check_result_pass ... ok
test test_check::tests::test_level_allows_mocks ... ok
test test_check::tests::test_level_env_mocks ... ok
test test_check::tests::test_level_hal_only ... ok
test test_check::tests::test_level_names ... ok
test test_check::tests::validate_fails_without_init_macro ... ok
test test_check::tests::validate_system_config_marks_policy_initialized ... ok
test test_check::tests::validate_unit_config_requires_policy ... ok

test result: ok. 66 passed; 0 failed; 0 ignored; 0 measured; 0 filtered out; finished in 0.00s

     Running unittests src/bin/coverage_gen.rs (target/debug/deps/coverage_gen-81f8e5ea4dbcd27a)

running 0 tests

test result: ok. 0 passed; 0 failed; 0 ignored; 0 measured; 0 filtered out; finished in 0.00s

     Running unittests src/bin/smh_coverage.rs (target/debug/deps/smh_coverage-12eb7a5de2b4199b)

running 0 tests

test result: ok. 0 passed; 0 failed; 0 ignored; 0 measured; 0 filtered out; finished in 0.00s

   Doc-tests arch_test

running 2 tests
test src/util/arch_test/src/lib.rs - (line 14) ... ignored
test src/util/arch_test/src/visualize.rs - visualize (line 7) ... ignored

test result: ok. 0 passed; 0 failed; 2 ignored; 0 measured; 0 filtered out; finished in 0.00s

   Doc-tests simple_common

running 0 tests

test result: ok. 0 passed; 0 failed; 0 ignored; 0 measured; 0 filtered out; finished in 0.00s

   Doc-tests simple_compiler

running 8 tests
test src/compiler/src/codegen/lean/mod.rs - codegen::lean (line 16) ... ignored
test src/compiler/src/codegen/wasm_bindgen_gen.rs - codegen::wasm_bindgen_gen (line 16) ... ignored
test src/compiler/src/i18n/registry.rs - i18n::registry (line 8) ... ignored
test src/compiler/src/linker/builder.rs - linker::builder (line 8) ... ignored
test src/compiler/src/linker/native_binary.rs - linker::native_binary (line 16) ... ignored
test src/compiler/src/web_compiler.rs - web_compiler (line 17) ... ignored
test src/compiler/src/runtime_profile/mod.rs - runtime_profile (line 18) ... FAILED
test src/compiler/src/layout_recorder.rs - layout_recorder (line 9) ... FAILED

failures:

---- src/compiler/src/runtime_profile/mod.rs - runtime_profile (line 18) stdout ----
error[E0460]: found possibly newer version of crate `simple_runtime` which `simple_compiler` depends on
  --> src/compiler/src/runtime_profile/mod.rs:18:1
   |
18 | extern crate r#simple_compiler;
   | ^^^^^^^^^^^^^^^^^^^^^^^^^^^^^^^
   |
   = note: perhaps that crate needs to be recompiled?
   = note: the following crate versions were found:
           crate `simple_runtime`: /home/ormastes/dev/pub/simple/target/debug/deps/libsimple_runtime.rlib
           crate `simple_runtime`: /home/ormastes/dev/pub/simple/target/debug/deps/libsimple_runtime-8ec34b009dd8e1f5.rmeta
           crate `simple_compiler`: /home/ormastes/dev/pub/simple/target/debug/deps/libsimple_compiler-8ca504fbbb28a64b.rlib

error: aborting due to 1 previous error

For more information about this error, try `rustc --explain E0460`.
Couldn't compile the test.
---- src/compiler/src/layout_recorder.rs - layout_recorder (line 9) stdout ----
error[E0460]: found possibly newer version of crate `simple_runtime` which `simple_compiler` depends on
 --> src/compiler/src/layout_recorder.rs:9:1
  |
9 | extern crate r#simple_compiler;
  | ^^^^^^^^^^^^^^^^^^^^^^^^^^^^^^^
  |
  = note: perhaps that crate needs to be recompiled?
  = note: the following crate versions were found:
          crate `simple_runtime`: /home/ormastes/dev/pub/simple/target/debug/deps/libsimple_runtime.rlib
          crate `simple_runtime`: /home/ormastes/dev/pub/simple/target/debug/deps/libsimple_runtime-8ec34b009dd8e1f5.rmeta
          crate `simple_compiler`: /home/ormastes/dev/pub/simple/target/debug/deps/libsimple_compiler-8ca504fbbb28a64b.rlib

error: aborting due to 1 previous error

For more information about this error, try `rustc --explain E0460`.
Couldn't compile the test.

failures:
    src/compiler/src/layout_recorder.rs - layout_recorder (line 9)
    src/compiler/src/runtime_profile/mod.rs - runtime_profile (line 18)

test result: FAILED. 0 passed; 2 failed; 6 ignored; 0 measured; 0 filtered out; finished in 0.07s

error: doctest failed, to rerun pass `-p simple-compiler --doc`
