#-----------------------------------------------------------
# Vivado v2025.2 (64-bit)
# SW Build 6299465 on Fri Nov 14 12:34:56 MST 2025
# IP Build 6300035 on Fri Nov 14 10:48:45 MST 2025
# SharedData Build 6298862 on Thu Nov 13 04:50:51 MST 2025
# Start of session at: Sat May  2 10:10:47 2026
# Process ID         : 948151
# Current directory  : /home/ormastes/dev/pub/simple
# Command line       : vivado -mode batch -source /home/ormastes/dev/pub/simple/scripts/vivado_mlk_s02_100t_generated_linux.tcl -tclargs mlk_s02_100t_rv64_linux rv64 /home/ormastes/dev/pub/simple/build/fpga/mlk_s02_100t/generated_linux_bundle /home/ormastes/dev/pub/simple/build/fpga/mlk_s02_100t/generated_linux_bundle/products/mlk_s02_100t_rv64_linux examples/09_embedded/fpga_riscv/constraints/mlk_s02_100t_assumed_unverified.xdc
# Log file           : /home/ormastes/dev/pub/simple/vivado.log
# Journal file       : /home/ormastes/dev/pub/simple/vivado.jou
# Running On         : dl
# Platform           : Ubuntu
# Operating System   : Ubuntu 24.04.4 LTS
# Processor Detail   : AMD Ryzen Threadripper 1950X 16-Core Processor
# CPU Frequency      : 1849.916 MHz
# CPU Physical cores : 16
# CPU Logical cores  : 32
# Host memory        : 134896 MB
# Swap memory        : 8589 MB
# Total Virtual      : 143486 MB
# Available Virtual  : 134723 MB
#-----------------------------------------------------------
source /home/ormastes/dev/pub/simple/scripts/vivado_mlk_s02_100t_generated_linux.tcl
