WARNING: test daemon unavailable; running directly
child binary: /mnt/data/worktrees/spectriage-1/bin/release/x86_64-unknown-linux-gnu/simple
fixture pass
  [32m✓ adds[0m

[32m1 example, 0 failures[0m
SPEC FILE VERDICT: triage/fix/a_pass_spec.spl outcome=OK declared>=1 executed=1 passed=1 failed=0 skipped=0 dropped=0

WARNING: this Rust-built Simple binary is a bootstrap seed only; do not use it as the normal tool.
Build and use the pure-Simple bin/simple instead.


=========================================
Test Summary
=========================================
Files: 1
Passed: 1
Failed: 0
Results: 1 total, 1 passed, 0 failed
Duration: 571ms

PASS triage/fix/a_pass_spec.spl

WARNING: this Rust-built Simple binary is a bootstrap seed only; do not use it as the normal tool.
Build and use the pure-Simple bin/simple instead.
[33mwarning[0m: '#[runtime_intrinsics]' uses deprecated syntax, use '@runtime_intrinsics' instead
  --> /mnt/data/worktrees/spectriage-1/src/app/io/process_env_ops.spl:1:1
   |
  1 | #[runtime_intrinsics]
   | ^

Replace '#[runtime_intrinsics]' with '@runtime_intrinsics'

[33mwarning[0m: Avoid 'export use *' - exposes unnecessary interfaces
  --> /mnt/data/worktrees/spectriage-1/src/lib/string_core.spl:3:1
   |
  3 | export use lib.common.string_core.*
   | ^

Use explicit exports instead

Example: export use module.{A, B, C} or export A, B from module

[33mwarning[0m: Avoid 'export use *' - exposes unnecessary interfaces
  --> /mnt/data/worktrees/spectriage-1/src/lib/nogc_async_mut/test_runner/test_runner_types.spl:1:1
   |
  1 | export use std.nogc_sync_mut.test_runner.test_runner_types.*
   | ^

Use explicit exports instead

Example: export use module.{A, B, C} or export A, B from module

[33mwarning[0m: Avoid 'export use *' - exposes unnecessary interfaces
  --> /mnt/data/worktrees/spectriage-1/src/lib/nogc_async_mut/test_runner/doctest_runner.spl:1:1
   |
  1 | export use std.nogc_sync_mut.test_runner.doctest_runner.*
   | ^

Use explicit exports instead

Example: export use module.{A, B, C} or export A, B from module

[gc-warning] Higher-layer module 'std.nogc_sync_mut.test_runner.test_runner_types' (family: nogc_sync_mut) imported in restricted context (family: nogc_async_mut) (higher_layer_runtime_family)
[gc-warning] Higher-layer module 'std.nogc_sync_mut.test_runner.test_executor_parsing' (family: nogc_sync_mut) imported in restricted context (family: nogc_async_mut) (higher_layer_runtime_family)
[gc-warning] Higher-layer module 'std.nogc_sync_mut.test_runner.test_runner_files' (family: nogc_sync_mut) imported in restricted context (family: nogc_async_mut) (higher_layer_runtime_family)
[gc-warning] Higher-layer module 'std.nogc_sync_mut.test_runner.test_manifest' (family: nogc_sync_mut) imported in restricted context (family: nogc_async_mut) (higher_layer_runtime_family)
[use-warning] 'manifest_covers' is named in `use std.test_runner.test_manifest.{...}` but module '/mnt/data/worktrees/spectriage-1/src/std/nogc_async_mut/test_runner/test_manifest.spl' does not provide it (imported from /mnt/data/worktrees/spectriage-1/src/std/nogc_sync_mut/test_runner/test_runner_files.spl)
[gc-warning] Higher-layer module 'std.nogc_sync_mut.test_runner.test_manifest_scanner' (family: nogc_sync_mut) imported in restricted context (family: nogc_async_mut) (higher_layer_runtime_family)
[use-warning] 'manifest_merge_roots' is named in `use std.test_runner.test_manifest.{...}` but module '/mnt/data/worktrees/spectriage-1/src/std/nogc_async_mut/test_runner/test_manifest.spl' does not provide it (imported from /mnt/data/worktrees/spectriage-1/src/std/nogc_sync_mut/test_runner/test_manifest_scanner.spl)
[gc-warning] Higher-layer module 'std.nogc_sync_mut.test_runner.doctest_runner' (family: nogc_sync_mut) imported in restricted context (family: nogc_async_mut) (higher_layer_runtime_family)
[gc-warning] Higher-layer module 'nogc_sync_mut.test_runner.sdoctest.types' (family: nogc_sync_mut) imported in restricted context (family: nogc_async_mut) (higher_layer_runtime_family)
[gc-warning] Higher-layer module 'nogc_sync_mut.test_runner.sdoctest.types' (family: nogc_sync_mut) imported in restricted context (family: nogc_async_mut) (higher_layer_runtime_family)
[gc-warning] Higher-layer module 'nogc_sync_mut.test_runner.sdoctest.types' (family: nogc_sync_mut) imported in restricted context (family: nogc_async_mut) (higher_layer_runtime_family)
[gc-warning] Higher-layer module 'nogc_sync_mut.test_runner.sdoctest.extractor' (family: nogc_sync_mut) imported in restricted context (family: nogc_async_mut) (higher_layer_runtime_family)
[gc-warning] Higher-layer module 'nogc_sync_mut.test_runner.sdoctest.extractor' (family: nogc_sync_mut) imported in restricted context (family: nogc_async_mut) (higher_layer_runtime_family)
[gc-warning] Higher-layer module 'nogc_sync_mut.test_runner.sdoctest.extractor' (family: nogc_sync_mut) imported in restricted context (family: nogc_async_mut) (higher_layer_runtime_family)
[gc-warning] Higher-layer module 'std.nogc_sync_mut.test_runner.test_runner_coverage' (family: nogc_sync_mut) imported in restricted context (family: nogc_async_mut) (higher_layer_runtime_family)

