WARNING: test daemon unavailable; running directly
child binary: /mnt/data/worktrees/spectriage-1/bin/release/x86_64-unknown-linux-gnu/simple
fixture in-development
  [31m✗ not yet implemented[0m
    [31mexpected 1 to equal 2[0m

[31m1 example, 1 failure[0m
SPEC FILE VERDICT: triage/fix/b_indev_spec.spl outcome=ERROR declared>=1 executed=1 passed=0 failed=1 skipped=0 dropped=0

WARNING: this Rust-built Simple binary is a bootstrap seed only; do not use it as the normal tool.
Build and use the pure-Simple bin/simple instead.
spec failure: 1 of 1 example(s) failed (exit 1)

error: test-runner: spec failed
IN-DEVELOPMENT EXPLICIT triage/fix/b_indev_spec.spl — `@tag:in-development`; explicit-path run reports the honest verdict (the suite would neutralise it)

=========================================
Test Summary
=========================================
Files: 1
Passed: 0
Failed: 1
Results: 1 total, 0 passed, 1 failed
Duration: 319ms

FAIL triage/fix/b_indev_spec.spl

WARNING: this Rust-built Simple binary is a bootstrap seed only; do not use it as the normal tool.
Build and use the pure-Simple bin/simple instead.
[33mwarning[0m: '#[runtime_intrinsics]' uses deprecated syntax, use '@runtime_intrinsics' instead
  --> /mnt/data/worktrees/spectriage-1/src/app/io/process_env_ops.spl:1:1
   |
  1 | #[runtime_intrinsics]
   | ^

Replace '#[runtime_intrinsics]' with '@runtime_intrinsics'

[33mwarning[0m: Avoid 'export use *' - exposes unnecessary interfaces
  --> /mnt/data/worktrees/spectriage-1/src/lib/string_core.spl:3:1
   |
  3 | export use lib.common.string_core.*
   | ^

Use explicit exports instead

Example: export use module.{A, B, C} or export A, B from module

[33mwarning[0m: Avoid 'export use *' - exposes unnecessary interfaces
  --> /mnt/data/worktrees/spectriage-1/src/lib/nogc_async_mut/test_runner/test_runner_types.spl:1:1
   |
  1 | export use std.nogc_sync_mut.test_runner.test_runner_types.*
   | ^

Use explicit exports instead

Example: export use module.{A, B, C} or export A, B from module

[33mwarning[0m: Avoid 'export use *' - exposes unnecessary interfaces
  --> /mnt/data/worktrees/spectriage-1/src/lib/nogc_async_mut/test_runner/doctest_runner.spl:1:1
   |
  1 | export use std.nogc_sync_mut.test_runner.doctest_runner.*
   | ^

Use explicit exports instead

Example: export use module.{A, B, C} or export A, B from module

[gc-warning] Higher-layer module 'std.nogc_sync_mut.test_runner.test_runner_types' (family: nogc_sync_mut) imported in restricted context (family: nogc_async_mut) (higher_layer_runtime_family)
[gc-warning] Higher-layer module 'std.nogc_sync_mut.test_runner.test_executor_parsing' (family: nogc_sync_mut) imported in restricted context (family: nogc_async_mut) (higher_layer_runtime_family)
[gc-warning] Higher-layer module 'std.nogc_sync_mut.test_runner.test_runner_files' (family: nogc_sync_mut) imported in restricted context (family: nogc_async_mut) (higher_layer_runtime_family)
[gc-warning] Higher-layer module 'std.nogc_sync_mut.test_runner.test_manifest' (family: nogc_sync_mut) imported in restricted context (family: nogc_async_mut) (higher_layer_runtime_family)
[use-warning] 'manifest_covers' is named in `use std.test_runner.test_manifest.{...}` but module '/mnt/data/worktrees/spectriage-1/src/std/nogc_async_mut/test_runner/test_manifest.spl' does not provide it (imported from /mnt/data/worktrees/spectriage-1/src/std/nogc_sync_mut/test_runner/test_runner_files.spl)
[gc-warning] Higher-layer module 'std.nogc_sync_mut.test_runner.test_manifest_scanner' (family: nogc_sync_mut) imported in restricted context (family: nogc_async_mut) (higher_layer_runtime_family)
[use-warning] 'manifest_merge_roots' is named in `use std.test_runner.test_manifest.{...}` but module '/mnt/data/worktrees/spectriage-1/src/std/nogc_async_mut/test_runner/test_manifest.spl' does not provide it (imported from /mnt/data/worktrees/spectriage-1/src/std/nogc_sync_mut/test_runner/test_manifest_scanner.spl)
[gc-warning] Higher-layer module 'std.nogc_sync_mut.test_runner.doctest_runner' (family: nogc_sync_mut) imported in restricted context (family: nogc_async_mut) (higher_layer_runtime_family)
[gc-warning] Higher-layer module 'nogc_sync_mut.test_runner.sdoctest.types' (family: nogc_sync_mut) imported in restricted context (family: nogc_async_mut) (higher_layer_runtime_family)
[gc-warning] Higher-layer module 'nogc_sync_mut.test_runner.sdoctest.types' (family: nogc_sync_mut) imported in restricted context (family: nogc_async_mut) (higher_layer_runtime_family)
[gc-warning] Higher-layer module 'nogc_sync_mut.test_runner.sdoctest.types' (family: nogc_sync_mut) imported in restricted context (family: nogc_async_mut) (higher_layer_runtime_family)
[gc-warning] Higher-layer module 'nogc_sync_mut.test_runner.sdoctest.extractor' (family: nogc_sync_mut) imported in restricted context (family: nogc_async_mut) (higher_layer_runtime_family)
[gc-warning] Higher-layer module 'nogc_sync_mut.test_runner.sdoctest.extractor' (family: nogc_sync_mut) imported in restricted context (family: nogc_async_mut) (higher_layer_runtime_family)
[gc-warning] Higher-layer module 'nogc_sync_mut.test_runner.sdoctest.extractor' (family: nogc_sync_mut) imported in restricted context (family: nogc_async_mut) (higher_layer_runtime_family)
[gc-warning] Higher-layer module 'std.nogc_sync_mut.test_runner.test_runner_coverage' (family: nogc_sync_mut) imported in restricted context (family: nogc_async_mut) (higher_layer_runtime_family)

