WARNING: this Rust-built Simple binary is a bootstrap seed only; do not use it as the normal tool.
Build and use the pure-Simple bin/simple instead.
[33mwarning[0m: '#[runtime_intrinsics]' uses deprecated syntax, use '@runtime_intrinsics' instead
  --> /mnt/data/worktrees/spectriage-1/src/app/io/process_env_ops.spl:1:1
   |
  1 | #[runtime_intrinsics]
   | ^

Replace '#[runtime_intrinsics]' with '@runtime_intrinsics'

[33mwarning[0m: Avoid 'export use *' - exposes unnecessary interfaces
  --> /mnt/data/worktrees/spectriage-1/src/lib/string_core.spl:3:1
   |
  3 | export use lib.common.string_core.*
   | ^

Use explicit exports instead

Example: export use module.{A, B, C} or export A, B from module

[33mwarning[0m: Avoid 'export use *' - exposes unnecessary interfaces
  --> /mnt/data/worktrees/spectriage-1/src/lib/nogc_async_mut/test_runner/test_runner_types.spl:1:1
   |
  1 | export use std.nogc_sync_mut.test_runner.test_runner_types.*
   | ^

Use explicit exports instead

Example: export use module.{A, B, C} or export A, B from module

[33mwarning[0m: Avoid 'export use *' - exposes unnecessary interfaces
  --> /mnt/data/worktrees/spectriage-1/src/lib/nogc_async_mut/test_runner/test_config.spl:1:1
   |
  1 | export use std.nogc_sync_mut.test_runner.test_config.*
   | ^

Use explicit exports instead

Example: export use module.{A, B, C} or export A, B from module

[33mwarning[0m: Avoid 'export use *' - exposes unnecessary interfaces
  --> /mnt/data/worktrees/spectriage-1/src/lib/nogc_async_mut/test_runner/test_runner_modes.spl:1:1
   |
  1 | export use std.nogc_sync_mut.test_runner.test_runner_modes.*
   | ^

Use explicit exports instead

Example: export use module.{A, B, C} or export A, B from module

[33mwarning[0m: Avoid 'export use *' - exposes unnecessary interfaces
  --> /mnt/data/worktrees/spectriage-1/src/lib/nogc_async_mut/test_runner/doctest_runner.spl:1:1
   |
  1 | export use std.nogc_sync_mut.test_runner.doctest_runner.*
   | ^

Use explicit exports instead

Example: export use module.{A, B, C} or export A, B from module

[33mwarning[0m: Avoid 'export use *' - exposes unnecessary interfaces
  --> /mnt/data/worktrees/spectriage-1/src/lib/nogc_async_mut/test_runner/test_runner_output.spl:1:1
   |
  1 | export use std.nogc_sync_mut.test_runner.test_runner_output.*
   | ^

Use explicit exports instead

Example: export use module.{A, B, C} or export A, B from module

[33mwarning[0m: Avoid 'export use *' - exposes unnecessary interfaces
  --> /mnt/data/worktrees/spectriage-1/src/lib/nogc_async_mut/test_runner/test_runner_helpers.spl:1:1
   |
  1 | export use std.nogc_sync_mut.test_runner.test_runner_helpers.*
   | ^

Use explicit exports instead

Example: export use module.{A, B, C} or export A, B from module

[33mwarning[0m: Avoid 'export use *' - exposes unnecessary interfaces
  --> /mnt/data/worktrees/spectriage-1/src/lib/nogc_async_mut/test_runner/test_db_compat.spl:1:1
   |
  1 | export use std.nogc_sync_mut.test_runner.test_db_compat.*
   | ^

Use explicit exports instead

Example: export use module.{A, B, C} or export A, B from module

[33mwarning[0m: Avoid 'export use *' - exposes unnecessary interfaces
  --> /mnt/data/worktrees/spectriage-1/src/lib/nogc_async_mut/test_runner/test_db_types.spl:1:1
   |
  1 | export use std.nogc_sync_mut.test_runner.test_db_types.*
   | ^

Use explicit exports instead

Example: export use module.{A, B, C} or export A, B from module

[33mwarning[0m: Avoid 'export use *' - exposes unnecessary interfaces
  --> /mnt/data/worktrees/spectriage-1/src/lib/nogc_async_mut/test_runner/test_db_core.spl:1:1
   |
  1 | export use std.nogc_sync_mut.test_runner.test_db_core.*
   | ^

Use explicit exports instead

Example: export use module.{A, B, C} or export A, B from module

[33mwarning[0m: Avoid 'export use *' - exposes unnecessary interfaces
  --> /mnt/data/worktrees/spectriage-1/src/lib/nogc_async_mut/test_runner/string_interner.spl:1:1
   |
  1 | export use std.nogc_sync_mut.test_runner.string_interner.*
   | ^

Use explicit exports instead

Example: export use module.{A, B, C} or export A, B from module

[33mwarning[0m: Avoid 'export use *' - exposes unnecessary interfaces
  --> /mnt/data/worktrees/spectriage-1/src/lib/nogc_async_mut/test_runner/test_db_io.spl:1:1
   |
  1 | export use std.nogc_sync_mut.test_runner.test_db_io.*
   | ^

Use explicit exports instead

Example: export use module.{A, B, C} or export A, B from module

[33mwarning[0m: Avoid 'export use *' - exposes unnecessary interfaces
  --> /mnt/data/worktrees/spectriage-1/src/lib/nogc_async_mut/test_runner/test_db_lock.spl:1:1
   |
  1 | export use std.nogc_sync_mut.test_runner.test_db_lock.*
   | ^

Use explicit exports instead

Example: export use module.{A, B, C} or export A, B from module

[33mwarning[0m: Avoid 'export use *' - exposes unnecessary interfaces
  --> /mnt/data/worktrees/spectriage-1/src/lib/nogc_async_mut/test_runner/test_db_parser.spl:1:1
   |
  1 | export use std.nogc_sync_mut.test_runner.test_db_parser.*
   | ^

Use explicit exports instead

Example: export use module.{A, B, C} or export A, B from module

[33mwarning[0m: Avoid 'export use *' - exposes unnecessary interfaces
  --> /mnt/data/worktrees/spectriage-1/src/lib/nogc_async_mut/test_runner/test_db_serializer.spl:1:1
   |
  1 | export use std.nogc_sync_mut.test_runner.test_db_serializer.*
   | ^

Use explicit exports instead

Example: export use module.{A, B, C} or export A, B from module

[33mwarning[0m: Avoid 'export use *' - exposes unnecessary interfaces
  --> /mnt/data/worktrees/spectriage-1/src/compiler/10.frontend/core/ast.spl:18:1
   |
 18 | export use compiler.frontend.core._Ast.decl_nodes.*
   | ^

Use explicit exports instead

Example: export use module.{A, B, C} or export A, B from module

[33mwarning[0m: Avoid 'export use *' - exposes unnecessary interfaces
  --> /mnt/data/worktrees/spectriage-1/src/compiler/10.frontend/core/ast.spl:19:1
   |
 19 | export use compiler.frontend.core._Ast.module_state.*
   | ^

Use explicit exports instead

Example: export use module.{A, B, C} or export A, B from module

[33mwarning[0m: Avoid 'export use *' - exposes unnecessary interfaces
  --> /mnt/data/worktrees/spectriage-1/src/compiler/10.frontend/core/ast_expr.spl:9:1
   |
  9 | export use compiler.frontend.core._AstExpr.nodes.*
   | ^

Use explicit exports instead

Example: export use module.{A, B, C} or export A, B from module

[33mwarning[0m: Avoid 'export use *' - exposes unnecessary interfaces
  --> /mnt/data/worktrees/spectriage-1/src/compiler/10.frontend/core/ast_expr.spl:10:1
   |
 10 | export use compiler.frontend.core._AstExpr.accessors.*
   | ^

Use explicit exports instead

Example: export use module.{A, B, C} or export A, B from module

[gc-warning] Higher-layer module 'std.nogc_sync_mut.test_runner.test_runner_args' (family: nogc_sync_mut) imported in restricted context (family: nogc_async_mut) (higher_layer_runtime_family)
[gc-warning] Higher-layer module 'std.nogc_sync_mut.test_runner.test_runner_types' (family: nogc_sync_mut) imported in restricted context (family: nogc_async_mut) (higher_layer_runtime_family)
[gc-warning] Higher-layer module 'std.nogc_sync_mut.test_runner.test_config' (family: nogc_sync_mut) imported in restricted context (family: nogc_async_mut) (higher_layer_runtime_family)
[gc-warning] Higher-layer module 'std.nogc_sync_mut.test_runner.test_runner_modes' (family: nogc_sync_mut) imported in restricted context (family: nogc_async_mut) (higher_layer_runtime_family)
[gc-warning] Higher-layer module 'std.nogc_sync_mut.test_runner.test_runner_files' (family: nogc_sync_mut) imported in restricted context (family: nogc_async_mut) (higher_layer_runtime_family)
[gc-warning] Higher-layer module 'std.nogc_sync_mut.test_runner.test_manifest' (family: nogc_sync_mut) imported in restricted context (family: nogc_async_mut) (higher_layer_runtime_family)
[use-warning] 'manifest_covers' is named in `use std.test_runner.test_manifest.{...}` but module '/mnt/data/worktrees/spectriage-1/src/std/nogc_async_mut/test_runner/test_manifest.spl' does not provide it (imported from /mnt/data/worktrees/spectriage-1/src/std/nogc_sync_mut/test_runner/test_runner_files.spl)
[gc-warning] Higher-layer module 'std.nogc_sync_mut.test_runner.test_manifest_scanner' (family: nogc_sync_mut) imported in restricted context (family: nogc_async_mut) (higher_layer_runtime_family)
[use-warning] 'manifest_merge_roots' is named in `use std.test_runner.test_manifest.{...}` but module '/mnt/data/worktrees/spectriage-1/src/std/nogc_async_mut/test_runner/test_manifest.spl' does not provide it (imported from /mnt/data/worktrees/spectriage-1/src/std/nogc_sync_mut/test_runner/test_manifest_scanner.spl)
[gc-warning] Higher-layer module 'std.nogc_sync_mut.test_runner.doctest_runner' (family: nogc_sync_mut) imported in restricted context (family: nogc_async_mut) (higher_layer_runtime_family)
[gc-warning] Higher-layer module 'std.nogc_sync_mut.test_runner.test_executor_parsing' (family: nogc_sync_mut) imported in restricted context (family: nogc_async_mut) (higher_layer_runtime_family)
[gc-warning] Higher-layer module 'nogc_sync_mut.test_runner.sdoctest.types' (family: nogc_sync_mut) imported in restricted context (family: nogc_async_mut) (higher_layer_runtime_family)
[gc-warning] Higher-layer module 'nogc_sync_mut.test_runner.sdoctest.types' (family: nogc_sync_mut) imported in restricted context (family: nogc_async_mut) (higher_layer_runtime_family)
[gc-warning] Higher-layer module 'nogc_sync_mut.test_runner.sdoctest.types' (family: nogc_sync_mut) imported in restricted context (family: nogc_async_mut) (higher_layer_runtime_family)
[gc-warning] Higher-layer module 'nogc_sync_mut.test_runner.sdoctest.extractor' (family: nogc_sync_mut) imported in restricted context (family: nogc_async_mut) (higher_layer_runtime_family)
[gc-warning] Higher-layer module 'nogc_sync_mut.test_runner.sdoctest.extractor' (family: nogc_sync_mut) imported in restricted context (family: nogc_async_mut) (higher_layer_runtime_family)
[gc-warning] Higher-layer module 'nogc_sync_mut.test_runner.sdoctest.extractor' (family: nogc_sync_mut) imported in restricted context (family: nogc_async_mut) (higher_layer_runtime_family)
[gc-warning] Higher-layer module 'std.nogc_sync_mut.test_runner.test_runner_coverage' (family: nogc_sync_mut) imported in restricted context (family: nogc_async_mut) (higher_layer_runtime_family)
[gc-warning] Higher-layer module 'std.nogc_sync_mut.test_runner.test_runner_output' (family: nogc_sync_mut) imported in restricted context (family: nogc_async_mut) (higher_layer_runtime_family)
[gc-warning] Higher-layer module 'std.nogc_sync_mut.test_runner.test_runner_helpers' (family: nogc_sync_mut) imported in restricted context (family: nogc_async_mut) (higher_layer_runtime_family)
[gc-warning] Higher-layer module 'std.nogc_sync_mut.test_runner.test_db_compat' (family: nogc_sync_mut) imported in restricted context (family: nogc_async_mut) (higher_layer_runtime_family)
[gc-warning] Higher-layer module 'nogc_sync_mut.database.test_extended.database' (family: nogc_sync_mut) imported in restricted context (family: nogc_async_mut) (higher_layer_runtime_family)
[gc-warning] Higher-layer module 'nogc_sync_mut.database.test_extended.factory' (family: nogc_sync_mut) imported in restricted context (family: nogc_async_mut) (higher_layer_runtime_family)
[gc-warning] Higher-layer module 'nogc_sync_mut.database.test_extended.stubs' (family: nogc_sync_mut) imported in restricted context (family: nogc_async_mut) (higher_layer_runtime_family)
[use-warning] 'rt_timestamp_now' is named in `use nogc_sync_mut.database.test_extended.stubs.{...}` but module '/mnt/data/worktrees/spectriage-1/src/lib/nogc_sync_mut/database/test_extended/stubs.spl' does not provide it (imported from /mnt/data/worktrees/spectriage-1/src/lib/nogc_async_mut/database/test_extended/stubs.spl)
[use-warning] 'rt_getpid' is named in `use nogc_sync_mut.database.test_extended.stubs.{...}` but module '/mnt/data/worktrees/spectriage-1/src/lib/nogc_sync_mut/database/test_extended/stubs.spl' does not provide it (imported from /mnt/data/worktrees/spectriage-1/src/lib/nogc_async_mut/database/test_extended/stubs.spl)
[gc-warning] Higher-layer module 'nogc_sync_mut.database.test_extended.types' (family: nogc_sync_mut) imported in restricted context (family: nogc_async_mut) (higher_layer_runtime_family)
[gc-warning] Higher-layer module 'std.nogc_sync_mut.test_runner.test_db_types' (family: nogc_sync_mut) imported in restricted context (family: nogc_async_mut) (higher_layer_runtime_family)
[gc-warning] Higher-layer module 'std.nogc_sync_mut.test_runner.test_db_core' (family: nogc_sync_mut) imported in restricted context (family: nogc_async_mut) (higher_layer_runtime_family)
[gc-warning] Higher-layer module 'std.nogc_sync_mut.test_runner.string_interner' (family: nogc_sync_mut) imported in restricted context (family: nogc_async_mut) (higher_layer_runtime_family)
[gc-warning] Higher-layer module 'std.nogc_sync_mut.test_runner.test_db_io' (family: nogc_sync_mut) imported in restricted context (family: nogc_async_mut) (higher_layer_runtime_family)
[gc-warning] Higher-layer module 'std.nogc_sync_mut.test_runner.test_db_lock' (family: nogc_sync_mut) imported in restricted context (family: nogc_async_mut) (higher_layer_runtime_family)
[gc-warning] Higher-layer module 'std.nogc_sync_mut.test_runner.test_db_parser' (family: nogc_sync_mut) imported in restricted context (family: nogc_async_mut) (higher_layer_runtime_family)
[gc-warning] Higher-layer module 'std.nogc_sync_mut.test_runner.test_db_serializer' (family: nogc_sync_mut) imported in restricted context (family: nogc_async_mut) (higher_layer_runtime_family)
[gc-warning] Higher-layer module 'std.nogc_sync_mut.test_runner.test_stats' (family: nogc_sync_mut) imported in restricted context (family: nogc_async_mut) (higher_layer_runtime_family)
[gc-warning] Higher-layer module 'std.nogc_sync_mut.database.core' (family: nogc_sync_mut) imported in restricted context (family: nogc_async_mut) (higher_layer_runtime_family)
[gc-warning] Higher-layer module 'std.nogc_sync_mut.io' (family: nogc_sync_mut) imported in restricted context (family: nogc_async_mut) (higher_layer_runtime_family)
[gc-warning] Higher-layer module 'std.nogc_sync_mut.io.time_ops' (family: nogc_sync_mut) imported in restricted context (family: nogc_async_mut) (higher_layer_runtime_family)
[gc-warning] Higher-layer module 'std.nogc_sync_mut.io.file_ops' (family: nogc_sync_mut) imported in restricted context (family: nogc_async_mut) (higher_layer_runtime_family)
[gc-warning] Higher-layer module 'std.nogc_sync_mut.io.dir_entry_ops' (family: nogc_sync_mut) imported in restricted context (family: nogc_async_mut) (higher_layer_runtime_family)
[gc-warning] Higher-layer module 'std.nogc_sync_mut.io.tcp' (family: nogc_sync_mut) imported in restricted context (family: nogc_async_mut) (higher_layer_runtime_family)
[gc-warning] Higher-layer module 'std.nogc_sync_mut.io.tcp' (family: nogc_sync_mut) imported in restricted context (family: nogc_async_mut) (higher_layer_runtime_family)
[gc-warning] Higher-layer module 'std.nogc_sync_mut.io.udp' (family: nogc_sync_mut) imported in restricted context (family: nogc_async_mut) (higher_layer_runtime_family)
[gc-warning] Higher-layer module 'std.nogc_sync_mut.database.checker' (family: nogc_sync_mut) imported in restricted context (family: nogc_async_mut) (higher_layer_runtime_family)
[gc-warning] Higher-layer module 'std.io' (family: nogc_sync_mut) imported in restricted context (family: nogc_async_mut) (higher_layer_runtime_family)
