[MEM] START: MemAvailable:   75098916 kB
[MEM] AFTER_PARSE_ARGS: MemAvailable:   75086176 kB
Simple Test Runner v0.8.1

Unstable mode: OFF (interactive default)

  [setup] discover: begin (target: triage/fix)
  [setup] discover: 4ms (3 file(s))
  [setup] cover-check: 0ms
Failed to start test daemon
Failed to start test daemon
WARNING: test daemon unavailable; running directly [fallback]
[MEM] BEFORE_TEST_LOOP: MemAvailable:   75072652 kB
Running 3 test file(s) [mode: interpreter]...
Self-protection enabled (stops when free CPU < 25.0% AND free RAM < 25.0%)
  Max memory per test: 16GB
Change-detection cache bypassed (--clean)
Session setup: 16106ms

  PASS  triage/fix/a_pass_spec.spl (1 passed, 1741ms)
  FAIL  triage/fix/c_fail_spec.spl (0 passed, 1 failed, 1 skipped, 1550ms)
        Error: Process exited with code 1
IN-DEVELOPMENT NEUTRALISED triage/fix/b_indev_spec.spl (1 expected failure(s), verdict neutralised; @tag:in-development)
  PASS  triage/fix/b_indev_spec.spl (0 passed, 1 skipped, 566ms)

Files:   3 discovered, 3 executed
[MEM] AFTER_RUN_3_files: MemAvailable:   75469984 kB
SPEC FILE VERDICT: triage/fix/a_pass_spec.spl outcome=OK declared>=1 executed=1 passed=1 failed=0 dropped=0
SPEC FILE VERDICT: triage/fix/c_fail_spec.spl outcome=ERROR declared>=1 executed=1 passed=0 failed=1 dropped=0
SPEC FILE VERDICT: triage/fix/b_indev_spec.spl outcome=NOT_RUN declared>=0 executed=0 passed=0 failed=0 dropped=0

=========================================
Results: 2 total, 1 passed, 1 failed, 2 skipped
Time:    3857ms (setup: 16106ms)
=========================================
Some tests failed.
States: 1 passed, 1 failed, 1 in development (expected to fail)
