app.cli.bootstrap_main
compiler.driver.driver
app.cli.main
app.cli.main
lib.text
lib.text
examples.demo
.tmp.probe_dir.entry
config.app
compiler.common.module_path_naming
one.two.three.item
1234.keep.item
1x.keep.item
xsrc.app
srcx.app
app.spl.old
app.SPL
app.sdn.old
src

one.src.two
two
lib._private.item
examples.demo
examples.demo
a
module-path-normalization-26-pass
