grep: /private/tmp/simple-macos-native-evidence.FOkfFB/scripts/release/macos-universal-m5.shs: No such file or directory
real 0.09
user 0.02
sys 0.04
             2179072  maximum resident set size
                   0  average shared memory size
                   0  average unshared data size
                   0  average unshared stack size
                8831  page reclaims
                  31  page faults
                   0  swaps
                   0  block input operations
                   0  block output operations
                   0  messages sent
                   0  messages received
                   0  signals received
                 112  voluntary context switches
                 499  involuntary context switches
            68676395  instructions retired
            33389541  cycles elapsed
             1376544  peak memory footprint
