Executable=/Users/ormastes/simple/bin/release/macos-arm64/simple
Identifier=simple
Format=Mach-O thin (arm64)
CodeDirectory v=20400 size=192895 flags=0x20002(adhoc,linker-signed) hashes=6025+0 location=embedded
VersionPlatform=1
VersionMin=1703936
VersionSDK=1704448
Hash type=sha256 size=32
CandidateCDHash sha256=dcc460d8844f9bd1e7f5f6c1404c4fa26840323e
CandidateCDHashFull sha256=dcc460d8844f9bd1e7f5f6c1404c4fa26840323e636f6c12b041e8b200e891c5
Hash choices=sha256
CMSDigest=dcc460d8844f9bd1e7f5f6c1404c4fa26840323e636f6c12b041e8b200e891c5
CMSDigestType=2
Executable Segment base=0
Executable Segment limit=14778368
Executable Segment flags=0x1
Page size=4096
CDHash=dcc460d8844f9bd1e7f5f6c1404c4fa26840323e
Signature=adhoc
Info.plist=not bound
TeamIdentifier=not set
Sealed Resources=none
Internal requirements=none
