Simple Test Runner v0.9.5

───────────────────────────────────────────────────────────────
Test Discovery
───────────────────────────────────────────────────────────────
  Spec files (*_spec.spl):  1
  Test files (*_test.spl):  0
───────────────────────────────────────────────────────────────

Running: /private/tmp/simple-macos-native-evidence.FOkfFB/test/02_integration/compiler/cache/reverse_reference_projection_receipt_spec.spl
  [31mFAILED[0m (113ms)
  Error: parse error: Unexpected token: expected '(', '{', or '[', found RParen

═══════════════════════════════════════════════════════════════
Test Summary
═══════════════════════════════════════════════════════════════
Files: 1
[32mPassed: 0[0m
[31mFailed: 1[0m
Duration: 128ms

[31m✗ Some tests failed[0m

Failed files:
  - /private/tmp/simple-macos-native-evidence.FOkfFB/test/02_integration/compiler/cache/reverse_reference_projection_receipt_spec.spl

Slowest tests:
       113ms  /private/tmp/simple-macos-native-evidence.FOkfFB/test/02_integration/compiler/cache/reverse_reference_projection_receipt_spec.spl
FAIL: reverse-reference projection receipt spec failed
