rss-guard: session installation failed: unsafe inherited session admission at /mnt/d/dev/simple-ad-hoc/full-cli-restored-owner-complete-source-20261007/scripts/resource/process-tree-rss-watchdog.pl line 363.

status=session-helper-install-failed
exit_status=89
root_pid=0
max_rss_kib=5859375
peak_rss_kib=0
samples=0
interval_ms=100
sample_gap_max_ms=0
observation_budget_ms=30000
sample_duration_max_ms=0
sample_overruns=0
observer_backend=linux-proc
observer_path=
observer_sha256=
observer_source_sha256=
observer_starts=0
observer_errors=0
observer_restarts=0
observer_last_pid=0
containment_scope=observed-descendants-and-process-groups
hard_memory_limit=0
quiescent=1
rss_cap_mode=enforce
rss_cap_enforced=1
rss_limit_kib=5859375
session_id=0
session_checks=1
session_mode=inherit
session_admission=
parent_session_admission_sha256=
ordinary_compile_rss_target_bytes=1000000000
session_helper=/tmp/simple-db-formal-stage2-trust-root-attempt3-20261007/logs/x86_64-unknown-linux-gnu/simple-rss-session-4yROkpYf/bootstrap-session-exec
session_helper_sha256=3fe4b6c67f4acd311efb6609c775829a914d26712600d6a85ae983574f86c900
session_helper_source_sha256=1d28f9db91cb803086970443b339744f945fea83215f7a8fb1b200ef97437400
session_helper_integrity=unverified
unexpected_session_pids=
