[simple-runtime][error] rejected invalid array handle before dereference; probable compiler/FFI ABI mismatch (value_bits=0x000059c3d8092261)
  ok   unpromoted scope begins
  ok   unpromoted graph allocates
  ok   all unpromoted graph nodes register
  ok   unpromoted scope ends
  ok   unpromoted graph is reclaimed and unregistered
  ok   promoted scope begins
  ok   raw aggregate carriers allocate
  ok   scope pauses before promotion
  ok   tagged raw root promotes through collection and raw aggregate edges
  ok   a second promotion of the retained graph succeeds
  ok   promoted scope ends
  ok   promoted graph registry count is bounded
  ok   promoted array survives
  ok   promoted dict key and value survive
  ok   promoted enum payload survives
  ok   promoted closure capture survives
  ok   promoted nested array and boxed float survive
  ok   follow-up scope begins
  ok   follow-up scoped allocation succeeds
  ok   follow-up scope ends
  ok   later reclamation leaves the promoted registry bound unchanged
  ok   scope-death CONTROL array (allocated outside) is healthy
  ok   scope-death scope begins
  ok   array born inside the scope is healthy WHILE the scope is open
  ok   scope-death scope ends
  ok   unpromoted scope-born array reports no length after scope end
  ok   push into an unpromoted scope-born array is SILENTLY dropped
  ok   an unpromoted scope-born array can never grow again
  ok   clear on an unpromoted scope-born array is a SILENT no-op
  ok   scope-death CONTROL array is unaffected by the scope
  ok   raw-reclaim scope begins
  ok   scope-born raw blocks allocate
  ok   unpromoted scope-born raw block is writable
  ok   raw-reclaim scope pauses
  ok   raw CONTROL block promotes
  ok   scope end reclaims the unpromoted raw block without aborting
  ok   promoted raw CONTROL block survives reclamation of its sibling
  ok   follow-up raw scope begins after owner-mode reclamation
  ok   follow-up scope raw allocation succeeds
  ok   follow-up raw scope ends and reclaims its allocation
  ok   direct-string scope begins
  ok   ordinary pre-pause string registers in the scope
  ok   direct-string scope ends
  ok   unpromoted ordinary string is reclaimed
  ok   aliased-string scope begins
  ok   one string alias and two owners register once each
  ok   aliased-string scope ends
  ok   aliased string graph is reclaimed exactly once
  ok   direct promoted-string scope begins
  ok   a direct string root promotes
  ok   direct promoted string survives
  ok   direct promoted string remains explicitly reclaimable
  ok   promoted-string graph scope begins
  ok   promoted-string graph pauses
  ok   promotion walks string aliases, dict keys, enum payloads, and cycle
  ok   promoted-string graph scope ends
  ok   promoted string graph survives scope end
  ok   unreachable sibling string is reclaimed while five graph nodes survive
  ok   shared-string scope begins
  ok   shared-string scope ends
  ok   shared cache and literal-intern strings survive first creation in a scope
  ok   shared cache and literal intern preserve pointer identity
  ok   one-byte literal reuses the ordinary short cache and refuses free
  ok   shared strings remain registered without transient duplicates
  ok   post-pause string scope begins and pauses
  ok   post-pause string scope ends
  ok   ordinary post-pause string remains persistent by current scope contract
  ok   post-pause test string remains explicitly reclaimable
  ok   repeated string scopes return the registry to a fixed bound
  ok   persistent strings remain registered
  ok   scope-end cost stays bounded after 100000 persistent strings
  ok   persistent arrays allocate
  ok   persistent arrays remain registered
  ok   scope-end cost stays bounded after 20000 persistent arrays
SELFCHECK PASSED (0 failures)
