[build] load_sources unknown/unknown step 0/6 +0ms dt=0ms starting
[build] source_closure 0/1 step 0/6 +2ms dt=2ms pending
[build] source_closure 0/1 step 0/6 +3ms dt=1ms test/fixtures/stage4_optional_mixed_tail/scalar_control.spl
[build] source_closure 1/1 step 1/6 +4ms dt=1ms complete
[build] load_sources 1/1 step 1/6 +5ms dt=1ms complete
[build] parse 0/1 step 1/6 +327ms dt=322ms pending
[build] parse 0/1 step 1/6 +327ms dt=0ms test/fixtures/stage4_optional_mixed_tail/scalar_control.spl
[build] parse 1/1 step 1/6 +332ms dt=5ms test/fixtures/stage4_optional_mixed_tail/scalar_control.spl
[build] surface_build 0/1 step 1/6 +332ms dt=0ms start
[build] surface_build 1/1 step 1/6 +339ms dt=7ms test/fixtures/stage4_optional_mixed_tail/scalar_control.spl
[build] surface_alias 0/1 step 1/6 +340ms dt=1ms start
[build] surface_alias 1/1 step 1/6 +340ms dt=0ms test/fixtures/stage4_optional_mixed_tail/scalar_control.spl
[build] export_origins 0/unknown step 1/6 +341ms dt=1ms start
[build] export_origins unknown/unknown step 1/6 +342ms dt=1ms complete
[build] surface_freeze 0/unknown step 1/6 +342ms dt=0ms start
[build] surface_freeze unknown/unknown step 1/6 +343ms dt=1ms complete
[build] parse 1/1 step 2/6 +344ms dt=1ms complete
[build] hir 0/1 step 2/6 +345ms dt=1ms pending
[build] hir 0/1 step 2/6 +346ms dt=1ms test.fixtures.stage4_optional_mixed_tail.scalar_control
[build] hir 1/1 step 2/6 +353ms dt=7ms test.fixtures.stage4_optional_mixed_tail.scalar_control
[WARN] any-escape pass: 0 diagnostic(s)
[WARN] enum-contract pass: 0 diagnostic(s)
[build] hir unknown/unknown step 3/6 +354ms dt=1ms complete
[mono] generic_fns=0 call_sites=0 specializations=0 unresolved=0
[build] monomorphize unknown/unknown step 4/6 +356ms dt=2ms complete
[build] mir 1/1 step 4/6 +358ms dt=2ms test.fixtures.stage4_optional_mixed_tail.scalar_control
[build] aop_weave 0/unknown step 0/1 +359ms dt=1ms all
[build] aop_weave unknown/unknown step 1/1 +360ms dt=1ms all
[DEBUG] Creating codegen adapter for backend=<enum@0x29c112e7070>
[build] native_cache 0/1 step 5/6 +1121ms dt=761ms pending
[build] native_cache 1/1 step 5/6 +1123ms dt=2ms complete
[build] native_compile 0/1 step 5/6 +1123ms dt=0ms test.fixtures.stage4_optional_mixed_tail.scalar_control
===== build outcome summary =====
OK=0
ERROR=1
CRASHED=0
TERMINATED=0
TIMEOUT=0
NOT_RUN=0
ERROR: 1 unit(s)
  - test.fixtures.stage4_optional_mixed_tail.scalar_control
      reason: AOT compile error in test.fixtures.stage4_optional_mixed_tail.scalar_control: <invalid-heap:0x29c117dfe01>
===== end build outcome summary =====

error: in-process native-build: build failed: 1 failed, 0 unverified, 0 not run, 0 ok of 1 unit(s) — ERROR: test.fixtures.stage4_optional_mixed_tail.scalar_control
