[build] load_sources unknown/unknown step 0/6 +0ms dt=0ms starting
[build] source_closure 0/1 step 0/6 +2ms dt=2ms pending
[build] source_closure 0/1 step 0/6 +2ms dt=0ms test/fixtures/stage4_optional_mixed_tail/mixed_tail.spl
[build] source_closure 1/1 step 1/6 +3ms dt=1ms complete
[build] load_sources 1/1 step 1/6 +5ms dt=2ms complete
[build] parse 0/1 step 1/6 +298ms dt=293ms pending
[build] parse 0/1 step 1/6 +299ms dt=1ms test/fixtures/stage4_optional_mixed_tail/mixed_tail.spl
[build] parse 1/1 step 1/6 +310ms dt=11ms test/fixtures/stage4_optional_mixed_tail/mixed_tail.spl
[build] surface_build 0/1 step 1/6 +310ms dt=0ms start
[build] surface_build 1/1 step 1/6 +327ms dt=17ms test/fixtures/stage4_optional_mixed_tail/mixed_tail.spl
[build] surface_alias 0/1 step 1/6 +327ms dt=0ms start
[build] surface_alias 1/1 step 1/6 +328ms dt=1ms test/fixtures/stage4_optional_mixed_tail/mixed_tail.spl
[build] export_origins 0/unknown step 1/6 +329ms dt=1ms start
[build] export_origins unknown/unknown step 1/6 +329ms dt=0ms complete
[build] surface_freeze 0/unknown step 1/6 +330ms dt=1ms start
[build] surface_freeze unknown/unknown step 1/6 +331ms dt=1ms complete
[build] parse 1/1 step 2/6 +331ms dt=0ms complete
[build] hir 0/1 step 2/6 +332ms dt=1ms pending
[build] hir 0/1 step 2/6 +333ms dt=1ms test.fixtures.stage4_optional_mixed_tail.mixed_tail
[build] hir 1/1 step 2/6 +348ms dt=15ms test.fixtures.stage4_optional_mixed_tail.mixed_tail
[WARN] any-escape pass: 0 diagnostic(s)
[WARN] enum-contract pass: 0 diagnostic(s)
[build] hir unknown/unknown step 3/6 +352ms dt=4ms complete
[mono] generic_fns=0 call_sites=0 specializations=0 unresolved=0
[build] monomorphize unknown/unknown step 4/6 +353ms dt=1ms complete
[build] mir 1/1 step 4/6 +12650ms dt=12297ms test.fixtures.stage4_optional_mixed_tail.mixed_tail
[build] aop_weave 0/unknown step 0/1 +12652ms dt=2ms all
[build] aop_weave unknown/unknown step 1/1 +12653ms dt=1ms all
[DEBUG] Creating codegen adapter for backend=<enum@0x113346403d0>
[build] native_cache 0/1 step 5/6 +13732ms dt=1079ms pending
