[build] load_sources unknown/unknown step 0/6 +0ms dt=0ms starting
[build] source_closure 0/1 step 0/6 +3ms dt=3ms pending
[build] source_closure 0/1 step 0/6 +3ms dt=0ms test/fixtures/stage4_optional_mixed_tail/optional_argument.spl
[build] source_closure 1/1 step 1/6 +4ms dt=1ms complete
[build] load_sources 1/1 step 1/6 +6ms dt=2ms complete
[build] parse 0/1 step 1/6 +445ms dt=439ms pending
[build] parse 0/1 step 1/6 +447ms dt=2ms test/fixtures/stage4_optional_mixed_tail/optional_argument.spl
[build] parse 1/1 step 1/6 +469ms dt=22ms test/fixtures/stage4_optional_mixed_tail/optional_argument.spl
[build] surface_build 0/1 step 1/6 +469ms dt=0ms start
[build] surface_build 1/1 step 1/6 +504ms dt=35ms test/fixtures/stage4_optional_mixed_tail/optional_argument.spl
[build] surface_alias 0/1 step 1/6 +508ms dt=4ms start
[build] surface_alias 1/1 step 1/6 +509ms dt=1ms test/fixtures/stage4_optional_mixed_tail/optional_argument.spl
[build] export_origins 0/unknown step 1/6 +510ms dt=1ms start
[build] export_origins unknown/unknown step 1/6 +511ms dt=1ms complete
[build] surface_freeze 0/unknown step 1/6 +511ms dt=0ms start
[build] surface_freeze unknown/unknown step 1/6 +512ms dt=1ms complete
[build] parse 1/1 step 2/6 +513ms dt=1ms complete
[build] hir 0/1 step 2/6 +513ms dt=0ms pending
[build] hir 0/1 step 2/6 +515ms dt=2ms test.fixtures.stage4_optional_mixed_tail.optional_argument
[build] hir 1/1 step 2/6 +532ms dt=17ms test.fixtures.stage4_optional_mixed_tail.optional_argument
[WARN] any-escape pass: 0 diagnostic(s)
[WARN] enum-contract pass: 0 diagnostic(s)
[build] hir unknown/unknown step 3/6 +534ms dt=2ms complete
[mono] generic_fns=0 call_sites=0 specializations=0 unresolved=0
[build] monomorphize unknown/unknown step 4/6 +536ms dt=2ms complete
