[build] load_sources unknown/unknown step 0/6 +0ms dt=0ms starting
[build] source_closure 0/1 step 0/6 +1ms dt=1ms pending
[build] source_closure 0/1 step 0/6 +1ms dt=0ms test/fixtures/stage4_optional_mixed_tail/scalar_control.spl
[build] source_closure 1/1 step 1/6 +2ms dt=1ms complete
[build] load_sources 1/1 step 1/6 +2ms dt=0ms complete
[build] parse 0/1 step 1/6 +286ms dt=284ms pending
[build] parse 0/1 step 1/6 +287ms dt=1ms test/fixtures/stage4_optional_mixed_tail/scalar_control.spl
[build] parse 1/1 step 1/6 +289ms dt=2ms test/fixtures/stage4_optional_mixed_tail/scalar_control.spl
[build] surface_build 0/1 step 1/6 +290ms dt=1ms start
[build] surface_build 1/1 step 1/6 +297ms dt=7ms test/fixtures/stage4_optional_mixed_tail/scalar_control.spl
[build] surface_alias 0/1 step 1/6 +299ms dt=2ms start
[build] surface_alias 1/1 step 1/6 +300ms dt=1ms test/fixtures/stage4_optional_mixed_tail/scalar_control.spl
[build] export_origins 0/unknown step 1/6 +301ms dt=1ms start
[build] export_origins unknown/unknown step 1/6 +303ms dt=2ms complete
[build] surface_freeze 0/unknown step 1/6 +304ms dt=1ms start
[build] surface_freeze unknown/unknown step 1/6 +304ms dt=0ms complete
[build] parse 1/1 step 2/6 +305ms dt=1ms complete
[build] hir 0/1 step 2/6 +306ms dt=1ms pending
[build] hir 0/1 step 2/6 +307ms dt=1ms test.fixtures.stage4_optional_mixed_tail.scalar_control
[build] hir 1/1 step 2/6 +314ms dt=7ms test.fixtures.stage4_optional_mixed_tail.scalar_control
[WARN] any-escape pass: 0 diagnostic(s)
[WARN] enum-contract pass: 0 diagnostic(s)
[build] hir unknown/unknown step 3/6 +315ms dt=1ms complete
[mono] generic_fns=0 call_sites=0 specializations=0 unresolved=0
[build] monomorphize unknown/unknown step 4/6 +316ms dt=1ms complete
[build] mir 1/1 step 4/6 +11907ms dt=11591ms test.fixtures.stage4_optional_mixed_tail.scalar_control
[build] aop_weave 0/unknown step 0/1 +11934ms dt=27ms all
[build] aop_weave unknown/unknown step 1/1 +11935ms dt=1ms all
[DEBUG] Creating codegen adapter for backend=<enum@0x2352ad9acd0>
[build] native_cache 0/1 step 5/6 +13187ms dt=1252ms pending
