[build] load_sources unknown/unknown step 0/6 +0ms dt=0ms starting
[build] source_closure 0/1 step 0/6 +1ms dt=1ms pending
[build] source_closure 0/1 step 0/6 +2ms dt=1ms .simple/stage2-empty-mir-evidence/method_len.spl
[build] source_closure 1/1 step 1/6 +3ms dt=1ms complete
[build] load_sources 1/1 step 1/6 +4ms dt=1ms complete
[build] parse 0/1 step 1/6 +431ms dt=427ms pending
[build] parse 0/1 step 1/6 +432ms dt=1ms .simple/stage2-empty-mir-evidence/method_len.spl
[build] parse 1/1 step 1/6 +434ms dt=2ms .simple/stage2-empty-mir-evidence/method_len.spl
[build] surface_build 0/1 step 1/6 +434ms dt=0ms start
[build] surface_build 1/1 step 1/6 +439ms dt=5ms .simple/stage2-empty-mir-evidence/method_len.spl
[build] surface_alias 0/1 step 1/6 +440ms dt=1ms start
[build] surface_alias 1/1 step 1/6 +441ms dt=1ms .simple/stage2-empty-mir-evidence/method_len.spl
[build] export_origins 0/unknown step 1/6 +442ms dt=1ms start
[build] export_origins unknown/unknown step 1/6 +443ms dt=1ms complete
[build] surface_freeze 0/unknown step 1/6 +443ms dt=0ms start
[build] surface_freeze unknown/unknown step 1/6 +444ms dt=1ms complete
[build] parse 1/1 step 2/6 +445ms dt=1ms complete
[build] hir 0/1 step 2/6 +446ms dt=1ms pending
[build] hir 0/1 step 2/6 +447ms dt=1ms .simple.stage2_empty_mir_evidence.method_len
[build] hir 1/1 step 2/6 +452ms dt=5ms .simple.stage2_empty_mir_evidence.method_len
[WARN] any-escape pass: 0 diagnostic(s)
[WARN] enum-contract pass: 0 diagnostic(s)
[build] hir unknown/unknown step 3/6 +454ms dt=2ms complete
[mono] generic_fns=0 call_sites=0 specializations=0 unresolved=0
[build] monomorphize unknown/unknown step 4/6 +455ms dt=1ms complete
MIRB begin main post-reset blocks=0 locals=0
[build] mir 1/1 step 4/6 +15132ms dt=14677ms .simple.stage2_empty_mir_evidence.method_len
[build] aop_weave 0/unknown step 0/1 +15133ms dt=1ms all
[build] aop_weave unknown/unknown step 1/1 +15134ms dt=1ms all
[DEBUG] Creating codegen adapter for backend=<enum@0x1bc5257ffc0>
[build] native_cache 0/1 step 5/6 +16230ms dt=1096ms pending
[build] native_cache 1/1 step 5/6 +16277ms dt=47ms complete
[build] native_compile 0/1 step 5/6 +16327ms dt=50ms .simple.stage2_empty_mir_evidence.method_len
===== build outcome summary =====
OK=0
ERROR=1
CRASHED=0
TERMINATED=0
TIMEOUT=0
NOT_RUN=0
ERROR: 1 unit(s)
  - .simple.stage2_empty_mir_evidence.method_len
      reason: AOT compile error in .simple.stage2_empty_mir_evidence.method_len: <invalid-heap:0x1bc52a19211>
===== end build outcome summary =====

error: in-process native-build: build failed: 1 failed, 0 unverified, 0 not run, 0 ok of 1 unit(s) — ERROR: .simple.stage2_empty_mir_evidence.method_len
