[bootstrap-error-count] source_idx=0 point=entry count=0
[bootstrap-error-count] source_idx=0 point=post-lowering count=0
[bootstrap-error-count] source_idx=0 point=post-diagnostics count=0
[bootstrap-error-count] source_idx=0 point=post-store count=0
[mir-lower-type-probe] seq=1 fn=main disc=406810393 kindzero=false kindnil=false

[mir-lower-stmt-probe] stmt=0 fn=main kind_disc=4119164143

[mir-lower-expr] method-dispatch-before method=len

[mir-method-call] start method=len argc=0

[mir-method-call] result-types method=len

[mir-method-call] static-owner method=len

[mir-method-call] option-probe method=len

[mir-method-call] predicate-owner method=len

[mir-method-call] chr-owner method=len

[mir-method-call] option-dispatch method=len

[mir-method-call] enum-owner method=len

[mir-method-call] gpu-owner method=len

[mir-method-call] receiver-type method=len

[mir-lower-expr] method-dispatch-after method=len id=1

[mir-lower-expr] impl-return method=len id=1

[mir-lower-expr] span-builder-read method=len

[mir-lower-expr] span-restored-local method=len

[mir-lower-expr] span-builder-written method=len id=1

MIRB finalize pending_len=2 is_empty=false block=0

MIRB finalize FELL-THROUGH pending_len=2

MIRB finalize pending_len=0 is_empty=true block=0

MIRB finalize early-return-taken

MIRB end main blocks=1 b0_insts=2 locals=2

