[build] load_sources unknown/unknown step 0/6 +0ms dt=0ms starting
[build] source_closure 0/1 step 0/6 +1ms dt=1ms pending
[build] source_closure 0/1 step 0/6 +2ms dt=1ms .simple/stage2-empty-mir-evidence/return7.spl
[build] source_closure 1/1 step 1/6 +2ms dt=0ms complete
[build] load_sources 1/1 step 1/6 +3ms dt=1ms complete
[build] parse 0/1 step 1/6 +309ms dt=306ms pending
[build] parse 0/1 step 1/6 +310ms dt=1ms .simple/stage2-empty-mir-evidence/return7.spl
[build] parse 1/1 step 1/6 +311ms dt=1ms .simple/stage2-empty-mir-evidence/return7.spl
[build] surface_build 0/1 step 1/6 +311ms dt=0ms start
[build] surface_build 1/1 step 1/6 +315ms dt=4ms .simple/stage2-empty-mir-evidence/return7.spl
[build] surface_alias 0/1 step 1/6 +315ms dt=0ms start
[build] surface_alias 1/1 step 1/6 +316ms dt=1ms .simple/stage2-empty-mir-evidence/return7.spl
[build] export_origins 0/unknown step 1/6 +317ms dt=1ms start
[build] export_origins unknown/unknown step 1/6 +317ms dt=0ms complete
[build] surface_freeze 0/unknown step 1/6 +318ms dt=1ms start
[build] surface_freeze unknown/unknown step 1/6 +318ms dt=0ms complete
[build] parse 1/1 step 2/6 +319ms dt=1ms complete
[build] hir 0/1 step 2/6 +320ms dt=1ms pending
[build] hir 0/1 step 2/6 +321ms dt=1ms .simple.stage2_empty_mir_evidence.return7
[build] hir 1/1 step 2/6 +323ms dt=2ms .simple.stage2_empty_mir_evidence.return7
[WARN] any-escape pass: 0 diagnostic(s)
[WARN] enum-contract pass: 0 diagnostic(s)
[build] hir unknown/unknown step 3/6 +324ms dt=1ms complete
[mono] generic_fns=0 call_sites=0 specializations=0 unresolved=0
[build] monomorphize unknown/unknown step 4/6 +325ms dt=1ms complete
MIRB begin main post-reset blocks=0 locals=0
[mir-lower-expr] int:start
[mir-lower-expr] int:builder
[mir-lower-expr] int:emitted
[mir-lower-expr] int:done
[build] mir 1/1 step 4/6 +331ms dt=6ms .simple.stage2_empty_mir_evidence.return7
[build] aop_weave 0/unknown step 0/1 +332ms dt=1ms all
[build] aop_weave unknown/unknown step 1/1 +333ms dt=1ms all
[DEBUG] Creating codegen adapter for backend=<enum@0x20948c5acd0>
[build] native_cache 0/1 step 5/6 +1218ms dt=885ms pending
[build] native_cache 1/1 step 5/6 +1219ms dt=1ms complete
[build] native_compile 0/1 step 5/6 +1219ms dt=0ms .simple.stage2_empty_mir_evidence.return7
===== build outcome summary =====
OK=0
ERROR=1
CRASHED=0
TERMINATED=0
TIMEOUT=0
NOT_RUN=0
ERROR: 1 unit(s)
  - .simple.stage2_empty_mir_evidence.return7
      reason: AOT compile error in .simple.stage2_empty_mir_evidence.return7: <invalid-heap:0x2094906aba1>
===== end build outcome summary =====

error: in-process native-build: build failed: 1 failed, 0 unverified, 0 not run, 0 ok of 1 unit(s) — ERROR: .simple.stage2_empty_mir_evidence.return7
