[build] load_sources unknown/unknown step 0/6 +0ms dt=0ms starting
[build] source_closure 0/1 step 0/6 +1ms dt=1ms pending
[build] source_closure 0/1 step 0/6 +1ms dt=0ms .simple/stage2-empty-mir-evidence/return7.spl
[build] source_closure 1/1 step 1/6 +2ms dt=1ms complete
[build] load_sources 1/1 step 1/6 +3ms dt=1ms complete
[build] parse 0/1 step 1/6 +358ms dt=355ms pending
[build] parse 0/1 step 1/6 +359ms dt=1ms .simple/stage2-empty-mir-evidence/return7.spl
[build] parse 1/1 step 1/6 +361ms dt=2ms .simple/stage2-empty-mir-evidence/return7.spl
[build] surface_build 0/1 step 1/6 +362ms dt=1ms start
[build] surface_build 1/1 step 1/6 +368ms dt=6ms .simple/stage2-empty-mir-evidence/return7.spl
[build] surface_alias 0/1 step 1/6 +369ms dt=1ms start
[build] surface_alias 1/1 step 1/6 +370ms dt=1ms .simple/stage2-empty-mir-evidence/return7.spl
[build] export_origins 0/unknown step 1/6 +371ms dt=1ms start
[build] export_origins unknown/unknown step 1/6 +371ms dt=0ms complete
[build] surface_freeze 0/unknown step 1/6 +372ms dt=1ms start
[build] surface_freeze unknown/unknown step 1/6 +373ms dt=1ms complete
[build] parse 1/1 step 2/6 +373ms dt=0ms complete
[build] hir 0/1 step 2/6 +374ms dt=1ms pending
[build] hir 0/1 step 2/6 +375ms dt=1ms .simple.stage2_empty_mir_evidence.return7
[build] hir 1/1 step 2/6 +386ms dt=11ms .simple.stage2_empty_mir_evidence.return7
[WARN] any-escape pass: 0 diagnostic(s)
[WARN] enum-contract pass: 0 diagnostic(s)
[build] hir unknown/unknown step 3/6 +388ms dt=2ms complete
[mono] generic_fns=0 call_sites=0 specializations=0 unresolved=0
[build] monomorphize unknown/unknown step 4/6 +389ms dt=1ms complete
MIRB begin main post-reset blocks=0 locals=0
[mir-lower-expr] int:start
[mir-lower-expr] int:builder
[mir-lower-expr] int:emitted
[mir-lower-expr] int:done
[build] mir 1/1 step 4/6 +27052ms dt=26663ms .simple.stage2_empty_mir_evidence.return7
[build] aop_weave 0/unknown step 0/1 +27054ms dt=2ms all
[build] aop_weave unknown/unknown step 1/1 +27054ms dt=0ms all
[DEBUG] Creating codegen adapter for backend=<enum@0x1b966cef2e0>
[build] native_cache 0/1 step 5/6 +27977ms dt=923ms pending
[build] native_cache 1/1 step 5/6 +27979ms dt=2ms complete
[build] native_compile 0/1 step 5/6 +27980ms dt=1ms .simple.stage2_empty_mir_evidence.return7
===== build outcome summary =====
OK=0
ERROR=1
CRASHED=0
TERMINATED=0
TIMEOUT=0
NOT_RUN=0
ERROR: 1 unit(s)
  - .simple.stage2_empty_mir_evidence.return7
      reason: AOT compile error in .simple.stage2_empty_mir_evidence.return7: <invalid-heap:0x1b968e677d1>
===== end build outcome summary =====

error: in-process native-build: build failed: 1 failed, 0 unverified, 0 not run, 0 ok of 1 unit(s) — ERROR: .simple.stage2_empty_mir_evidence.return7
