selftest: 5 fixture(s) OK
SCV-MIG-01: rc=0 verdict=PASS — test/integration/app/scv_changeid_spec.spl: Results: 4 total, 4 passed, 0 failed
SCV-MIG-02: rc=0 verdict=PASS — test/integration/app/scv_checkpoint_spec.spl: Results: 4 total, 4 passed, 0 failed
SCV-MIG-03: rc=0 verdict=PASS — test/integration/app/scv_doctor_spec.spl: Results: 4 total, 4 passed, 0 failed
SCV-MIG-04: rc=0 verdict=PASS — test/integration/app/scv_verify_backends_spec.spl: Results: 3 total, 3 passed, 0 failed
SCV-MIG-05: rc=0 verdict=PASS — test/integration/app/scv_fault_injection_spec.spl: Results: 5 total, 5 passed, 0 failed
SCV-MIG-06: rc=0 verdict=PASS — scripts/check/check-scv-mission-critical.shs: PASS — 0 file(s) linted, 4 bound(s) verified (lint sweep skipped; run with --lint)
SCV-MIG-07: rc=0 verdict=PASS — scripts/check/check-scv-migration-todo.shs verified by scripts/trust/verify-script.shs: PASS — 1 file(s) verified
SCV-MIG-08: rc=0 verdict=PASS — checker selftest [PASS — 5 selftest fixture(s) checked, 0 failed]; timer [PASS — installed (systemd --user timer scv-migration-check.timer, interval unknown)]
2026-08-25T11:18:52Z PASS — 8 step(s) checked, 8 done, 0 active, 0 blocked
PASS — 8 step(s) checked, 8 done, 0 active, 0 blocked
2026-08-25T11:18:56Z PASS — 8 step(s) checked, 8 done, 0 active, 0 blocked
selftest: 6 fixture(s) OK
2026-08-25T12:19:29Z PASS — 0 step(s) due, nothing to do (8 done, 17 pending)
PASS — 0 step(s) due, nothing to do (8 done, 17 pending)
2026-09-01T00:00:00Z PASS — 0 step(s) due, nothing to do (8 done, 17 pending)
2026-09-01T00:00:00Z PASS — 14 step(s) checked, 14 done, 0 active, 0 blocked
selftest: 6 fixture(s) OK
2026-08-25T13:20:29Z PASS — 0 step(s) due, nothing to do (14 done, 11 pending)
PASS — 0 step(s) due, nothing to do (14 done, 11 pending)
2026-09-08T00:00:00Z PASS — 20 step(s) checked, 18 done, 2 active, 0 blocked
selftest: 6 fixture(s) OK
2026-08-25T14:21:29Z PASS — 0 step(s) due, nothing to do (18 done, 7 pending)
PASS — 0 step(s) due, nothing to do (18 done, 7 pending)
2026-09-08T00:00:00Z PASS — 20 step(s) checked, 19 done, 1 active, 0 blocked
2026-09-08T00:00:00Z PASS — 20 step(s) checked, 20 done, 0 active, 0 blocked
