WARNING: this Rust-built Simple binary is a bootstrap seed only; do not use it as the normal tool.
Build and use the pure-Simple bin/simple instead.
A:entry
A:trip verdict=false errors=1
A:entry
A:past-guard
A:notrip verdict=true errors=0
B:entry
B:after-initializer digest=digest-on
B:enabled returned=digest-on
B:entry
B:after-initializer digest=
B:disabled returned=
C:entry
C:mode-on
C:after
C:done
C:entry
C:mode-off
C:after
C:done
C:entry
C:mode-off
C:after
C:done
D:entry
D:bad verdict=false errors=1
D:entry
D:past-unsafe
D:good verdict=true errors=0
E:local len=0 is_empty=true
E:field len=0 is_empty=true
E:field1 len=1 is_empty=false
FIXTURE:end
