gtk_render_status=ok
gtk_render_iterations=20
gtk_open_total_us=145190
gtk_widget_total_us=992
	Command being timed: "build/gui_perf_current/gtk_size_speed/gtk_gui_baseline"
	User time (seconds): 0.07
	System time (seconds): 0.05
	Percent of CPU this job got: 73%
	Elapsed (wall clock) time (h:mm:ss or m:ss): 0:00.17
	Average shared text size (kbytes): 0
	Average unshared data size (kbytes): 0
	Average stack size (kbytes): 0
	Average total size (kbytes): 0
	Maximum resident set size (kbytes): 79360
	Average resident set size (kbytes): 0
	Major (requiring I/O) page faults: 0
	Minor (reclaiming a frame) page faults: 5355
	Voluntary context switches: 57
	Involuntary context switches: 94
	Swaps: 0
	File system inputs: 0
	File system outputs: 8
	Socket messages sent: 0
	Socket messages received: 0
	Signals delivered: 0
	Page size (bytes): 4096
	Exit status: 0
