#-----------------------------------------------------------
# Vivado v2025.2 (64-bit)
# SW Build 6299465 on Fri Nov 14 12:34:56 MST 2025
# IP Build 6300035 on Fri Nov 14 10:48:45 MST 2025
# SharedData Build 6298862 on Thu Nov 13 04:50:51 MST 2025
# Start of session at: Tue May  5 21:59:35 2026
# Process ID         : 120142
# Current directory  : /home/ormastes/dev/pub/simple/examples/09_embedded/fpga_riscv
# Command line       : vivado -mode batch -source build_mlk_s02_100t_addition_uart_assumed.tcl
# Log file           : /home/ormastes/dev/pub/simple/examples/09_embedded/fpga_riscv/vivado.log
# Journal file       : /home/ormastes/dev/pub/simple/examples/09_embedded/fpga_riscv/vivado.jou
# Running On         : dl
# Platform           : Ubuntu
# Operating System   : Ubuntu 24.04.4 LTS
# Processor Detail   : AMD Ryzen Threadripper 1950X 16-Core Processor
# CPU Frequency      : 2010.707 MHz
# CPU Physical cores : 16
# CPU Logical cores  : 32
# Host memory        : 134896 MB
# Swap memory        : 8589 MB
# Total Virtual      : 143486 MB
# Available Virtual  : 135190 MB
#-----------------------------------------------------------
source build_mlk_s02_100t_addition_uart_assumed.tcl
